###############################################################################
#
# IAR ELF Linker V9.40.1.364/W64 for ARM                  24/Sep/2026  18:43:24
# Copyright 2007-2023 IAR Systems AB.
#
#    Output file  =
#        D:\Project\Code\CYT4BB7\M-Car-Project\project\iar\project_config\Debug_m7_0\Exe\cyt4bb7_cm_7_0.out
#    Map file     =
#        D:\Project\Code\CYT4BB7\M-Car-Project\project\iar\Debug_m7_0\List\cyt4bb7_cm_7_0.map
#    Command line =
#        -f
#        D:\Project\Code\CYT4BB7\M-Car-Project\project\iar\project_config\Debug_m7_0\Exe\cyt4bb7_cm_7_0.out.rsp
#        (D:\Project\Code\CYT4BB7\M-Car-Project\project\iar\Debug_m7_0\Obj\user_8514941877209965082.dir\cm7_0_isr.o
#        D:\Project\Code\CYT4BB7\M-Car-Project\project\iar\Debug_m7_0\Obj\adc_11722776235721520015.dir\cy_adc.o
#        D:\Project\Code\CYT4BB7\M-Car-Project\project\iar\Debug_m7_0\Obj\button_4990804375159372270.dir\cy_button.o
#        D:\Project\Code\CYT4BB7\M-Car-Project\project\iar\Debug_m7_0\Obj\canfd_1800690984773873875.dir\cy_canfd.o
#        D:\Project\Code\CYT4BB7\M-Car-Project\project\iar\Debug_m7_0\Obj\cpu_15938736945165268644.dir\cy_cpu.o
#        D:\Project\Code\CYT4BB7\M-Car-Project\project\iar\Debug_m7_0\Obj\crypto_1190170608956581615.dir\cy_crypto_config.o
#        D:\Project\Code\CYT4BB7\M-Car-Project\project\iar\Debug_m7_0\Obj\eth_phy_18133017486186456677.dir\cy_dp83867.o
#        D:\Project\Code\CYT4BB7\M-Car-Project\project\iar\Debug_m7_0\Obj\ethernet_6029839089178797009.dir\cy_ethif.o
#        D:\Project\Code\CYT4BB7\M-Car-Project\project\iar\Debug_m7_0\Obj\evtgen_3404189088603873129.dir\cy_evtgen.o
#        D:\Project\Code\CYT4BB7\M-Car-Project\project\iar\Debug_m7_0\Obj\flash_8529866181315662935.dir\cy_flash.o
#        D:\Project\Code\CYT4BB7\M-Car-Project\project\iar\Debug_m7_0\Obj\gpio_3999404635324069351.dir\cy_gpio.o
#        D:\Project\Code\CYT4BB7\M-Car-Project\project\iar\Debug_m7_0\Obj\audioss_1346650047966882938.dir\cy_i2s.o
#        D:\Project\Code\CYT4BB7\M-Car-Project\project\iar\Debug_m7_0\Obj\rev_b_6162237342861132223.dir\cy_interrupt_map.o
#        D:\Project\Code\CYT4BB7\M-Car-Project\project\iar\Debug_m7_0\Obj\ipc_10145506163450686023.dir\cy_ipc_drv.o
#        D:\Project\Code\CYT4BB7\M-Car-Project\project\iar\Debug_m7_0\Obj\ipc_10145506163450686023.dir\cy_ipc_pipe.o
#        D:\Project\Code\CYT4BB7\M-Car-Project\project\iar\Debug_m7_0\Obj\ipc_10145506163450686023.dir\cy_ipc_sema.o
#        D:\Project\Code\CYT4BB7\M-Car-Project\project\iar\Debug_m7_0\Obj\lin_18429031207028094880.dir\cy_lin.o
#        D:\Project\Code\CYT4BB7\M-Car-Project\project\iar\Debug_m7_0\Obj\lvd_6353935867039560245.dir\cy_lvd.o
#        D:\Project\Code\CYT4BB7\M-Car-Project\project\iar\Debug_m7_0\Obj\mcwdt_4052485907822033969.dir\cy_mcwdt.o
#        D:\Project\Code\CYT4BB7\M-Car-Project\project\iar\Debug_m7_0\Obj\dma_12106025507578611576.dir\cy_mdma.o
#        D:\Project\Code\CYT4BB7\M-Car-Project\project\iar\Debug_m7_0\Obj\mpu_5663187252346826382.dir\cy_mpu.o
#        D:\Project\Code\CYT4BB7\M-Car-Project\project\iar\Debug_m7_0\Obj\flash_864493325053435817.dir\cy_mw_flash.o
#        D:\Project\Code\CYT4BB7\M-Car-Project\project\iar\Debug_m7_0\Obj\dma_12106025507578611576.dir\cy_pdma.o
#        D:\Project\Code\CYT4BB7\M-Car-Project\project\iar\Debug_m7_0\Obj\power_14453085144426420577.dir\cy_power.o
#        D:\Project\Code\CYT4BB7\M-Car-Project\project\iar\Debug_m7_0\Obj\prot_10722960861768657883.dir\cy_prot.o
#        D:\Project\Code\CYT4BB7\M-Car-Project\project\iar\Debug_m7_0\Obj\scb_15490842639181808494.dir\cy_scb_common.o
#        D:\Project\Code\CYT4BB7\M-Car-Project\project\iar\Debug_m7_0\Obj\scb_15490842639181808494.dir\cy_scb_ezi2c.o
#        D:\Project\Code\CYT4BB7\M-Car-Project\project\iar\Debug_m7_0\Obj\scb_15490842639181808494.dir\cy_scb_i2c.o
#        D:\Project\Code\CYT4BB7\M-Car-Project\project\iar\Debug_m7_0\Obj\scb_15490842639181808494.dir\cy_scb_spi.o
#        D:\Project\Code\CYT4BB7\M-Car-Project\project\iar\Debug_m7_0\Obj\scb_15490842639181808494.dir\cy_scb_uart.o
#        D:\Project\Code\CYT4BB7\M-Car-Project\project\iar\Debug_m7_0\Obj\sd_host_2982766354293506895.dir\cy_sd_host.o
#        D:\Project\Code\CYT4BB7\M-Car-Project\project\iar\Debug_m7_0\Obj\semihosting_143864889731838620.dir\cy_semihosting.o
#        D:\Project\Code\CYT4BB7\M-Car-Project\project\iar\Debug_m7_0\Obj\smartio_5451710003740070188.dir\cy_smartio.o
#        D:\Project\Code\CYT4BB7\M-Car-Project\project\iar\Debug_m7_0\Obj\smif_427648126384146252.dir\cy_smif.o
#        D:\Project\Code\CYT4BB7\M-Car-Project\project\iar\Debug_m7_0\Obj\smif_mem_6470536964353725183.dir\cy_smif_device_common.o
#        D:\Project\Code\CYT4BB7\M-Car-Project\project\iar\Debug_m7_0\Obj\smif_mem_6470536964353725183.dir\cy_smif_hb_flash.o
#        D:\Project\Code\CYT4BB7\M-Car-Project\project\iar\Debug_m7_0\Obj\smif_427648126384146252.dir\cy_smif_memslot.o
#        D:\Project\Code\CYT4BB7\M-Car-Project\project\iar\Debug_m7_0\Obj\smif_mem_6470536964353725183.dir\cy_smif_s25fl.o
#        D:\Project\Code\CYT4BB7\M-Car-Project\project\iar\Debug_m7_0\Obj\smif_mem_6470536964353725183.dir\cy_smif_s25fs.o
#        D:\Project\Code\CYT4BB7\M-Car-Project\project\iar\Debug_m7_0\Obj\smif_mem_6470536964353725183.dir\cy_smif_semp.o
#        D:\Project\Code\CYT4BB7\M-Car-Project\project\iar\Debug_m7_0\Obj\smif_427648126384146252.dir\cy_smif_ver_specific.o
#        D:\Project\Code\CYT4BB7\M-Car-Project\project\iar\Debug_m7_0\Obj\srom_13018798572330080582.dir\cy_srom.o
#        D:\Project\Code\CYT4BB7\M-Car-Project\project\iar\Debug_m7_0\Obj\sw_timer_4215635015939382130.dir\cy_sw_tmr.o
#        D:\Project\Code\CYT4BB7\M-Car-Project\project\iar\Debug_m7_0\Obj\sysclk_16149231235676103872.dir\cy_sysclk.o
#        D:\Project\Code\CYT4BB7\M-Car-Project\project\iar\Debug_m7_0\Obj\sysflt_12293435975120599261.dir\cy_sysflt.o
#        D:\Project\Code\CYT4BB7\M-Car-Project\project\iar\Debug_m7_0\Obj\sysint_7435970359207984181.dir\cy_sysint.o
#        D:\Project\Code\CYT4BB7\M-Car-Project\project\iar\Debug_m7_0\Obj\syslib_16330585751512546975.dir\cy_syslib.o
#        D:\Project\Code\CYT4BB7\M-Car-Project\project\iar\Debug_m7_0\Obj\syslib_16330585751512546975.dir\cy_syslib_iar.o
#        D:\Project\Code\CYT4BB7\M-Car-Project\project\iar\Debug_m7_0\Obj\syspm_10887939769544754770.dir\cy_syspm.o
#        D:\Project\Code\CYT4BB7\M-Car-Project\project\iar\Debug_m7_0\Obj\sysreghc_17676636058511625587.dir\cy_sysreghc.o
#        D:\Project\Code\CYT4BB7\M-Car-Project\project\iar\Debug_m7_0\Obj\sysreset_14586141425677365288.dir\cy_sysreset.o
#        D:\Project\Code\CYT4BB7\M-Car-Project\project\iar\Debug_m7_0\Obj\sysrtc_10747768817563771611.dir\cy_sysrtc.o
#        D:\Project\Code\CYT4BB7\M-Car-Project\project\iar\Debug_m7_0\Obj\systick_16016591671695740695.dir\cy_systick.o
#        D:\Project\Code\CYT4BB7\M-Car-Project\project\iar\Debug_m7_0\Obj\syswdt_9118657615806274156.dir\cy_syswdt.o
#        D:\Project\Code\CYT4BB7\M-Car-Project\project\iar\Debug_m7_0\Obj\tcpwm_422923530147891246.dir\cy_tcpwm.o
#        D:\Project\Code\CYT4BB7\M-Car-Project\project\iar\Debug_m7_0\Obj\tcpwm_422923530147891246.dir\cy_tcpwm_counter.o
#        D:\Project\Code\CYT4BB7\M-Car-Project\project\iar\Debug_m7_0\Obj\tcpwm_422923530147891246.dir\cy_tcpwm_pwm.o
#        D:\Project\Code\CYT4BB7\M-Car-Project\project\iar\Debug_m7_0\Obj\tcpwm_422923530147891246.dir\cy_tcpwm_quaddec.o
#        D:\Project\Code\CYT4BB7\M-Car-Project\project\iar\Debug_m7_0\Obj\tcpwm_422923530147891246.dir\cy_tcpwm_sr.o
#        D:\Project\Code\CYT4BB7\M-Car-Project\project\iar\Debug_m7_0\Obj\trigmux_9729677290734583340.dir\cy_trigmux.o
#        D:\Project\Code\CYT4BB7\M-Car-Project\project\iar\Debug_m7_0\Obj\code_17896468042025673432.dir\Debug.o
#        D:\Project\Code\CYT4BB7\M-Car-Project\project\iar\Debug_m7_0\Obj\ethernet_6029839089178797009.dir\edd.o
#        D:\Project\Code\CYT4BB7\M-Car-Project\project\iar\Debug_m7_0\Obj\ethernet_6029839089178797009.dir\edd_rx.o
#        D:\Project\Code\CYT4BB7\M-Car-Project\project\iar\Debug_m7_0\Obj\ethernet_6029839089178797009.dir\edd_tx.o
#        D:\Project\Code\CYT4BB7\M-Car-Project\project\iar\Debug_m7_0\Obj\user_8514941877209965082.dir\main_cm7_0.o
#        D:\Project\Code\CYT4BB7\M-Car-Project\project\iar\Debug_m7_0\Obj\code_17896468042025673432.dir\Menu.o
#        D:\Project\Code\CYT4BB7\M-Car-Project\project\iar\Debug_m7_0\Obj\code_17896468042025673432.dir\Motor.o
#        D:\Project\Code\CYT4BB7\M-Car-Project\project\iar\Debug_m7_0\Obj\zf_components_14936052685886095442.dir\seekfree_assistant.o
#        D:\Project\Code\CYT4BB7\M-Car-Project\project\iar\Debug_m7_0\Obj\zf_components_14936052685886095442.dir\seekfree_assistant_interface.o
#        D:\Project\Code\CYT4BB7\M-Car-Project\project\iar\Debug_m7_0\Obj\startup_479057977785470282.dir\startup.o
#        D:\Project\Code\CYT4BB7\M-Car-Project\project\iar\Debug_m7_0\Obj\startup_479057977785470282.dir\startup_cm7.o
#        D:\Project\Code\CYT4BB7\M-Car-Project\project\iar\Debug_m7_0\Obj\rev_b_4986922561640112550.dir\system_tviibh4m_cm7.o
#        D:\Project\Code\CYT4BB7\M-Car-Project\project\iar\Debug_m7_0\Obj\zf_common_1201165462030747823.dir\zf_common_clock.o
#        D:\Project\Code\CYT4BB7\M-Car-Project\project\iar\Debug_m7_0\Obj\zf_common_1201165462030747823.dir\zf_common_debug.o
#        D:\Project\Code\CYT4BB7\M-Car-Project\project\iar\Debug_m7_0\Obj\zf_common_1201165462030747823.dir\zf_common_fifo.o
#        D:\Project\Code\CYT4BB7\M-Car-Project\project\iar\Debug_m7_0\Obj\zf_common_1201165462030747823.dir\zf_common_font.o
#        D:\Project\Code\CYT4BB7\M-Car-Project\project\iar\Debug_m7_0\Obj\zf_common_1201165462030747823.dir\zf_common_function.o
#        D:\Project\Code\CYT4BB7\M-Car-Project\project\iar\Debug_m7_0\Obj\zf_common_1201165462030747823.dir\zf_common_interrupt.o
#        D:\Project\Code\CYT4BB7\M-Car-Project\project\iar\Debug_m7_0\Obj\zf_device_6570275422786408770.dir\zf_device_ble6a20.o
#        D:\Project\Code\CYT4BB7\M-Car-Project\project\iar\Debug_m7_0\Obj\zf_device_6570275422786408770.dir\zf_device_dl1a.o
#        D:\Project\Code\CYT4BB7\M-Car-Project\project\iar\Debug_m7_0\Obj\zf_device_6570275422786408770.dir\zf_device_dl1b.o
#        D:\Project\Code\CYT4BB7\M-Car-Project\project\iar\Debug_m7_0\Obj\zf_device_6570275422786408770.dir\zf_device_gnss.o
#        D:\Project\Code\CYT4BB7\M-Car-Project\project\iar\Debug_m7_0\Obj\zf_device_6570275422786408770.dir\zf_device_icm20602.o
#        D:\Project\Code\CYT4BB7\M-Car-Project\project\iar\Debug_m7_0\Obj\zf_device_6570275422786408770.dir\zf_device_imu660ra.o
#        D:\Project\Code\CYT4BB7\M-Car-Project\project\iar\Debug_m7_0\Obj\zf_device_6570275422786408770.dir\zf_device_imu660rb.o
#        D:\Project\Code\CYT4BB7\M-Car-Project\project\iar\Debug_m7_0\Obj\zf_device_6570275422786408770.dir\zf_device_imu660rc.o
#        D:\Project\Code\CYT4BB7\M-Car-Project\project\iar\Debug_m7_0\Obj\zf_device_6570275422786408770.dir\zf_device_imu963ra.o
#        D:\Project\Code\CYT4BB7\M-Car-Project\project\iar\Debug_m7_0\Obj\zf_device_6570275422786408770.dir\zf_device_ips114.o
#        D:\Project\Code\CYT4BB7\M-Car-Project\project\iar\Debug_m7_0\Obj\zf_device_6570275422786408770.dir\zf_device_ips200.o
#        D:\Project\Code\CYT4BB7\M-Car-Project\project\iar\Debug_m7_0\Obj\zf_device_6570275422786408770.dir\zf_device_ips200pro.o
#        D:\Project\Code\CYT4BB7\M-Car-Project\project\iar\Debug_m7_0\Obj\zf_device_6570275422786408770.dir\zf_device_key.o
#        D:\Project\Code\CYT4BB7\M-Car-Project\project\iar\Debug_m7_0\Obj\zf_device_6570275422786408770.dir\zf_device_lora3a22.o
#        D:\Project\Code\CYT4BB7\M-Car-Project\project\iar\Debug_m7_0\Obj\zf_device_6570275422786408770.dir\zf_device_menc15a.o
#        D:\Project\Code\CYT4BB7\M-Car-Project\project\iar\Debug_m7_0\Obj\zf_device_6570275422786408770.dir\zf_device_mt9v03x.o
#        D:\Project\Code\CYT4BB7\M-Car-Project\project\iar\Debug_m7_0\Obj\zf_device_6570275422786408770.dir\zf_device_oled.o
#        D:\Project\Code\CYT4BB7\M-Car-Project\project\iar\Debug_m7_0\Obj\zf_device_6570275422786408770.dir\zf_device_pmw3901.o
#        D:\Project\Code\CYT4BB7\M-Car-Project\project\iar\Debug_m7_0\Obj\zf_device_6570275422786408770.dir\zf_device_tft180.o
#        D:\Project\Code\CYT4BB7\M-Car-Project\project\iar\Debug_m7_0\Obj\zf_device_6570275422786408770.dir\zf_device_tsl1401.o
#        D:\Project\Code\CYT4BB7\M-Car-Project\project\iar\Debug_m7_0\Obj\zf_device_6570275422786408770.dir\zf_device_type.o
#        D:\Project\Code\CYT4BB7\M-Car-Project\project\iar\Debug_m7_0\Obj\zf_device_6570275422786408770.dir\zf_device_uart_receiver.o
#        D:\Project\Code\CYT4BB7\M-Car-Project\project\iar\Debug_m7_0\Obj\zf_device_6570275422786408770.dir\zf_device_upflow302.o
#        D:\Project\Code\CYT4BB7\M-Car-Project\project\iar\Debug_m7_0\Obj\zf_device_6570275422786408770.dir\zf_device_wifi_spi.o
#        D:\Project\Code\CYT4BB7\M-Car-Project\project\iar\Debug_m7_0\Obj\zf_device_6570275422786408770.dir\zf_device_wifi_uart.o
#        D:\Project\Code\CYT4BB7\M-Car-Project\project\iar\Debug_m7_0\Obj\zf_device_6570275422786408770.dir\zf_device_wireless_uart.o
#        D:\Project\Code\CYT4BB7\M-Car-Project\project\iar\Debug_m7_0\Obj\zf_driver_11922370083829174090.dir\zf_driver_adc.o
#        D:\Project\Code\CYT4BB7\M-Car-Project\project\iar\Debug_m7_0\Obj\zf_driver_11922370083829174090.dir\zf_driver_delay.o
#        D:\Project\Code\CYT4BB7\M-Car-Project\project\iar\Debug_m7_0\Obj\zf_driver_11922370083829174090.dir\zf_driver_dma.o
#        D:\Project\Code\CYT4BB7\M-Car-Project\project\iar\Debug_m7_0\Obj\zf_driver_11922370083829174090.dir\zf_driver_encoder.o
#        D:\Project\Code\CYT4BB7\M-Car-Project\project\iar\Debug_m7_0\Obj\zf_driver_11922370083829174090.dir\zf_driver_exti.o
#        D:\Project\Code\CYT4BB7\M-Car-Project\project\iar\Debug_m7_0\Obj\zf_driver_11922370083829174090.dir\zf_driver_flash.o
#        D:\Project\Code\CYT4BB7\M-Car-Project\project\iar\Debug_m7_0\Obj\zf_driver_11922370083829174090.dir\zf_driver_gpio.o
#        D:\Project\Code\CYT4BB7\M-Car-Project\project\iar\Debug_m7_0\Obj\zf_driver_11922370083829174090.dir\zf_driver_ipc.o
#        D:\Project\Code\CYT4BB7\M-Car-Project\project\iar\Debug_m7_0\Obj\zf_driver_11922370083829174090.dir\zf_driver_pit.o
#        D:\Project\Code\CYT4BB7\M-Car-Project\project\iar\Debug_m7_0\Obj\zf_driver_11922370083829174090.dir\zf_driver_pwm.o
#        D:\Project\Code\CYT4BB7\M-Car-Project\project\iar\Debug_m7_0\Obj\zf_driver_11922370083829174090.dir\zf_driver_soft_iic.o
#        D:\Project\Code\CYT4BB7\M-Car-Project\project\iar\Debug_m7_0\Obj\zf_driver_11922370083829174090.dir\zf_driver_soft_spi.o
#        D:\Project\Code\CYT4BB7\M-Car-Project\project\iar\Debug_m7_0\Obj\zf_driver_11922370083829174090.dir\zf_driver_spi.o
#        D:\Project\Code\CYT4BB7\M-Car-Project\project\iar\Debug_m7_0\Obj\zf_driver_11922370083829174090.dir\zf_driver_timer.o
#        D:\Project\Code\CYT4BB7\M-Car-Project\project\iar\Debug_m7_0\Obj\zf_driver_11922370083829174090.dir\zf_driver_uart.o
#        --no_out_extension -o
#        D:\Project\Code\CYT4BB7\M-Car-Project\project\iar\project_config\Debug_m7_0\Exe\cyt4bb7_cm_7_0.out
#        --config_def _CORE_cm7_0_=0 --config_def _LINK_flash_=0 --map
#        D:\Project\Code\CYT4BB7\M-Car-Project\project\iar\Debug_m7_0\List\cyt4bb7_cm_7_0.map
#        --config
#        D:\Project\Code\CYT4BB7\M-Car-Project\project\iar\project_config\..\icf\linker_directives_tviibh.icf
#        --semihosting
#        D:\Project\Code\CYT4BB7\M-Car-Project\project\iar\project_config\..\..\..\libraries\sdk\tviibh4m\src\drivers\crypto\libs\libcrypto_server_cm0plus_iar.a
#        D:\Project\Code\CYT4BB7\M-Car-Project\project\iar\project_config\..\..\..\libraries\zf_device\zf_device_config.a
#        D:\Project\Code\CYT4BB7\M-Car-Project\project\iar\project_config\..\..\..\libraries\sdk\common\hdr\cmsis\dsp\iar_cortexM7lf_math.a
#        --entry __iar_program_start --vfe --text_out locale --cpu=Cortex-M7
#        --fpu=VFPv5_d16) --dependencies=n
#        D:\Project\Code\CYT4BB7\M-Car-Project\project\iar\project_config\Debug_m7_0\Exe\cyt4bb7_cm_7_0.out.iar_deps
#
###############################################################################

*******************************************************************************
*** RUNTIME MODEL ATTRIBUTES
***

CppFlavor       = *
__CPP_Runtime   = 1
__Heap_Handler  = Basic
__SystemLibrary = DLib
__dlib_version  = 6


*******************************************************************************
*** HEAP SELECTION
***

The basic heap was selected because --advanced_heap
was not specified and the application did not appear to
be primarily optimized for speed.


*******************************************************************************
*** PLACEMENT SUMMARY
***

"A0":  place at start of [from 0x1008'0000 to 0x1027'ffff] { section .intvec };
"P1":  place in [from 0x1008'0000 to 0x1027'ffff] { ro };
"P2":  place in [from 0x2802'0000 to 0x2807'ffff] { rw };
define block HEAP with size = 1K, alignment = 8 { };
define block CSTACK with size = 8K, alignment = 8 { };
define block HEAP_STACK { block HEAP, last block CSTACK };
"A1":  place at end of [from 0x2802'0000 to 0x2807'ffff] { block HEAP_STACK };
do not initialize { section .intvec_ram };
initialize by copy { rw };

No sections matched the following patterns:

  ro section .sflash_app_prot  in "P6"
  ro section .sflash_nar       in "P4"
  ro section .sflash_pkey      in "P5"
  ro section .sflash_toc2      in "P7"
  ro section .sflash_uf_rows   in "P3"
  ro section .work_flash       in "P8"
  section .global_ram_data     in "P9"


  Section            Kind         Address    Size  Object
  -------            ----         -------    ----  ------
"A0":                                        0x80
  .intvec            ro code  0x1008'0000    0x80  startup_cm7.o [31]
                            - 0x1008'0080    0x80

"P1":                                      0x92c6
  .text              ro code  0x1008'0080   0xeae  xprintffull_nomb.o [50]
  .text              ro code  0x1008'0f2e    0x7e  lz77_init_single.o [52]
  .text              ro code  0x1008'0fac    0x16  strchr.o [52]
  .text              ro code  0x1008'0fc2     0xa  xsprout.o [50]
  .text              ro code  0x1008'0fcc    0x40  xfail_s.o [50]
  .text              ro code  0x1008'100c    0x36  strlen.o [52]
  .text              ro code  0x1008'1044    0x58  memchr.o [52]
  .text              ro code  0x1008'109c    0xa6  ABImemcpy.o [52]
  .text              ro code  0x1008'1144    0x70  frexp.o [51]
  .text              ro code  0x1008'11b4    0x34  DblCmpLe.o [51]
  .text              ro code  0x1008'11e8    0x34  DblCmpGe.o [51]
  .text              ro code  0x1008'121c   0x104  ldexp.o [51]
  .text              ro code  0x1008'1320     0xe  DblToS32.o [51]
  .text              ro code  0x1008'132e     0xe  S32ToDbl.o [51]
  .text              ro code  0x1008'133c    0x12  DblSub.o [51]
  .text              ro code  0x1008'134e    0x12  DblDiv.o [51]
  .text              ro code  0x1008'1360     0xe  DblToU32.o [51]
  .text              ro code  0x1008'136e     0xe  U32ToDbl.o [51]
  .text              ro code  0x1008'137c    0x12  DblMul.o [51]
  .text              ro code  0x1008'1390   0x230  I64DivMod.o [52]
  .text              ro code  0x1008'15c0     0x6  abort.o [50]
  .text              ro code  0x1008'15c8     0x2  I64DivZer.o [52]
  .text              ro code  0x1008'15cc    0x14  exit.o [53]
  .text              ro code  0x1008'15e0   0xe18  zf_driver_pwm.o [49]
  .text              ro code  0x1008'23f8   0x420  zf_common_debug.o [46]
  .text              ro code  0x1008'2818    0x66  ABImemset.o [52]
  .text              ro code  0x1008'2880   0x194  cy_gpio.o [14]
  .text              ro code  0x1008'2a14   0x20a  cy_tcpwm_pwm.o [43]
  .text              ro code  0x1008'2c1e    0x18  cy_tcpwm.o [43]
  .text              ro code  0x1008'2c38   0xacc  zf_driver_uart.o [49]
  .text              ro code  0x1008'3704    0x40  sprintf.o [50]
  .text              ro code  0x1008'3744   0x448  zf_common_fifo.o [46]
  .text              ro code  0x1008'3b8c    0xe2  zf_common_interrupt.o [46]
  .text              ro code  0x1008'3c70     0x6  ABImemclr4.o [52]
  .text              ro code  0x1008'3c78   0x314  cy_scb_uart.o [24]
  .text              ro code  0x1008'3f8c    0xac  cy_sysint.o [35]
  .text              ro code  0x1008'4038    0x32  ABImemset48.o [52]
  .text              ro code  0x1008'406c   0xa04  zf_device_ips200.o [48]
  .text              ro code  0x1008'4a70   0x9a8  zf_driver_spi.o [49]
  .text              ro code  0x1008'5418    0x16  vla_alloc.o [50]
  .text              ro code  0x1008'5430    0x34  vsprintf.o [50]
  .text              ro code  0x1008'5464   0x110  zf_driver_gpio.o [49]
  .text              ro code  0x1008'5574   0x284  zf_driver_delay.o [49]
  .text              ro code  0x1008'57f8   0x1f0  cy_scb_spi.o [24]
  .text              ro code  0x1008'59e8   0x13c  heap0.o [50]
  .text              ro code  0x1008'5b24     0x4  heaptramp0.o [50]
  .text              ro code  0x1008'5b28   0x1ae  cy_tcpwm_counter.o [43]
  .text              ro code  0x1008'5cd8    0x2c  xgetmemchunk.o [50]
  .text              ro code  0x1008'5d04   0x8e8  cy_sysclk.o [33]
  .text              ro code  0x1008'65ec    0x70  strncpy.o [52]
  .text              ro code  0x1008'665c    0xa8  cy_syslib.o [36]
  .text              ro code  0x1008'6704     0x2  cy_syslib.o [36]
  .rodata            const    0x1008'6708   0x5f0  zf_common_font.o [46]
  .text              ro code  0x1008'6cf8   0x4fc  Debug.o [5]
  .text              ro code  0x1008'71f4   0x104  zf_device_key.o [48]
  .text              ro code  0x1008'72f8   0x13c  Motor.o [5]
  .text              ro code  0x1008'7434   0x3fc  zf_driver_encoder.o [49]
  .text              ro code  0x1008'7830   0x190  cy_tcpwm_quaddec.o [43]
  .text              ro code  0x1008'79c0   0x398  zf_driver_pit.o [49]
  .rodata            const    0x1008'7d58   0x228  zf_common_font.o [46]
  .text              ro code  0x1008'7f80   0x204  startup.o [31]
  .text              ro code  0x1008'8184   0x150  system_tviibh4m_cm7.o [22]
  .text              ro code  0x1008'82d4     0x8  startup_cm7.o [31]
  .text              ro code  0x1008'82dc     0x6  startup_cm7.o [31]
  .text              ro code  0x1008'82e4   0x198  cm7_0_isr.o [45]
  .text              ro code  0x1008'847c    0x7c  zf_device_tsl1401.o [48]
  .text              ro code  0x1008'84f8   0x114  zf_device_gnss.o [48]
  .text              ro code  0x1008'860c    0x74  zf_driver_adc.o [49]
  .text              ro code  0x1008'8680    0x2a  strncmp.o [50]
  .text              ro code  0x1008'86ac   0x198  cy_interrupt_map.o [23]
  .text              ro code  0x1008'8844   0x194  Menu.o [5]
  .text              ro code  0x1008'89d8    0xb0  startup_cm7.o [31]
  .rodata            const    0x1008'8a88    0x60  system_tviibh4m_cm7.o [22]
  .rodata            const    0x1008'8ae8    0x5c  cy_sysclk.o [33]
  .rodata            const    0x1008'8b44    0x5c  cy_sysclk.o [33]
  .rodata            const    0x1008'8ba0    0x50  zf_device_ips200.o [48]
  .rodata            const    0x1008'8bf0    0x4c  zf_common_fifo.o [46]
  .rodata            const    0x1008'8c3c    0x4c  zf_device_key.o [48]
  .rodata            const    0x1008'8c88    0x4c  zf_driver_pwm.o [49]
  .rodata            const    0x1008'8cd4    0x4c  zf_driver_spi.o [49]
  .rodata            const    0x1008'8d20    0x4c  zf_driver_uart.o [49]
  .text              ro code  0x1008'8d6c    0x38  zero_init3.o [52]
  .text              ro code  0x1008'8da4    0x30  main_cm7_0.o [45]
  .text              ro code  0x1008'8dd4    0x1c  zf_common_clock.o [46]
  .text              ro code  0x1008'8df0    0x28  data_init.o [52]
  .text              ro code  0x1008'8e18    0x22  fpinit_M.o [51]
  .iar.init_table    const    0x1008'8e3c    0x20  - Linker created -
  .rodata            const    0x1008'8e5c    0x20  Debug.o [5]
  .rodata            const    0x1008'8e7c    0x20  Menu.o [5]
  .text              ro code  0x1008'8e9c    0x20  startup_cm7.o [31]
  .text              ro code  0x1008'8ec0    0x1e  cy_syslib_iar.o [36]
  .text              ro code  0x1008'8ee0    0x1e  cmain.o [52]
  .text              ro code  0x1008'8f00     0x4  startup_cm7.o [31]
  .text              ro code  0x1008'8f04     0x4  exit.o [50]
  .text              ro code  0x1008'8f08     0xa  cexit.o [52]
  .rodata            const    0x1008'8f14    0x1c  Debug.o [5]
  .rodata            const    0x1008'8f30    0x1c  Debug.o [5]
  .rodata            const    0x1008'8f4c    0x1c  Debug.o [5]
  .rodata            const    0x1008'8f68    0x1c  Debug.o [5]
  .rodata            const    0x1008'8f84    0x1c  zf_common_debug.o [46]
  .text              ro code  0x1008'8fa0    0x1c  startup_cm7.o [31]
  .text              ro code  0x1008'8fbc    0x1c  cstartup_M.o [52]
  .rodata            const    0x1008'8fd8    0x18  startup.o [31]
  .rodata            const    0x1008'8ff0    0x18  system_tviibh4m_cm7.o [22]
  .rodata            const    0x1008'9008    0x18  zf_common_debug.o [46]
  .rodata            const    0x1008'9020    0x10  Debug.o [5]
  .rodata            const    0x1008'9030    0x10  zf_common_debug.o [46]
  .rodata            const    0x1008'9040    0x10  zf_common_debug.o [46]
  .rodata            const    0x1008'9050     0xc  Debug.o [5]
  .rodata            const    0x1008'905c     0xc  Debug.o [5]
  .rodata            const    0x1008'9068     0xc  Debug.o [5]
  .rodata            const    0x1008'9074     0xc  Debug.o [5]
  .rodata            const    0x1008'9080     0xc  zf_common_debug.o [46]
  .rodata            const    0x1008'908c     0xc  zf_common_debug.o [46]
  .text              ro code  0x1008'9098     0xc  cy_syslib.o [36]
  .rodata            const    0x1008'90a4     0x8  cy_sysclk.o [33]
  .rodata            const    0x1008'90ac     0x8  Debug.o [5]
  .rodata            const    0x1008'90b4     0x8  Debug.o [5]
  .rodata            const    0x1008'90bc     0x8  Debug.o [5]
  .rodata            const    0x1008'90c4     0x8  Menu.o [5]
  .rodata            const    0x1008'90cc     0x8  Menu.o [5]
  .rodata            const    0x1008'90d4     0x8  Menu.o [5]
  .rodata            const    0x1008'90dc     0x8  Menu.o [5]
  .rodata            const    0x1008'90e4     0x4  cy_interrupt_map.o [23]
  .rodata            const    0x1008'90e8     0x4  cy_interrupt_map.o [23]
  .rodata            const    0x1008'90ec     0x4  cy_interrupt_map.o [23]
  .rodata            const    0x1008'90f0     0x4  cy_interrupt_map.o [23]
  .rodata            const    0x1008'90f4     0x4  cy_interrupt_map.o [23]
  .rodata            const    0x1008'90f8     0x4  cy_interrupt_map.o [23]
  .rodata            const    0x1008'90fc     0x4  cy_interrupt_map.o [23]
  .rodata            const    0x1008'9100     0x4  cy_interrupt_map.o [23]
  .rodata            const    0x1008'9104     0x4  cy_scb_spi.o [24]
  .rodata            const    0x1008'9108     0x4  cy_scb_spi.o [24]
  .rodata            const    0x1008'910c     0x4  cy_scb_spi.o [24]
  .rodata            const    0x1008'9110     0x4  cy_scb_spi.o [24]
  .rodata            const    0x1008'9114     0x4  cy_scb_uart.o [24]
  .rodata            const    0x1008'9118     0x4  cy_scb_uart.o [24]
  .rodata            const    0x1008'911c     0x4  cy_scb_uart.o [24]
  .rodata            const    0x1008'9120     0x4  cy_scb_uart.o [24]
  .rodata            const    0x1008'9124     0x4  cy_scb_uart.o [24]
  .rodata            const    0x1008'9128     0x4  cy_scb_uart.o [24]
  .rodata            const    0x1008'912c     0x4  cy_scb_uart.o [24]
  .rodata            const    0x1008'9130     0x4  cy_scb_uart.o [24]
  .rodata            const    0x1008'9134     0x4  cy_scb_uart.o [24]
  .rodata            const    0x1008'9138     0x4  cy_scb_uart.o [24]
  .rodata            const    0x1008'913c     0x4  cy_sysint.o [35]
  .rodata            const    0x1008'9140     0x4  cy_sysint.o [35]
  .rodata            const    0x1008'9144     0x4  cy_tcpwm_counter.o [43]
  .rodata            const    0x1008'9148     0x4  cy_tcpwm_counter.o [43]
  .rodata            const    0x1008'914c     0x4  cy_tcpwm_counter.o [43]
  .rodata            const    0x1008'9150     0x4  cy_tcpwm_counter.o [43]
  .rodata            const    0x1008'9154     0x4  cy_tcpwm_counter.o [43]
  .rodata            const    0x1008'9158     0x4  cy_tcpwm_pwm.o [43]
  .rodata            const    0x1008'915c     0x4  cy_tcpwm_pwm.o [43]
  .rodata            const    0x1008'9160     0x4  cy_tcpwm_pwm.o [43]
  .rodata            const    0x1008'9164     0x4  cy_tcpwm_pwm.o [43]
  .rodata            const    0x1008'9168     0x4  cy_tcpwm_pwm.o [43]
  .rodata            const    0x1008'916c     0x4  cy_tcpwm_pwm.o [43]
  .rodata            const    0x1008'9170     0x4  cy_tcpwm_pwm.o [43]
  .rodata            const    0x1008'9174     0x4  cy_tcpwm_quaddec.o [43]
  .rodata            const    0x1008'9178     0x4  cy_tcpwm_quaddec.o [43]
  .rodata            const    0x1008'917c     0x4  cy_tcpwm_quaddec.o [43]
  .rodata            const    0x1008'9180     0x4  cy_tcpwm_quaddec.o [43]
  .rodata            const    0x1008'9184     0x4  cy_tcpwm_quaddec.o [43]
  .rodata            const    0x1008'9188     0x4  zf_device_key.o [48]
  .text              ro code  0x1008'918c     0x4  startup_cm7.o [31]
  .text              ro code  0x1008'9190     0x4  startup_cm7.o [31]
  .text              ro code  0x1008'9194     0x4  startup_cm7.o [31]
  .text              ro code  0x1008'9198     0x4  startup_cm7.o [31]
  .text              ro code  0x1008'919c     0x4  startup_cm7.o [31]
  .text              ro code  0x1008'91a0     0x4  startup_cm7.o [31]
  .text              ro code  0x1008'91a4     0x4  startup_cm7.o [31]
  .text              ro code  0x1008'91a8     0x4  startup_cm7.o [31]
  .text              ro code  0x1008'91ac     0x4  startup_cm7.o [31]
  .text              ro code  0x1008'91b0     0x4  startup_cm7.o [31]
  .text              ro code  0x1008'91b4     0x4  startup_cm7.o [31]
  .text              ro code  0x1008'91b8     0x4  startup_cm7.o [31]
  .text              ro code  0x1008'91bc     0x4  startup_cm7.o [31]
  .text              ro code  0x1008'91c0     0x4  startup_cm7.o [31]
  .text              ro code  0x1008'91c4     0x4  startup_cm7.o [31]
  .text              ro code  0x1008'91c8     0x2  zf_device_type.o [48]
  .rodata            const    0x1008'91ca     0x0  zero_init3.o [52]
  .rodata            const    0x1008'91ca     0x0  lz77_init_single.o [52]
  Initializer bytes  const    0x1008'91ca    0xc8  <for P2-1>
                            - 0x1008'9292  0x9212

"P2", part 1 of 3:                          0x7b1
  P2-1                        0x2802'0000   0x7b1  <Init block>
    .data            inited   0x2802'0000   0x6ec  cy_interrupt_map.o [23]
    .data            inited   0x2802'06ec     0x4  cy_interrupt_map.o [23]
    .data            inited   0x2802'06f0     0x4  zf_device_type.o [48]
    .data            inited   0x2802'06f4     0x4  zf_device_type.o [48]
    .data            inited   0x2802'06f8     0xc  zf_driver_adc.o [49]
    .data            inited   0x2802'0704     0x8  zf_driver_encoder.o [49]
    .data            inited   0x2802'070c    0x10  zf_driver_encoder.o [49]
    .data            inited   0x2802'071c    0x3c  zf_driver_pit.o [49]
    .data            inited   0x2802'0758    0x10  zf_driver_spi.o [49]
    .data            inited   0x2802'0768    0x1c  zf_driver_uart.o [49]
    .data            inited   0x2802'0784    0x1c  zf_driver_uart.o [49]
    .data            inited   0x2802'07a0     0x2  zf_device_ips200.o [48]
    .data            inited   0x2802'07a2     0x2  zf_device_ips200.o [48]
    .data            inited   0x2802'07a4     0x2  zf_device_ips200.o [48]
    .data            inited   0x2802'07a6     0x2  zf_device_ips200.o [48]
    .data            inited   0x2802'07a8     0x2  zf_driver_delay.o [49]
    .data            inited   0x2802'07aa     0x1  Menu.o [5]
    .data            inited   0x2802'07ab     0x1  zf_common_debug.o [46]
    .data            inited   0x2802'07ac     0x1  zf_device_ips200.o [48]
    .data            inited   0x2802'07ad     0x1  zf_device_ips200.o [48]
    .data            inited   0x2802'07ae     0x1  zf_device_ips200.o [48]
    .data            inited   0x2802'07af     0x1  zf_device_ips200.o [48]
    .data            inited   0x2802'07b0     0x1  zf_driver_delay.o [49]
                            - 0x2802'07b1   0x7b1

"P2", part 2 of 3:                          0x768
  .bss               zero     0x2802'07b4   0x200  zf_device_tsl1401.o [48]
  .bss               zero     0x2802'09b4   0x188  zf_driver_uart.o [49]
  .bss               zero     0x2802'0b3c    0x80  zf_device_gnss.o [48]
  .bss               zero     0x2802'0bbc    0x80  zf_device_gnss.o [48]
  .bss               zero     0x2802'0c3c    0x80  zf_device_gnss.o [48]
  .bss               zero     0x2802'0cbc    0x70  cy_syslib.o [36]
  .bss               zero     0x2802'0d2c    0x70  zf_driver_uart.o [49]
  .bss               zero     0x2802'0d9c    0x48  zf_driver_adc.o [49]
  .bss               zero     0x2802'0de4    0x40  zf_common_debug.o [46]
  .bss               zero     0x2802'0e24    0x18  cy_sysclk.o [33]
  .bss               zero     0x2802'0e3c    0x18  cy_syslib.o [36]
  .bss               zero     0x2802'0e54    0x18  zf_common_debug.o [46]
  .bss               zero     0x2802'0e6c    0x18  zf_device_gnss.o [48]
  .bss               zero     0x2802'0e84    0x14  zf_common_debug.o [46]
  .bss               zero     0x2802'0e98    0x10  zf_device_key.o [48]
  .bss               zero     0x2802'0ea8     0x8  zf_driver_uart.o [49]
  .bss               zero     0x2802'0eb0     0x8  zf_driver_uart.o [49]
  .bss               zero     0x2802'0eb8     0x8  heap0.o [50]
  .bss               zero     0x2802'0ec0     0x4  cy_syslib.o [36]
  .bss               zero     0x2802'0ec4     0x4  Motor.o [5]
  .bss               zero     0x2802'0ec8     0x4  Motor.o [5]
  .bss               zero     0x2802'0ecc     0x4  Motor.o [5]
  .bss               zero     0x2802'0ed0     0x4  Motor.o [5]
  .bss               zero     0x2802'0ed4     0x4  system_tviibh4m_cm7.o [22]
  .bss               zero     0x2802'0ed8     0x4  system_tviibh4m_cm7.o [22]
  .bss               zero     0x2802'0edc     0x4  system_tviibh4m_cm7.o [22]
  .bss               zero     0x2802'0ee0     0x4  system_tviibh4m_cm7.o [22]
  .bss               zero     0x2802'0ee4     0x4  system_tviibh4m_cm7.o [22]
  .bss               zero     0x2802'0ee8     0x4  zf_common_clock.o [46]
  .bss               zero     0x2802'0eec     0x4  zf_common_interrupt.o [46]
  .bss               zero     0x2802'0ef0     0x4  zf_device_key.o [48]
  .bss               zero     0x2802'0ef4     0x4  zf_device_key.o [48]
  .bss               zero     0x2802'0ef8     0x4  zf_driver_encoder.o [49]
  .bss               zero     0x2802'0efc     0x4  zf_driver_spi.o [49]
  .bss               zero     0x2802'0f00     0x4  xgetmemchunk.o [50]
  .bss               zero     0x2802'0f04     0x4  xfail_s.o [50]
  .bss               zero     0x2802'0f08     0x2  cm7_0_isr.o [45]
  .bss               zero     0x2802'0f0a     0x2  cm7_0_isr.o [45]
  .bss               zero     0x2802'0f0c     0x1  cy_sysclk.o [33]
  .bss               zero     0x2802'0f0d     0x1  zf_common_debug.o [46]
  .bss               zero     0x2802'0f0e     0x1  zf_common_debug.o [46]
  .bss               zero     0x2802'0f0f     0x1  zf_common_debug.o [46]
  .bss               zero     0x2802'0f10     0x1  zf_device_gnss.o [48]
  .bss               zero     0x2802'0f11     0x1  zf_device_gnss.o [48]
  .bss               zero     0x2802'0f12     0x1  zf_device_gnss.o [48]
  .bss               zero     0x2802'0f13     0x1  zf_device_gnss.o [48]
  .bss               zero     0x2802'0f14     0x1  zf_device_gnss.o [48]
  .bss               zero     0x2802'0f15     0x1  zf_device_ips200.o [48]
  .bss               zero     0x2802'0f16     0x1  zf_device_ips200.o [48]
  .bss               zero     0x2802'0f17     0x1  zf_device_tsl1401.o [48]
  .bss               zero     0x2802'0f18     0x1  zf_device_tsl1401.o [48]
                            - 0x2802'0f19   0x765

"P2", part 3 of 3:                           0x80
  .intvec_ram        uninit   0x2802'0f80    0x80  startup_cm7.o [31]
                            - 0x2802'1000    0x80

"A1":                                      0x2400
  HEAP_STACK                  0x2807'dc00  0x2400  <Block>
    HEAP                      0x2807'dc00   0x400  <Block>
      HEAP           uninit   0x2807'dc00   0x400  <Block tail>
    CSTACK                    0x2807'e000  0x2000  <Block>
      CSTACK         uninit   0x2807'e000  0x2000  <Block tail>
                            - 0x2808'0000  0x2400

Unused ranges:

         From           To       Size
         ----           --       ----
  0x1008'9346  0x1027'ffff  0x1f'6cba
  0x2802'07b1  0x2802'07b3        0x3
  0x2802'0f1c  0x2802'0f7f       0x64
  0x2802'1000  0x2807'dbff   0x5'cc00


*******************************************************************************
*** INIT TABLE
***

          Address      Size
          -------      ----
Zero (__iar_zero_init3)
    1 destination range, total size 0x765:
          0x2802'07b4  0x765

Copy/lz77 (__iar_lz77_init_single3)
    1 source range, total size 0xc8 (10% of destination):
          0x1008'91ca   0xc8
    1 destination range, total size 0x7b1:
          0x2802'0000  0x7b1



*******************************************************************************
*** MODULE SUMMARY
***

    Module                 ro code  ro data  rw data
    ------                 -------  -------  -------
command line/config:
    ------------------------------------------------
    Total:

D:\Project\Code\CYT4BB7\M-Car-Project\project\iar\Debug_m7_0\Obj\adc_11722776235721520015.dir: [1]
    ------------------------------------------------
    Total:

D:\Project\Code\CYT4BB7\M-Car-Project\project\iar\Debug_m7_0\Obj\audioss_1346650047966882938.dir: [2]
    ------------------------------------------------
    Total:

D:\Project\Code\CYT4BB7\M-Car-Project\project\iar\Debug_m7_0\Obj\button_4990804375159372270.dir: [3]
    ------------------------------------------------
    Total:

D:\Project\Code\CYT4BB7\M-Car-Project\project\iar\Debug_m7_0\Obj\canfd_1800690984773873875.dir: [4]
    ------------------------------------------------
    Total:

D:\Project\Code\CYT4BB7\M-Car-Project\project\iar\Debug_m7_0\Obj\code_17896468042025673432.dir: [5]
    Debug.o                  1'276      232
    Menu.o                     404       64        1
    Motor.o                    316                16
    ------------------------------------------------
    Total:                   1'996      296       17

D:\Project\Code\CYT4BB7\M-Car-Project\project\iar\Debug_m7_0\Obj\cpu_15938736945165268644.dir: [6]
    ------------------------------------------------
    Total:

D:\Project\Code\CYT4BB7\M-Car-Project\project\iar\Debug_m7_0\Obj\crypto_1190170608956581615.dir: [7]
    ------------------------------------------------
    Total:

D:\Project\Code\CYT4BB7\M-Car-Project\project\iar\Debug_m7_0\Obj\dma_12106025507578611576.dir: [8]
    ------------------------------------------------
    Total:

D:\Project\Code\CYT4BB7\M-Car-Project\project\iar\Debug_m7_0\Obj\eth_phy_18133017486186456677.dir: [9]
    ------------------------------------------------
    Total:

D:\Project\Code\CYT4BB7\M-Car-Project\project\iar\Debug_m7_0\Obj\ethernet_6029839089178797009.dir: [10]
    ------------------------------------------------
    Total:

D:\Project\Code\CYT4BB7\M-Car-Project\project\iar\Debug_m7_0\Obj\evtgen_3404189088603873129.dir: [11]
    ------------------------------------------------
    Total:

D:\Project\Code\CYT4BB7\M-Car-Project\project\iar\Debug_m7_0\Obj\flash_8529866181315662935.dir: [12]
    ------------------------------------------------
    Total:

D:\Project\Code\CYT4BB7\M-Car-Project\project\iar\Debug_m7_0\Obj\flash_864493325053435817.dir: [13]
    ------------------------------------------------
    Total:

D:\Project\Code\CYT4BB7\M-Car-Project\project\iar\Debug_m7_0\Obj\gpio_3999404635324069351.dir: [14]
    cy_gpio.o                  404
    ------------------------------------------------
    Total:                     404

D:\Project\Code\CYT4BB7\M-Car-Project\project\iar\Debug_m7_0\Obj\ipc_10145506163450686023.dir: [15]
    ------------------------------------------------
    Total:

D:\Project\Code\CYT4BB7\M-Car-Project\project\iar\Debug_m7_0\Obj\lin_18429031207028094880.dir: [16]
    ------------------------------------------------
    Total:

D:\Project\Code\CYT4BB7\M-Car-Project\project\iar\Debug_m7_0\Obj\lvd_6353935867039560245.dir: [17]
    ------------------------------------------------
    Total:

D:\Project\Code\CYT4BB7\M-Car-Project\project\iar\Debug_m7_0\Obj\mcwdt_4052485907822033969.dir: [18]
    ------------------------------------------------
    Total:

D:\Project\Code\CYT4BB7\M-Car-Project\project\iar\Debug_m7_0\Obj\mpu_5663187252346826382.dir: [19]
    ------------------------------------------------
    Total:

D:\Project\Code\CYT4BB7\M-Car-Project\project\iar\Debug_m7_0\Obj\power_14453085144426420577.dir: [20]
    ------------------------------------------------
    Total:

D:\Project\Code\CYT4BB7\M-Car-Project\project\iar\Debug_m7_0\Obj\prot_10722960861768657883.dir: [21]
    ------------------------------------------------
    Total:

D:\Project\Code\CYT4BB7\M-Car-Project\project\iar\Debug_m7_0\Obj\rev_b_4986922561640112550.dir: [22]
    system_tviibh4m_cm7.o      336      120       20
    ------------------------------------------------
    Total:                     336      120       20

D:\Project\Code\CYT4BB7\M-Car-Project\project\iar\Debug_m7_0\Obj\rev_b_6162237342861132223.dir: [23]
    cy_interrupt_map.o         408      212    1'776
    ------------------------------------------------
    Total:                     408      212    1'776

D:\Project\Code\CYT4BB7\M-Car-Project\project\iar\Debug_m7_0\Obj\scb_15490842639181808494.dir: [24]
    cy_scb_spi.o               496       16
    cy_scb_uart.o              788       40
    ------------------------------------------------
    Total:                   1'284       56

D:\Project\Code\CYT4BB7\M-Car-Project\project\iar\Debug_m7_0\Obj\sd_host_2982766354293506895.dir: [25]
    ------------------------------------------------
    Total:

D:\Project\Code\CYT4BB7\M-Car-Project\project\iar\Debug_m7_0\Obj\semihosting_143864889731838620.dir: [26]
    ------------------------------------------------
    Total:

D:\Project\Code\CYT4BB7\M-Car-Project\project\iar\Debug_m7_0\Obj\smartio_5451710003740070188.dir: [27]
    ------------------------------------------------
    Total:

D:\Project\Code\CYT4BB7\M-Car-Project\project\iar\Debug_m7_0\Obj\smif_427648126384146252.dir: [28]
    ------------------------------------------------
    Total:

D:\Project\Code\CYT4BB7\M-Car-Project\project\iar\Debug_m7_0\Obj\smif_mem_6470536964353725183.dir: [29]
    ------------------------------------------------
    Total:

D:\Project\Code\CYT4BB7\M-Car-Project\project\iar\Debug_m7_0\Obj\srom_13018798572330080582.dir: [30]
    ------------------------------------------------
    Total:

D:\Project\Code\CYT4BB7\M-Car-Project\project\iar\Debug_m7_0\Obj\startup_479057977785470282.dir: [31]
    startup.o                  516       24
    startup_cm7.o              442               128
    ------------------------------------------------
    Total:                     958       24      128

D:\Project\Code\CYT4BB7\M-Car-Project\project\iar\Debug_m7_0\Obj\sw_timer_4215635015939382130.dir: [32]
    ------------------------------------------------
    Total:

D:\Project\Code\CYT4BB7\M-Car-Project\project\iar\Debug_m7_0\Obj\sysclk_16149231235676103872.dir: [33]
    cy_sysclk.o              2'280      192       25
    ------------------------------------------------
    Total:                   2'280      192       25

D:\Project\Code\CYT4BB7\M-Car-Project\project\iar\Debug_m7_0\Obj\sysflt_12293435975120599261.dir: [34]
    ------------------------------------------------
    Total:

D:\Project\Code\CYT4BB7\M-Car-Project\project\iar\Debug_m7_0\Obj\sysint_7435970359207984181.dir: [35]
    cy_sysint.o                172        8
    ------------------------------------------------
    Total:                     172        8

D:\Project\Code\CYT4BB7\M-Car-Project\project\iar\Debug_m7_0\Obj\syslib_16330585751512546975.dir: [36]
    cy_syslib.o                182               140
    cy_syslib_iar.o             30
    ------------------------------------------------
    Total:                     212               140

D:\Project\Code\CYT4BB7\M-Car-Project\project\iar\Debug_m7_0\Obj\syspm_10887939769544754770.dir: [37]
    ------------------------------------------------
    Total:

D:\Project\Code\CYT4BB7\M-Car-Project\project\iar\Debug_m7_0\Obj\sysreghc_17676636058511625587.dir: [38]
    ------------------------------------------------
    Total:

D:\Project\Code\CYT4BB7\M-Car-Project\project\iar\Debug_m7_0\Obj\sysreset_14586141425677365288.dir: [39]
    ------------------------------------------------
    Total:

D:\Project\Code\CYT4BB7\M-Car-Project\project\iar\Debug_m7_0\Obj\sysrtc_10747768817563771611.dir: [40]
    ------------------------------------------------
    Total:

D:\Project\Code\CYT4BB7\M-Car-Project\project\iar\Debug_m7_0\Obj\systick_16016591671695740695.dir: [41]
    ------------------------------------------------
    Total:

D:\Project\Code\CYT4BB7\M-Car-Project\project\iar\Debug_m7_0\Obj\syswdt_9118657615806274156.dir: [42]
    ------------------------------------------------
    Total:

D:\Project\Code\CYT4BB7\M-Car-Project\project\iar\Debug_m7_0\Obj\tcpwm_422923530147891246.dir: [43]
    cy_tcpwm.o                  24
    cy_tcpwm_counter.o         430       20
    cy_tcpwm_pwm.o             522       28
    cy_tcpwm_quaddec.o         400       20
    ------------------------------------------------
    Total:                   1'376       68

D:\Project\Code\CYT4BB7\M-Car-Project\project\iar\Debug_m7_0\Obj\trigmux_9729677290734583340.dir: [44]
    ------------------------------------------------
    Total:

D:\Project\Code\CYT4BB7\M-Car-Project\project\iar\Debug_m7_0\Obj\user_8514941877209965082.dir: [45]
    cm7_0_isr.o                408                 4
    main_cm7_0.o                48
    ------------------------------------------------
    Total:                     456                 4

D:\Project\Code\CYT4BB7\M-Car-Project\project\iar\Debug_m7_0\Obj\zf_common_1201165462030747823.dir: [46]
    zf_common_clock.o           28                 4
    zf_common_debug.o        1'056      108      112
    zf_common_fifo.o         1'096       76
    zf_common_font.o                  2'072
    zf_common_interrupt.o      226                 4
    ------------------------------------------------
    Total:                   2'406    2'256      120

D:\Project\Code\CYT4BB7\M-Car-Project\project\iar\Debug_m7_0\Obj\zf_components_14936052685886095442.dir: [47]
    ------------------------------------------------
    Total:

D:\Project\Code\CYT4BB7\M-Car-Project\project\iar\Debug_m7_0\Obj\zf_device_6570275422786408770.dir: [48]
    zf_device_gnss.o           276               413
    zf_device_ips200.o       2'564       81       14
    zf_device_key.o            260       80       24
    zf_device_tsl1401.o        124               514
    zf_device_type.o             2        1        8
    ------------------------------------------------
    Total:                   3'226      162      973

D:\Project\Code\CYT4BB7\M-Car-Project\project\iar\Debug_m7_0\Obj\zf_driver_11922370083829174090.dir: [49]
    zf_driver_adc.o            116        1       84
    zf_driver_delay.o          644        1        3
    zf_driver_encoder.o      1'020        2       28
    zf_driver_gpio.o           272
    zf_driver_pit.o            920        6       60
    zf_driver_pwm.o          3'608       76
    zf_driver_spi.o          2'472       78       20
    zf_driver_uart.o         2'764       82      576
    ------------------------------------------------
    Total:                  11'816      246      771

dl7M_tln.a: [50]
    abort.o                      6
    exit.o                       4
    heap0.o                    316                 8
    heaptramp0.o                 4
    sprintf.o                   64
    strncmp.o                   42
    vla_alloc.o                 22
    vsprintf.o                  52
    xfail_s.o                   64                 4
    xgetmemchunk.o              44                 4
    xprintffull_nomb.o       3'758
    xsprout.o                   10
    ------------------------------------------------
    Total:                   4'386                16

m7M_tlv.a: [51]
    DblCmpGe.o                  52
    DblCmpLe.o                  52
    DblDiv.o                    18
    DblMul.o                    18
    DblSub.o                    18
    DblToS32.o                  14
    DblToU32.o                  14
    S32ToDbl.o                  14
    U32ToDbl.o                  14
    fpinit_M.o                  34
    frexp.o                    112
    ldexp.o                    260
    ------------------------------------------------
    Total:                     620

rt7M_tl.a: [52]
    ABImemclr4.o                 6
    ABImemcpy.o                166
    ABImemset.o                102
    ABImemset48.o               50
    I64DivMod.o                560
    I64DivZer.o                  2
    cexit.o                     10
    cmain.o                     30
    cstartup_M.o                28
    data_init.o                 40
    lz77_init_single.o         126
    memchr.o                    88
    strchr.o                    22
    strlen.o                    54
    strncpy.o                  112
    zero_init3.o                56
    ------------------------------------------------
    Total:                   1'452

shb_l.a: [53]
    exit.o                      20
    ------------------------------------------------
    Total:                      20

    Gaps                        36        6
    Linker created                       32    9'216
----------------------------------------------------
    Grand Total:            33'844    3'678   13'206


*******************************************************************************
*** ENTRY LIST
***

Entry                       Address   Size  Type      Object
-----                       -------   ----  ----      ------
.iar.init_table$$Base   0x1008'8e3c          --   Gb  - Linker created -
.iar.init_table$$Limit  0x1008'8e5c          --   Gb  - Linker created -
?main                   0x1008'8ee1         Code  Gb  cmain.o [52]
Aldata                  0x2802'0eb8    0x8  Data  Lc  heap0.o [50]
BusFault_Handler        0x1008'9195         Code  Wk  startup_cm7.o [31]
CSTACK$$Base            0x2807'e000          --   Gb  - Linker created -
CSTACK$$Limit           0x2808'0000          --   Gb  - Linker created -
CopyVectorTable         0x1008'8121   0x34  Code  Lc  startup.o [31]
CpuUserInt0_Handler     0x1008'86cb   0x26  Code  Gb  cy_interrupt_map.o [23]
CpuUserInt10_Handler    0x1008'91b1         Code  Wk  startup_cm7.o [31]
CpuUserInt11_Handler    0x1008'91b5         Code  Wk  startup_cm7.o [31]
CpuUserInt12_Handler    0x1008'91b9         Code  Wk  startup_cm7.o [31]
CpuUserInt13_Handler    0x1008'91bd         Code  Wk  startup_cm7.o [31]
CpuUserInt14_Handler    0x1008'91c1         Code  Wk  startup_cm7.o [31]
CpuUserInt15_Handler    0x1008'91c5         Code  Wk  startup_cm7.o [31]
CpuUserInt1_Handler     0x1008'86f1   0x26  Code  Gb  cy_interrupt_map.o [23]
CpuUserInt2_Handler     0x1008'8717   0x26  Code  Gb  cy_interrupt_map.o [23]
CpuUserInt3_Handler     0x1008'873d   0x26  Code  Gb  cy_interrupt_map.o [23]
CpuUserInt4_Handler     0x1008'8763   0x26  Code  Gb  cy_interrupt_map.o [23]
CpuUserInt5_Handler     0x1008'8789   0x26  Code  Gb  cy_interrupt_map.o [23]
CpuUserInt6_Handler     0x1008'87af   0x26  Code  Gb  cy_interrupt_map.o [23]
CpuUserInt7_Handler     0x1008'87d5   0x26  Code  Gb  cy_interrupt_map.o [23]
CpuUserInt8_Handler     0x1008'91a9         Code  Wk  startup_cm7.o [31]
CpuUserInt9_Handler     0x1008'91ad         Code  Wk  startup_cm7.o [31]
Cy_DefaultUserHandler   0x1008'86c9    0x2  Code  Gb  cy_interrupt_map.o [23]
Cy_GPIO_ClearInterrupt  0x1008'2953    0xe  Code  Lc  cy_gpio.o [14]
Cy_GPIO_Clr             0x1008'5479    0xa  Code  Lc  zf_driver_gpio.o [49]
Cy_GPIO_Pin_Init        0x1008'2997   0x72  Code  Gb  cy_gpio.o [14]
Cy_GPIO_Read            0x1008'5465    0xa  Code  Lc  zf_driver_gpio.o [49]
Cy_GPIO_Set             0x1008'546f    0xa  Code  Lc  zf_driver_gpio.o [49]
Cy_GPIO_SetDriveSel     0x1008'2935   0x1e  Code  Lc  cy_gpio.o [14]
Cy_GPIO_SetDrivemode    0x1008'28e5   0x1c  Code  Lc  cy_gpio.o [14]
Cy_GPIO_SetHSIOM        0x1008'2881   0x4c  Code  Lc  cy_gpio.o [14]
Cy_GPIO_SetInterruptEdge
                        0x1008'297b   0x1c  Code  Lc  cy_gpio.o [14]
Cy_GPIO_SetInterruptMask
                        0x1008'2961   0x1a  Code  Lc  cy_gpio.o [14]
Cy_GPIO_SetSlewRate     0x1008'291b   0x1a  Code  Lc  cy_gpio.o [14]
Cy_GPIO_SetVtrip        0x1008'2901   0x1a  Code  Lc  cy_gpio.o [14]
Cy_GPIO_Write           0x1008'28cd   0x18  Code  Lc  cy_gpio.o [14]
Cy_RestoreIRQ           0x1008'82dd         Code  Gb  startup_cm7.o [31]
Cy_SCB_ClearRxFifo      0x1008'2ded   0x1e  Code  Lc  zf_driver_uart.o [49]
Cy_SCB_ClearRxInterrupt
                        0x1008'2e53    0xa  Code  Lc  zf_driver_uart.o [49]
Cy_SCB_ClearTxInterrupt
                        0x1008'2e69    0xa  Code  Lc  zf_driver_uart.o [49]
Cy_SCB_GetFifoSize      0x1008'4aad   0x12  Code  Lc  zf_driver_spi.o [49]
Cy_SCB_GetNumInRxFifo   0x1008'2de3    0xa  Code  Lc  zf_driver_uart.o [49]
Cy_SCB_GetNumInTxFifo   0x1008'4a77    0xa  Code  Lc  zf_driver_spi.o [49]
Cy_SCB_GetNumInTxFifo   0x1008'2e11    0xa  Code  Lc  zf_driver_uart.o [49]
Cy_SCB_GetRxInterruptMask
                        0x1008'2e4d    0x6  Code  Lc  zf_driver_uart.o [49]
Cy_SCB_GetTxInterruptMask
                        0x1008'2e63    0x6  Code  Lc  zf_driver_uart.o [49]
Cy_SCB_GetTxSrValid     0x1008'4a81    0xa  Code  Lc  zf_driver_spi.o [49]
Cy_SCB_GetTxSrValid     0x1008'2e1b    0xa  Code  Lc  zf_driver_uart.o [49]
Cy_SCB_IsTxComplete     0x1008'4a8b   0x22  Code  Lc  zf_driver_spi.o [49]
Cy_SCB_IsTxComplete     0x1008'2e25   0x22  Code  Lc  zf_driver_uart.o [49]
Cy_SCB_ReadRxFifo       0x1008'2ddd    0x6  Code  Lc  zf_driver_uart.o [49]
Cy_SCB_SPI_Enable       0x1008'4abf    0xa  Code  Lc  zf_driver_spi.o [49]
Cy_SCB_SPI_Init         0x1008'57f9  0x1d8  Code  Gb  cy_scb_spi.o [24]
Cy_SCB_SPI_SetActiveSlaveSelect
                        0x1008'4ac9    0xc  Code  Lc  zf_driver_spi.o [49]
Cy_SCB_SetRxInterruptMask
                        0x1008'2e47    0x6  Code  Lc  zf_driver_uart.o [49]
Cy_SCB_SetTxInterruptMask
                        0x1008'2e5d    0x6  Code  Lc  zf_driver_uart.o [49]
Cy_SCB_UART_DeInit      0x1008'3efd   0x5c  Code  Gb  cy_scb_uart.o [24]
Cy_SCB_UART_Enable      0x1008'2e73    0xa  Code  Lc  zf_driver_uart.o [49]
Cy_SCB_UART_Init        0x1008'3c79  0x284  Code  Gb  cy_scb_uart.o [24]
Cy_SCB_WriteTxFifo      0x1008'4a71    0x6  Code  Lc  zf_driver_spi.o [49]
Cy_SCB_WriteTxFifo      0x1008'2e0b    0x6  Code  Lc  zf_driver_uart.o [49]
Cy_SaveIRQ              0x1008'82d5         Code  Gb  startup_cm7.o [31]
Cy_SysClk_CheckDividerExisting
                        0x1008'5575   0x2a  Code  Lc  zf_driver_delay.o [49]
Cy_SysClk_CheckDividerExisting
                        0x1008'7435   0x2c  Code  Lc  zf_driver_encoder.o [49]
Cy_SysClk_CheckDividerExisting
                        0x1008'79c1   0x2c  Code  Lc  zf_driver_pit.o [49]
Cy_SysClk_CheckDividerExisting
                        0x1008'15e1   0x2c  Code  Lc  zf_driver_pwm.o [49]
Cy_SysClk_CheckDividerExisting
                        0x1008'4ad5   0x2c  Code  Lc  zf_driver_spi.o [49]
Cy_SysClk_CheckDividerExisting
                        0x1008'2c39   0x2c  Code  Lc  zf_driver_uart.o [49]
Cy_SysClk_ClkPathGetSource
                        0x1008'5e79   0x54  Code  Gb  cy_sysclk.o [33]
Cy_SysClk_EcoGetStatus  0x1008'5d05   0x1a  Code  Lc  cy_sysclk.o [33]
Cy_SysClk_Fast0ClkGetDivider
                        0x1008'5e4d   0x16  Code  Lc  cy_sysclk.o [33]
Cy_SysClk_Fast1ClkGetDivider
                        0x1008'5e63   0x16  Code  Lc  cy_sysclk.o [33]
Cy_SysClk_FllGetConfiguration
                        0x1008'5ed5   0x7e  Code  Gb  cy_sysclk.o [33]
Cy_SysClk_FllGetLockStatus
                        0x1008'5d1f    0xc  Code  Lc  cy_sysclk.o [33]
Cy_SysClk_GetClockGroup
                        0x1008'561d    0x8  Code  Lc  zf_driver_delay.o [49]
Cy_SysClk_GetClockGroup
                        0x1008'74e3    0x8  Code  Lc  zf_driver_encoder.o [49]
Cy_SysClk_GetClockGroup
                        0x1008'7a6f    0x8  Code  Lc  zf_driver_pit.o [49]
Cy_SysClk_GetClockGroup
                        0x1008'168f    0x8  Code  Lc  zf_driver_pwm.o [49]
Cy_SysClk_GetClockGroup
                        0x1008'4bb9    0x8  Code  Lc  zf_driver_spi.o [49]
Cy_SysClk_GetClockGroup
                        0x1008'2d1d    0x8  Code  Lc  zf_driver_uart.o [49]
Cy_SysClk_GetCoreFrequency
                        0x1008'6599   0x2a  Code  Gb  cy_sysclk.o [33]
Cy_SysClk_GetEcoFrequency
                        0x1008'60a1   0x32  Code  Gb  cy_sysclk.o [33]
Cy_SysClk_GetExtFrequency
                        0x1008'60d5   0x1e  Code  Gb  cy_sysclk.o [33]
Cy_SysClk_GetFast0Frequency
                        0x1008'64ed   0x56  Code  Gb  cy_sysclk.o [33]
Cy_SysClk_GetFast1Frequency
                        0x1008'6543   0x56  Code  Gb  cy_sysclk.o [33]
Cy_SysClk_GetFllInputFrequency
                        0x1008'61f5    0xc  Code  Gb  cy_sysclk.o [33]
Cy_SysClk_GetFllOutputFrequency
                        0x1008'621d   0x78  Code  Gb  cy_sysclk.o [33]
Cy_SysClk_GetHfClkFrequency
                        0x1008'646f   0x7a  Code  Gb  cy_sysclk.o [33]
Cy_SysClk_GetIlo0Frequency
                        0x1008'60f3   0x32  Code  Gb  cy_sysclk.o [33]
Cy_SysClk_GetIlo1Frequency
                        0x1008'6125   0x32  Code  Gb  cy_sysclk.o [33]
Cy_SysClk_GetImoFrequency
                        0x1008'606f   0x32  Code  Gb  cy_sysclk.o [33]
Cy_SysClk_GetPathFrequency
                        0x1008'643d   0x32  Code  Gb  cy_sysclk.o [33]
Cy_SysClk_GetPathSourceFrequency
                        0x1008'6191   0x64  Code  Gb  cy_sysclk.o [33]
Cy_SysClk_GetPll400MNo  0x1008'5d69   0x14  Code  Lc  cy_sysclk.o [33]
Cy_SysClk_GetPllInputFrequency
                        0x1008'6201   0x1c  Code  Gb  cy_sysclk.o [33]
Cy_SysClk_GetPllNo      0x1008'5d2d   0x12  Code  Lc  cy_sysclk.o [33]
Cy_SysClk_GetPllOutputFrequency
                        0x1008'6299  0x1a0  Code  Gb  cy_sysclk.o [33]
Cy_SysClk_GetWcoFrequency
                        0x1008'6157   0x32  Code  Gb  cy_sysclk.o [33]
Cy_SysClk_HfClockGetDivider
                        0x1008'5e0b   0x42  Code  Lc  cy_sysclk.o [33]
Cy_SysClk_HfClockGetSource
                        0x1008'5db7   0x54  Code  Lc  cy_sysclk.o [33]
Cy_SysClk_InitGetFreqParams
                        0x1008'6055   0x1a  Code  Gb  cy_sysclk.o [33]
Cy_SysClk_PeriphAssignDivider
                        0x1008'5625   0x68  Code  Lc  zf_driver_delay.o [49]
Cy_SysClk_PeriphAssignDivider
                        0x1008'74eb   0x6a  Code  Lc  zf_driver_encoder.o [49]
Cy_SysClk_PeriphAssignDivider
                        0x1008'7a77   0x68  Code  Lc  zf_driver_pit.o [49]
Cy_SysClk_PeriphAssignDivider
                        0x1008'1697   0x6a  Code  Lc  zf_driver_pwm.o [49]
Cy_SysClk_PeriphAssignDivider
                        0x1008'4bc1   0x6a  Code  Lc  zf_driver_spi.o [49]
Cy_SysClk_PeriphAssignDivider
                        0x1008'2d25   0x6a  Code  Lc  zf_driver_uart.o [49]
Cy_SysClk_PeriphEnableDivider
                        0x1008'568d   0x4c  Code  Lc  zf_driver_delay.o [49]
Cy_SysClk_PeriphEnableDivider
                        0x1008'7555   0x4e  Code  Lc  zf_driver_encoder.o [49]
Cy_SysClk_PeriphEnableDivider
                        0x1008'7adf   0x4c  Code  Lc  zf_driver_pit.o [49]
Cy_SysClk_PeriphEnableDivider
                        0x1008'1701   0x4e  Code  Lc  zf_driver_pwm.o [49]
Cy_SysClk_PeriphEnableDivider
                        0x1008'4c2b   0x4e  Code  Lc  zf_driver_spi.o [49]
Cy_SysClk_PeriphEnableDivider
                        0x1008'2d8f   0x4e  Code  Lc  zf_driver_uart.o [49]
Cy_SysClk_PeriphSetDivider
                        0x1008'559f   0x7e  Code  Lc  zf_driver_delay.o [49]
Cy_SysClk_PeriphSetDivider
                        0x1008'7461   0x82  Code  Lc  zf_driver_encoder.o [49]
Cy_SysClk_PeriphSetDivider
                        0x1008'79ed   0x82  Code  Lc  zf_driver_pit.o [49]
Cy_SysClk_PeriphSetDivider
                        0x1008'160d   0x82  Code  Lc  zf_driver_pwm.o [49]
Cy_SysClk_PeriphSetFracDivider
                        0x1008'4b01   0xb8  Code  Lc  zf_driver_spi.o [49]
Cy_SysClk_PeriphSetFracDivider
                        0x1008'2c65   0xb8  Code  Lc  zf_driver_uart.o [49]
Cy_SysClk_Pll400MGetConfiguration
                        0x1008'5fc1   0x84  Code  Gb  cy_sysclk.o [33]
Cy_SysClk_Pll400MGetLockStatus
                        0x1008'5d7d   0x2a  Code  Lc  cy_sysclk.o [33]
Cy_SysClk_PllGetConfiguration
                        0x1008'5f6d   0x48  Code  Gb  cy_sysclk.o [33]
Cy_SysClk_PllGetLockStatus
                        0x1008'5d3f   0x28  Code  Lc  cy_sysclk.o [33]
Cy_SysClk_WcoOkay       0x1008'5da9    0xe  Code  Lc  cy_sysclk.o [33]
Cy_SysInt_InitIRQ       0x1008'3f8d   0x7e  Code  Gb  cy_sysint.o [35]
Cy_SysInt_SetSystemIrqVector
                        0x1008'400b   0x12  Code  Gb  cy_sysint.o [35]
Cy_SysInt_SystemIrqUserTableRamPointer
                        0x2802'06ec    0x4  Data  Gb  cy_interrupt_map.o [23]
Cy_SysLib_DelayCycles   0x1008'8ec1         Code  Gb  cy_syslib_iar.o [36]
Cy_SysLib_EnterCriticalSection
                        0x1008'8ed1         Code  Gb  cy_syslib_iar.o [36]
Cy_SysLib_ExitCriticalSection
                        0x1008'8ed9         Code  Gb  cy_syslib_iar.o [36]
Cy_SysLib_FaultHandler  0x1008'6661   0x90  Code  Gb  cy_syslib.o [36]
Cy_SysLib_Halt          0x1008'665d    0x4  Code  Gb  cy_syslib.o [36]
Cy_SysLib_ProcessingFault
                        0x1008'6705    0x2  Code  Wk  cy_syslib.o [36]
Cy_SysLib_SvcHandler    0x1008'9099    0xc  Code  Wk  cy_syslib.o [36]
Cy_SystemInitFpuEnable  0x1008'8275   0x1e  Code  Gb  system_tviibh4m_cm7.o [22]
Cy_SystemIrqUserTable   0x2802'0000  0x6ec  Data  Gb  cy_interrupt_map.o [23]
Cy_Tcpwm_Counter_ClearTC_Intr
                        0x1008'5cc7   0x10  Code  Gb  cy_tcpwm_counter.o [43]
Cy_Tcpwm_Counter_Enable
                        0x1008'5ca9    0xa  Code  Gb  cy_tcpwm_counter.o [43]
Cy_Tcpwm_Counter_GetCounter
                        0x1008'5cb7    0x4  Code  Gb  cy_tcpwm_counter.o [43]
Cy_Tcpwm_Counter_Init   0x1008'5b29  0x16c  Code  Gb  cy_tcpwm_counter.o [43]
Cy_Tcpwm_Counter_SetCounter
                        0x1008'5cb3    0x4  Code  Gb  cy_tcpwm_counter.o [43]
Cy_Tcpwm_Counter_SetTC_IntrMask
                        0x1008'5cbb    0xc  Code  Gb  cy_tcpwm_counter.o [43]
Cy_Tcpwm_Pwm_Enable     0x1008'2c15    0xa  Code  Gb  cy_tcpwm_pwm.o [43]
Cy_Tcpwm_Pwm_Init       0x1008'2a15  0x1e4  Code  Gb  cy_tcpwm_pwm.o [43]
Cy_Tcpwm_QuadDec_DeInit
                        0x1008'7971   0x3e  Code  Gb  cy_tcpwm_quaddec.o [43]
Cy_Tcpwm_QuadDec_Enable
                        0x1008'79af    0xa  Code  Gb  cy_tcpwm_quaddec.o [43]
Cy_Tcpwm_QuadDec_GetCounter
                        0x1008'79bd    0x4  Code  Gb  cy_tcpwm_quaddec.o [43]
Cy_Tcpwm_QuadDec_Init   0x1008'7831  0x12a  Code  Gb  cy_tcpwm_quaddec.o [43]
Cy_Tcpwm_QuadDec_SetCounter
                        0x1008'79b9    0x4  Code  Gb  cy_tcpwm_quaddec.o [43]
Cy_Tcpwm_TriggerReloadOrIndex
                        0x1008'2c2b    0xc  Code  Gb  cy_tcpwm.o [43]
Cy_Tcpwm_TriggerStart   0x1008'2c1f    0xc  Code  Gb  cy_tcpwm.o [43]
Cy_u32StartupStackEndAddress
                        0x1008'8a84         Data  Gb  startup_cm7.o [31]
Cy_u32StartupStackStartAddress
                        0x1008'8a80         Data  Gb  startup_cm7.o [31]
DebugMon_Handler        0x1008'919d         Code  Wk  startup_cm7.o [31]
Debug_MOTOR_UI          0x1008'6d21   0x7c  Code  Gb  Debug.o [5]
Debug_Motor             0x1008'6ea1  0x2fc  Code  Gb  Debug.o [5]
Debug_Page_Menu         0x1008'6d9d   0xfe  Code  Gb  Debug.o [5]
Debug_Page_Menu_UI      0x1008'6cf9   0x28  Code  Gb  Debug.o [5]
ENC_FL_CNT              0x2802'0ec4    0x4  Data  Gb  Motor.o [5]
ENC_FR_CNT              0x2802'0ec8    0x4  Data  Gb  Motor.o [5]
ENC_RL_CNT              0x2802'0ecc    0x4  Data  Gb  Motor.o [5]
ENC_RR_CNT              0x2802'0ed0    0x4  Data  Gb  Motor.o [5]
HEAP$$Base              0x2807'dc00          --   Gb  - Linker created -
HEAP$$Limit             0x2807'e000          --   Gb  - Linker created -
HEAP_STACK$$Base        0x2807'dc00          --   Gb  - Linker created -
HEAP_STACK$$Limit       0x2808'0000          --   Gb  - Linker created -
HardFault_Handler       0x1008'8e9d         Code  Wk  startup_cm7.o [31]
InitRamEcc              0x1008'800f  0x100  Code  Lc  startup.o [31]
InitRamEccClearArea     0x1008'810f   0x12  Code  Lc  startup.o [31]
MemManage_Handler       0x1008'9191         Code  Wk  startup_cm7.o [31]
Menu_Show               0x1008'889d  0x11c  Code  Gb  Menu.o [5]
Menu_UI                 0x1008'8867   0x36  Code  Gb  Menu.o [5]
Motor_ALL_Zero          0x1008'7411   0x24  Code  Gb  Motor.o [5]
Motor_Set               0x1008'7381   0x88  Code  Gb  Motor.o [5]
Motor_init              0x1008'72f9   0x88  Code  Gb  Motor.o [5]
NMI_Handler             0x1008'918d         Code  Wk  startup_cm7.o [31]
PendSV_Handler          0x1008'91a1         Code  Wk  startup_cm7.o [31]
Peripheral_Init         0x1008'8845   0x22  Code  Gb  Menu.o [5]
Region$$Table$$Base     0x1008'8e3c          --   Gb  - Linker created -
Region$$Table$$Limit    0x1008'8e5c          --   Gb  - Linker created -
Reset_Handler           0x1008'89d9         Code  Wk  startup_cm7.o [31]
SVC_Handler             0x1008'8fa1         Code  Wk  startup_cm7.o [31]
Startup_Init            0x1008'7f81   0x8e  Code  Gb  startup.o [31]
SysTick_Handler         0x1008'91a5         Code  Wk  startup_cm7.o [31]
SystemCoreClock         0x2802'0ed4    0x4  Data  Gb  system_tviibh4m_cm7.o [22]
SystemCoreClockUpdate   0x1008'81e1   0x94  Code  Gb  system_tviibh4m_cm7.o [22]
SystemInit              0x1008'8185   0x5c  Code  Gb  system_tviibh4m_cm7.o [22]
Time_Count1             0x2802'0f08    0x2  Data  Gb  cm7_0_isr.o [45]
Time_Count2             0x2802'0f0a    0x2  Data  Gb  cm7_0_isr.o [45]
UsageFault_Handler      0x1008'9199         Code  Wk  startup_cm7.o [31]
_LC                     0x1008'0081    0x6  Code  Lc  xprintffull_nomb.o [50]
_LitobFullNoMb          0x1008'0d4d  0x114  Code  Lc  xprintffull_nomb.o [50]
_PrintfFullNoMb         0x1008'0087  0xc98  Code  Gb  xprintffull_nomb.o [50]
_PutcharsFullNoMb       0x1008'0eb9   0x2e  Code  Lc  xprintffull_nomb.o [50]
_SProut                 0x1008'0fc3    0xa  Code  Gb  xsprout.o [50]
__NVIC_ClearPendingIRQ  0x1008'86ad   0x1c  Code  Lc  cy_interrupt_map.o [23]
__NVIC_ClearPendingIRQ  0x1008'3ba9   0x1c  Code  Lc  zf_common_interrupt.o [46]
__NVIC_EnableIRQ        0x1008'3b8d   0x1c  Code  Lc  zf_common_interrupt.o [46]
__NVIC_SetPriority      0x1008'3bc5   0x24  Code  Lc  zf_common_interrupt.o [46]
__Vectors               0x1008'0000          --   Gb  startup_cm7.o [31]
__Vectors_End           0x1008'0080         Data  Gb  startup_cm7.o [31]
__Vectors_Size {Abs}           0x80          --   Gb  startup_cm7.o [31]
__aeabi_cdcmple         0x1008'11b5         Code  Gb  DblCmpLe.o [51]
__aeabi_cdrcmple        0x1008'11e9         Code  Gb  DblCmpGe.o [51]
__aeabi_d2iz            0x1008'1321    0xe  Code  Gb  DblToS32.o [51]
__aeabi_d2uiz           0x1008'1361    0xe  Code  Gb  DblToU32.o [51]
__aeabi_ddiv            0x1008'134f   0x12  Code  Gb  DblDiv.o [51]
__aeabi_dmul            0x1008'137d   0x12  Code  Gb  DblMul.o [51]
__aeabi_dsub            0x1008'133d   0x12  Code  Gb  DblSub.o [51]
__aeabi_i2d             0x1008'132f    0xe  Code  Gb  S32ToDbl.o [51]
__aeabi_ldiv0           0x1008'15c9         Code  Gb  I64DivZer.o [52]
__aeabi_memclr4         0x1008'3c71         Code  Gb  ABImemclr4.o [52]
__aeabi_memcpy          0x1008'109d         Code  Gb  ABImemcpy.o [52]
__aeabi_memcpy4         0x1008'10bd         Code  Gb  ABImemcpy.o [52]
__aeabi_memcpy8         0x1008'10bd         Code  Gb  ABImemcpy.o [52]
__aeabi_memset          0x1008'2819         Code  Gb  ABImemset.o [52]
__aeabi_ui2d            0x1008'136f    0xe  Code  Gb  U32ToDbl.o [51]
__aeabi_uldivmod        0x1008'1391         Code  Gb  I64DivMod.o [52]
__basic_free            0x1008'5a95   0x16  Code  Gb  heap0.o [50]
__basic_free_intern     0x1008'5aab   0x74  Code  Lc  heap0.o [50]
__basic_malloc          0x1008'59e9   0x18  Code  Gb  heap0.o [50]
__basic_malloc_intern   0x1008'5a01   0x94  Code  Lc  heap0.o [50]
__cmain                 0x1008'8ee1         Code  Gb  cmain.o [52]
__data_GetMemChunk      0x1008'5cd9   0x2c  Code  Gb  xgetmemchunk.o [50]
__data_GetMemChunk::start
                        0x2802'0f00    0x4  Data  Lc  xgetmemchunk.o [50]
__ecc_init_dtcm_end_address {Abs}
                        0x2000'3fff         Data  Gb  <internal module>
__ecc_init_dtcm_start_address {Abs}
                        0x2000'0000         Data  Gb  <internal module>
__ecc_init_itcm_end_address {Abs}
                             0x3fff         Data  Gb  <internal module>
__ecc_init_itcm_start_address {Abs}
                                0x0         Data  Gb  <internal module>
__ecc_init_sram_end_address {Abs}
                        0x2807'ffff         Data  Gb  <internal module>
__ecc_init_sram_start_address {Abs}
                        0x2802'0000         Data  Gb  <internal module>
__exit                  0x1008'15cd   0x14  Code  Gb  exit.o [53]
__iar_Fail_s            0x1008'0fcd   0x1c  Code  Gb  xfail_s.o [50]
__iar_Memchr            0x1008'1045         Code  Gb  memchr.o [52]
__iar_Memset            0x1008'2819         Code  Gb  ABImemset.o [52]
__iar_Memset4_word      0x1008'4039         Code  Gb  ABImemset48.o [52]
__iar_Memset8_word      0x1008'4039         Code  Gb  ABImemset48.o [52]
__iar_Memset_word       0x1008'2821         Code  Gb  ABImemset.o [52]
__iar_Strchr            0x1008'0fad         Code  Gb  strchr.o [52]
__iar_data_init3        0x1008'8df1   0x28  Code  Gb  data_init.o [52]
__iar_frexp             0x1008'1151         Code  Gb  frexp.o [51]
__iar_frexpl            0x1008'1151         Code  Gb  frexp.o [51]
__iar_init_vfp          0x1008'8e19         Code  Gb  fpinit_M.o [51]
__iar_ldexp64           0x1008'1231         Code  Gb  ldexp.o [51]
__iar_lz77_init_single3
                        0x1008'0f2f   0x7e  Code  Gb  lz77_init_single.o [52]
__iar_program_start     0x1008'8fbd         Code  Gb  cstartup_M.o [52]
__iar_scalbln64         0x1008'1231         Code  Gb  ldexp.o [51]
__iar_scalbn64          0x1008'1231         Code  Gb  ldexp.o [51]
__iar_softfp___iar_frexp64
                        0x1008'1145         Code  Gb  frexp.o [51]
__iar_softfp___iar_ldexp64
                        0x1008'121d         Code  Gb  ldexp.o [51]
__iar_softfp___iar_scalbln64
                        0x1008'121d         Code  Gb  ldexp.o [51]
__iar_softfp___iar_scalbn64
                        0x1008'121d         Code  Gb  ldexp.o [51]
__iar_softfp_frexp      0x1008'1145         Code  Gb  frexp.o [51]
__iar_softfp_frexpl     0x1008'1145         Code  Gb  frexp.o [51]
__iar_softfp_ldexp      0x1008'121d         Code  Gb  ldexp.o [51]
__iar_softfp_ldexpl     0x1008'121d         Code  Gb  ldexp.o [51]
__iar_softfp_scalbln    0x1008'121d         Code  Gb  ldexp.o [51]
__iar_softfp_scalblnl   0x1008'121d         Code  Gb  ldexp.o [51]
__iar_softfp_scalbn     0x1008'121d         Code  Gb  ldexp.o [51]
__iar_softfp_scalbnl    0x1008'121d         Code  Gb  ldexp.o [51]
__iar_vla_alloc2        0x1008'5419   0x12  Code  Gb  vla_alloc.o [50]
__iar_vla_dealloc2      0x1008'542b    0x4  Code  Gb  vla_alloc.o [50]
__iar_zero_init3        0x1008'8d6d   0x38  Code  Gb  zero_init3.o [52]
__low_level_init        0x1008'8f01         Code  Gb  startup_cm7.o [31]
__ramVectors            0x2802'0f80         Data  Gb  startup_cm7.o [31]
__vector_table          0x1008'0000         Data  Gb  startup_cm7.o [31]
__vector_table_0x1c     0x1008'001c         Data  Gb  startup_cm7.o [31]
_call_main              0x1008'8eed         Code  Gb  cmain.o [52]
_exit                   0x1008'8f09         Code  Gb  cexit.o [52]
abort                   0x1008'15c1    0x6  Code  Gb  abort.o [50]
adc_convert             0x1008'860d   0x6c  Code  Gb  zf_driver_adc.o [49]
adc_resolution          0x2802'0d9c   0x48  Data  Lc  zf_driver_adc.o [49]
ascii_font_6x8          0x1008'7d58  0x228  Data  Gb  zf_common_font.o [46]
ascii_font_8x16         0x1008'6708  0x5f0  Data  Gb  zf_common_font.o [46]
assert_interrupt_config
                        0x1008'3c21    0xc  Code  Gb  zf_common_interrupt.o [46]
clock_init              0x1008'8dd5   0x16  Code  Gb  zf_common_clock.o [46]
cs_pin_save             0x2802'0efc    0x4  Data  Gb  zf_driver_spi.o [49]
cy_assertFileName       0x2802'0e3c   0x18  Data  Gb  cy_syslib.o [36]
cy_assertLine           0x2802'0ec0    0x4  Data  Gb  cy_syslib.o [36]
cy_delay32kMs           0x2802'0ee4    0x4  Data  Gb  system_tviibh4m_cm7.o [22]
cy_delayFreqHz          0x2802'0ed8    0x4  Data  Gb  system_tviibh4m_cm7.o [22]
cy_delayFreqKhz         0x2802'0edc    0x4  Data  Gb  system_tviibh4m_cm7.o [22]
cy_delayFreqMhz         0x2802'0ee0    0x4  Data  Gb  system_tviibh4m_cm7.o [22]
cy_faultFrame           0x2802'0cbc   0x70  Data  Gb  cy_syslib.o [36]
debug_assert_handler    0x1008'2717   0x3c  Code  Gb  zf_common_debug.o [46]
debug_assert_handler::assert_nest_index
                        0x2802'0f0f    0x1  Data  Lc  zf_common_debug.o [46]
debug_delay             0x1008'23f9   0x36  Code  Lc  zf_common_debug.o [46]
debug_info_init         0x1008'279d   0x18  Code  Gb  zf_common_debug.o [46]
debug_init              0x1008'27b5   0x2a  Code  Gb  zf_common_debug.o [46]
debug_interrupr_handler
                        0x1008'26f7   0x20  Code  Gb  zf_common_debug.o [46]
debug_output            0x1008'243b  0x2bc  Code  Lc  zf_common_debug.o [46]
debug_output_info       0x2802'0e84   0x14  Data  Lc  zf_common_debug.o [46]
debug_output_init       0x1008'2773   0x2a  Code  Gb  zf_common_debug.o [46]
debug_output_struct_init
                        0x1008'2753   0x20  Code  Gb  zf_common_debug.o [46]
debug_uart_buffer       0x2802'0de4   0x40  Data  Gb  zf_common_debug.o [46]
debug_uart_data         0x2802'0f0e    0x1  Data  Gb  zf_common_debug.o [46]
debug_uart_fifo         0x2802'0e54   0x18  Data  Gb  zf_common_debug.o [46]
debug_uart_str_output   0x1008'242f    0xc  Code  Lc  zf_common_debug.o [46]
delay_clk               0x2802'07a8    0x2  Data  Lc  zf_driver_delay.o [49]
divNumLocator           0x1008'90a4    0x8  Data  Gb  cy_sysclk.o [33]
encoder_clear_count     0x1008'768b   0x2e  Code  Gb  zf_driver_encoder.o [49]
encoder_clk             0x2802'0704    0x8  Data  Gb  zf_driver_encoder.o [49]
encoder_get_count       0x1008'763b   0x50  Code  Gb  zf_driver_encoder.o [49]
encoder_mode            0x2802'0ef8    0x4  Data  Lc  zf_driver_encoder.o [49]
encoder_module          0x2802'070c   0x10  Data  Gb  zf_driver_encoder.o [49]
encoder_quad_init       0x1008'76b9  0x15a  Code  Gb  zf_driver_encoder.o [49]
exit                    0x1008'8f05    0x4  Code  Gb  exit.o [50]
fifo_clear              0x1008'3779   0x74  Code  Gb  zf_common_fifo.o [46]
fifo_end_offset         0x1008'375f   0x1a  Code  Lc  zf_common_fifo.o [46]
fifo_head_offset        0x1008'3745   0x1a  Code  Lc  zf_common_fifo.o [46]
fifo_init               0x1008'3b4f   0x3a  Code  Gb  zf_common_fifo.o [46]
fifo_read_buffer        0x1008'39af  0x1a0  Code  Gb  zf_common_fifo.o [46]
fifo_used               0x1008'37ed   0x22  Code  Gb  zf_common_fifo.o [46]
fifo_write_buffer       0x1008'380f  0x1a0  Code  Gb  zf_common_fifo.o [46]
free                    0x1008'5b25    0x4  Code  Gb  heaptramp0.o [50]
get_ch1_hsiom           0x1008'75c9   0x26  Code  Lc  zf_driver_encoder.o [49]
get_ch1_pin             0x1008'75a3   0x26  Code  Lc  zf_driver_encoder.o [49]
get_ch2_hsiom           0x1008'7615   0x26  Code  Lc  zf_driver_encoder.o [49]
get_ch2_pin             0x1008'75ef   0x26  Code  Lc  zf_driver_encoder.o [49]
get_pwm_ch              0x1008'1e29  0x368  Code  Lc  zf_driver_pwm.o [49]
get_pwm_pin             0x1008'174f  0x368  Code  Lc  zf_driver_pwm.o [49]
get_pwm_pin_hsiom       0x1008'1ab7  0x36a  Code  Lc  zf_driver_pwm.o [49]
get_uart_config         0x1008'2f77  0x20a  Code  Lc  zf_driver_uart.o [49]
gnss_flag               0x2802'0f10    0x1  Data  Gb  zf_device_gnss.o [48]
gnss_gga_state          0x2802'0f12    0x1  Data  Lc  zf_device_gnss.o [48]
gnss_receiver_fifo      0x2802'0e6c   0x18  Data  Lc  zf_device_gnss.o [48]
gnss_rmc_state          0x2802'0f13    0x1  Data  Lc  zf_device_gnss.o [48]
gnss_state              0x2802'0f11    0x1  Data  Lc  zf_device_gnss.o [48]
gnss_ths_state          0x2802'0f14    0x1  Data  Lc  zf_device_gnss.o [48]
gnss_uart_callback      0x1008'84f9   0xe2  Code  Gb  zf_device_gnss.o [48]
gpio_get_level          0x1008'54c7   0x22  Code  Gb  zf_driver_gpio.o [49]
gpio_init               0x1008'54e9   0x88  Code  Gb  zf_driver_gpio.o [49]
gpio_set_level          0x1008'5483   0x44  Code  Gb  zf_driver_gpio.o [49]
gps_gga_buffer          0x2802'0b3c   0x80  Data  Lc  zf_device_gnss.o [48]
gps_rmc_buffer          0x2802'0bbc   0x80  Data  Lc  zf_device_gnss.o [48]
gps_ths_buffer          0x2802'0c3c   0x80  Data  Lc  zf_device_gnss.o [48]
intFreqInitialized      0x2802'0f0c    0x1  Data  Gb  cy_sysclk.o [33]
internalBaseFreqInfo    0x2802'0e24   0x18  Data  Gb  cy_sysclk.o [33]
interrupt_global_disable
                        0x1008'3bf9   0x14  Code  Gb  zf_common_interrupt.o [46]
interrupt_global_enable
                        0x1008'3be9   0x10  Code  Gb  zf_common_interrupt.o [46]
interrupt_global_flag   0x2802'0eec    0x4  Data  Lc  zf_common_interrupt.o [46]
interrupt_init          0x1008'3c39   0x36  Code  Gb  zf_common_interrupt.o [46]
interrupt_set_priority  0x1008'3c2d    0xc  Code  Gb  zf_common_interrupt.o [46]
ips200_bgcolor          0x2802'07a6    0x2  Data  Lc  zf_device_ips200.o [48]
ips200_clear            0x1008'42f9   0x92  Code  Gb  zf_device_ips200.o [48]
ips200_debug_init       0x1008'428f   0x68  Code  Lc  zf_device_ips200.o [48]
ips200_display_dir      0x2802'0f16    0x1  Data  Lc  zf_device_ips200.o [48]
ips200_display_font     0x2802'07ac    0x1  Data  Lc  zf_device_ips200.o [48]
ips200_display_type     0x2802'0f15    0x1  Data  Lc  zf_device_ips200.o [48]
ips200_height_max       0x2802'07a2    0x2  Data  Gb  zf_device_ips200.o [48]
ips200_init             0x1008'46f7  0x34a  Code  Gb  zf_device_ips200.o [48]
ips200_pencolor         0x2802'07a4    0x2  Data  Lc  zf_device_ips200.o [48]
ips200_printf           0x1008'46cd   0x2a  Code  Gb  zf_device_ips200.o [48]
ips200_set_color        0x1008'43c9    0xe  Code  Gb  zf_device_ips200.o [48]
ips200_set_dir          0x1008'438b   0x3e  Code  Gb  zf_device_ips200.o [48]
ips200_set_region       0x1008'41c9   0xc6  Code  Lc  zf_device_ips200.o [48]
ips200_show_char        0x1008'43d7  0x206  Code  Gb  zf_device_ips200.o [48]
ips200_show_string      0x1008'45e1   0xaa  Code  Gb  zf_device_ips200.o [48]
ips200_width_max        0x2802'07a0    0x2  Data  Gb  zf_device_ips200.o [48]
ips200_write_16bit_data
                        0x1008'4113   0x54  Code  Gb  zf_device_ips200.o [48]
ips200_write_16bit_data_array
                        0x1008'4167   0x62  Code  Lc  zf_device_ips200.o [48]
ips200_write_8bit_data  0x1008'40d5   0x3e  Code  Lc  zf_device_ips200.o [48]
ips200_write_command    0x1008'4077   0x5e  Code  Lc  zf_device_ips200.o [48]
ips200_write_data       0x1008'406d    0xa  Code  Lc  zf_device_ips200.o [48]
ips_bl_pin              0x2802'07ae    0x1  Data  Lc  zf_device_ips200.o [48]
ips_cs_pin              0x2802'07af    0x1  Data  Lc  zf_device_ips200.o [48]
ips_rst_pin             0x2802'07ad    0x1  Data  Lc  zf_device_ips200.o [48]
key_clear_state         0x1008'7291    0xa  Code  Gb  zf_device_key.o [48]
key_get_state           0x1008'7289    0x8  Code  Gb  zf_device_key.o [48]
key_index               0x1008'9188    0x4  Data  Lc  zf_device_key.o [48]
key_init                0x1008'729b   0x4a  Code  Gb  zf_device_key.o [48]
key_press_time          0x2802'0e98   0x10  Data  Lc  zf_device_key.o [48]
key_scanner             0x1008'71f5   0x94  Code  Gb  zf_device_key.o [48]
key_state               0x2802'0ef4    0x4  Data  Lc  zf_device_key.o [48]
ldexp                   0x1008'1231         Code  Gb  ldexp.o [51]
ldexpl                  0x1008'1231         Code  Gb  ldexp.o [51]
main                    0x1008'8da5   0x30  Code  Gb  main_cm7_0.o [45]
memchr                  0x1008'1045         Code  Gb  memchr.o [52]
menu_flag               0x2802'07aa    0x1  Data  Gb  Menu.o [5]
pit0_ch0_isr            0x1008'82e5   0x3a  Code  Gb  cm7_0_isr.o [45]
pit0_ch10_isr           0x1008'8377    0xa  Code  Gb  cm7_0_isr.o [45]
pit0_ch11_isr           0x1008'8381    0xa  Code  Gb  cm7_0_isr.o [45]
pit0_ch12_isr           0x1008'838b    0xa  Code  Gb  cm7_0_isr.o [45]
pit0_ch13_isr           0x1008'8395    0xa  Code  Gb  cm7_0_isr.o [45]
pit0_ch14_isr           0x1008'839f    0xa  Code  Gb  cm7_0_isr.o [45]
pit0_ch15_isr           0x1008'83a9    0xa  Code  Gb  cm7_0_isr.o [45]
pit0_ch16_isr           0x1008'83b3    0xa  Code  Gb  cm7_0_isr.o [45]
pit0_ch17_isr           0x1008'83bd    0xa  Code  Gb  cm7_0_isr.o [45]
pit0_ch18_isr           0x1008'83c7    0xa  Code  Gb  cm7_0_isr.o [45]
pit0_ch19_isr           0x1008'83d1    0xa  Code  Gb  cm7_0_isr.o [45]
pit0_ch1_isr            0x1008'831f   0x4e  Code  Gb  cm7_0_isr.o [45]
pit0_ch20_isr           0x1008'83db    0xa  Code  Gb  cm7_0_isr.o [45]
pit0_ch21_isr           0x1008'83e5    0xe  Code  Gb  cm7_0_isr.o [45]
pit0_ch2_isr            0x1008'836d    0xa  Code  Gb  cm7_0_isr.o [45]
pit_init                0x1008'7b55  0x1ee  Code  Gb  zf_driver_pit.o [49]
pit_isr_flag_clear      0x1008'7b2b   0x2a  Code  Gb  zf_driver_pit.o [49]
pit_isr_func            0x2802'071c   0x3c  Data  Gb  zf_driver_pit.o [49]
pwm_all_channel_close   0x1008'2191   0x1a  Code  Gb  zf_driver_pwm.o [49]
pwm_init                0x1008'2205  0x1e4  Code  Gb  zf_driver_pwm.o [49]
pwm_set_duty            0x1008'21ab   0x5a  Code  Gb  zf_driver_pwm.o [49]
sar_adc                 0x2802'06f8    0xc  Data  Lc  zf_driver_adc.o [49]
scalbln                 0x1008'1231         Code  Gb  ldexp.o [51]
scalblnl                0x1008'1231         Code  Gb  ldexp.o [51]
scalbn                  0x1008'1231         Code  Gb  ldexp.o [51]
scalbnl                 0x1008'1231         Code  Gb  ldexp.o [51]
scale                   0x1008'0e61   0x46  Code  Lc  xprintffull_nomb.o [50]
scanner_period          0x2802'0ef0    0x4  Data  Lc  zf_device_key.o [48]
scb_module              0x2802'0784   0x1c  Data  Gb  zf_driver_uart.o [49]
sec_hand                0x2802'0f04    0x4  Data  Lc  xfail_s.o [50]
spi_get_clk_hsiom       0x1008'4d35   0x28  Code  Lc  zf_driver_spi.o [49]
spi_get_clk_pin         0x1008'4c79   0x28  Code  Lc  zf_driver_spi.o [49]
spi_get_cs_hsiom        0x1008'4dad   0x44  Code  Lc  zf_driver_spi.o [49]
spi_get_cs_pin          0x1008'4cf1   0x44  Code  Lc  zf_driver_spi.o [49]
spi_get_miso_hsiom      0x1008'4d85   0x28  Code  Lc  zf_driver_spi.o [49]
spi_get_miso_pin        0x1008'4cc9   0x28  Code  Lc  zf_driver_spi.o [49]
spi_get_mosi_hsiom      0x1008'4d5d   0x28  Code  Lc  zf_driver_spi.o [49]
spi_get_mosi_pin        0x1008'4ca1   0x28  Code  Lc  zf_driver_spi.o [49]
spi_init                0x1008'5151  0x2b2  Code  Gb  zf_driver_spi.o [49]
spi_module              0x2802'0758   0x10  Data  Gb  zf_driver_spi.o [49]
spi_write_16bit         0x1008'4fd7   0xaa  Code  Gb  zf_driver_spi.o [49]
spi_write_16bit_array   0x1008'5081   0xb6  Code  Gb  zf_driver_spi.o [49]
spi_write_8bit          0x1008'4f2d   0xaa  Code  Gb  zf_driver_spi.o [49]
sprintf                 0x1008'3705   0x40  Code  Gb  sprintf.o [50]
strchr                  0x1008'0fad         Code  Gb  strchr.o [52]
strlen                  0x1008'100d         Code  Gb  strlen.o [52]
strncmp                 0x1008'8681   0x2a  Code  Gb  strncmp.o [50]
strncpy                 0x1008'65ed         Code  Gb  strncpy.o [52]
switch_transition_length
                        0x1008'4df1  0x13c  Code  Lc  zf_driver_spi.o [49]
system_clock            0x2802'0ee8    0x4  Data  Gb  zf_common_clock.o [46]
system_delay_init       0x1008'5737   0xa6  Code  Gb  zf_driver_delay.o [49]
system_delay_ms         0x1008'56d9   0x5e  Code  Gb  zf_driver_delay.o [49]
timer_ch                0x2802'07b0    0x1  Data  Lc  zf_driver_delay.o [49]
tsl1401_collect_pit_handler
                        0x1008'847d   0x68  Code  Gb  zf_device_tsl1401.o [48]
tsl1401_data            0x2802'07b4  0x200  Data  Gb  zf_device_tsl1401.o [48]
tsl1401_finish_flag     0x2802'0f18    0x1  Data  Gb  zf_device_tsl1401.o [48]
tsl1401_init_state      0x2802'0f17    0x1  Data  Lc  zf_device_tsl1401.o [48]
type_default_callback   0x1008'91c9    0x2  Code  Lc  zf_device_type.o [48]
uart0_isr               0x1008'83f3   0x12  Code  Gb  cm7_0_isr.o [45]
uart1_isr               0x1008'8405   0x14  Code  Gb  cm7_0_isr.o [45]
uart2_isr               0x1008'8419   0x12  Code  Gb  cm7_0_isr.o [45]
uart3_isr               0x1008'842b    0xa  Code  Gb  cm7_0_isr.o [45]
uart4_isr               0x1008'8435   0x14  Code  Gb  cm7_0_isr.o [45]
uart5_isr               0x1008'8469    0xa  Code  Gb  cm7_0_isr.o [45]
uart6_isr               0x1008'8473    0xa  Code  Gb  cm7_0_isr.o [45]
uart_context            0x2802'09b4  0x188  Data  Gb  zf_driver_uart.o [49]
uart_data_buffer        0x2802'0d2c   0x70  Data  Lc  zf_driver_uart.o [49]
uart_data_buffer_count  0x2802'0ea8    0x8  Data  Lc  zf_driver_uart.o [49]
uart_data_refresh       0x2802'0eb0    0x8  Data  Lc  zf_driver_uart.o [49]
uart_init               0x1008'3505  0x1c0  Code  Gb  zf_driver_uart.o [49]
uart_isr_func           0x2802'0768   0x1c  Data  Gb  zf_driver_uart.o [49]
uart_isr_mask           0x1008'2e7d   0xfa  Code  Gb  zf_driver_uart.o [49]
uart_query_byte         0x1008'31c5   0x74  Code  Gb  zf_driver_uart.o [49]
uart_receiver_handler   0x2802'06f4    0x4  Data  Gb  zf_device_type.o [48]
uart_rx_interrupt       0x1008'3355  0x1a8  Code  Gb  zf_driver_uart.o [49]
uart_tx_interrupt       0x1008'3239  0x11c  Code  Gb  zf_driver_uart.o [49]
uart_write_byte         0x1008'3181   0x28  Code  Gb  zf_driver_uart.o [49]
uart_write_string       0x1008'31a9   0x1c  Code  Gb  zf_driver_uart.o [49]
vsprintf                0x1008'5431   0x34  Code  Gb  vsprintf.o [50]
wireless_module_uart_handler
                        0x2802'06f0    0x4  Data  Gb  zf_device_type.o [48]
zf_debug_assert_enable  0x2802'07ab    0x1  Data  Lc  zf_common_debug.o [46]
zf_debug_init_flag      0x2802'0f0d    0x1  Data  Lc  zf_common_debug.o [46]


[1] = D:\Project\Code\CYT4BB7\M-Car-Project\project\iar\Debug_m7_0\Obj\adc_11722776235721520015.dir
[2] = D:\Project\Code\CYT4BB7\M-Car-Project\project\iar\Debug_m7_0\Obj\audioss_1346650047966882938.dir
[3] = D:\Project\Code\CYT4BB7\M-Car-Project\project\iar\Debug_m7_0\Obj\button_4990804375159372270.dir
[4] = D:\Project\Code\CYT4BB7\M-Car-Project\project\iar\Debug_m7_0\Obj\canfd_1800690984773873875.dir
[5] = D:\Project\Code\CYT4BB7\M-Car-Project\project\iar\Debug_m7_0\Obj\code_17896468042025673432.dir
[6] = D:\Project\Code\CYT4BB7\M-Car-Project\project\iar\Debug_m7_0\Obj\cpu_15938736945165268644.dir
[7] = D:\Project\Code\CYT4BB7\M-Car-Project\project\iar\Debug_m7_0\Obj\crypto_1190170608956581615.dir
[8] = D:\Project\Code\CYT4BB7\M-Car-Project\project\iar\Debug_m7_0\Obj\dma_12106025507578611576.dir
[9] = D:\Project\Code\CYT4BB7\M-Car-Project\project\iar\Debug_m7_0\Obj\eth_phy_18133017486186456677.dir
[10] = D:\Project\Code\CYT4BB7\M-Car-Project\project\iar\Debug_m7_0\Obj\ethernet_6029839089178797009.dir
[11] = D:\Project\Code\CYT4BB7\M-Car-Project\project\iar\Debug_m7_0\Obj\evtgen_3404189088603873129.dir
[12] = D:\Project\Code\CYT4BB7\M-Car-Project\project\iar\Debug_m7_0\Obj\flash_8529866181315662935.dir
[13] = D:\Project\Code\CYT4BB7\M-Car-Project\project\iar\Debug_m7_0\Obj\flash_864493325053435817.dir
[14] = D:\Project\Code\CYT4BB7\M-Car-Project\project\iar\Debug_m7_0\Obj\gpio_3999404635324069351.dir
[15] = D:\Project\Code\CYT4BB7\M-Car-Project\project\iar\Debug_m7_0\Obj\ipc_10145506163450686023.dir
[16] = D:\Project\Code\CYT4BB7\M-Car-Project\project\iar\Debug_m7_0\Obj\lin_18429031207028094880.dir
[17] = D:\Project\Code\CYT4BB7\M-Car-Project\project\iar\Debug_m7_0\Obj\lvd_6353935867039560245.dir
[18] = D:\Project\Code\CYT4BB7\M-Car-Project\project\iar\Debug_m7_0\Obj\mcwdt_4052485907822033969.dir
[19] = D:\Project\Code\CYT4BB7\M-Car-Project\project\iar\Debug_m7_0\Obj\mpu_5663187252346826382.dir
[20] = D:\Project\Code\CYT4BB7\M-Car-Project\project\iar\Debug_m7_0\Obj\power_14453085144426420577.dir
[21] = D:\Project\Code\CYT4BB7\M-Car-Project\project\iar\Debug_m7_0\Obj\prot_10722960861768657883.dir
[22] = D:\Project\Code\CYT4BB7\M-Car-Project\project\iar\Debug_m7_0\Obj\rev_b_4986922561640112550.dir
[23] = D:\Project\Code\CYT4BB7\M-Car-Project\project\iar\Debug_m7_0\Obj\rev_b_6162237342861132223.dir
[24] = D:\Project\Code\CYT4BB7\M-Car-Project\project\iar\Debug_m7_0\Obj\scb_15490842639181808494.dir
[25] = D:\Project\Code\CYT4BB7\M-Car-Project\project\iar\Debug_m7_0\Obj\sd_host_2982766354293506895.dir
[26] = D:\Project\Code\CYT4BB7\M-Car-Project\project\iar\Debug_m7_0\Obj\semihosting_143864889731838620.dir
[27] = D:\Project\Code\CYT4BB7\M-Car-Project\project\iar\Debug_m7_0\Obj\smartio_5451710003740070188.dir
[28] = D:\Project\Code\CYT4BB7\M-Car-Project\project\iar\Debug_m7_0\Obj\smif_427648126384146252.dir
[29] = D:\Project\Code\CYT4BB7\M-Car-Project\project\iar\Debug_m7_0\Obj\smif_mem_6470536964353725183.dir
[30] = D:\Project\Code\CYT4BB7\M-Car-Project\project\iar\Debug_m7_0\Obj\srom_13018798572330080582.dir
[31] = D:\Project\Code\CYT4BB7\M-Car-Project\project\iar\Debug_m7_0\Obj\startup_479057977785470282.dir
[32] = D:\Project\Code\CYT4BB7\M-Car-Project\project\iar\Debug_m7_0\Obj\sw_timer_4215635015939382130.dir
[33] = D:\Project\Code\CYT4BB7\M-Car-Project\project\iar\Debug_m7_0\Obj\sysclk_16149231235676103872.dir
[34] = D:\Project\Code\CYT4BB7\M-Car-Project\project\iar\Debug_m7_0\Obj\sysflt_12293435975120599261.dir
[35] = D:\Project\Code\CYT4BB7\M-Car-Project\project\iar\Debug_m7_0\Obj\sysint_7435970359207984181.dir
[36] = D:\Project\Code\CYT4BB7\M-Car-Project\project\iar\Debug_m7_0\Obj\syslib_16330585751512546975.dir
[37] = D:\Project\Code\CYT4BB7\M-Car-Project\project\iar\Debug_m7_0\Obj\syspm_10887939769544754770.dir
[38] = D:\Project\Code\CYT4BB7\M-Car-Project\project\iar\Debug_m7_0\Obj\sysreghc_17676636058511625587.dir
[39] = D:\Project\Code\CYT4BB7\M-Car-Project\project\iar\Debug_m7_0\Obj\sysreset_14586141425677365288.dir
[40] = D:\Project\Code\CYT4BB7\M-Car-Project\project\iar\Debug_m7_0\Obj\sysrtc_10747768817563771611.dir
[41] = D:\Project\Code\CYT4BB7\M-Car-Project\project\iar\Debug_m7_0\Obj\systick_16016591671695740695.dir
[42] = D:\Project\Code\CYT4BB7\M-Car-Project\project\iar\Debug_m7_0\Obj\syswdt_9118657615806274156.dir
[43] = D:\Project\Code\CYT4BB7\M-Car-Project\project\iar\Debug_m7_0\Obj\tcpwm_422923530147891246.dir
[44] = D:\Project\Code\CYT4BB7\M-Car-Project\project\iar\Debug_m7_0\Obj\trigmux_9729677290734583340.dir
[45] = D:\Project\Code\CYT4BB7\M-Car-Project\project\iar\Debug_m7_0\Obj\user_8514941877209965082.dir
[46] = D:\Project\Code\CYT4BB7\M-Car-Project\project\iar\Debug_m7_0\Obj\zf_common_1201165462030747823.dir
[47] = D:\Project\Code\CYT4BB7\M-Car-Project\project\iar\Debug_m7_0\Obj\zf_components_14936052685886095442.dir
[48] = D:\Project\Code\CYT4BB7\M-Car-Project\project\iar\Debug_m7_0\Obj\zf_device_6570275422786408770.dir
[49] = D:\Project\Code\CYT4BB7\M-Car-Project\project\iar\Debug_m7_0\Obj\zf_driver_11922370083829174090.dir
[50] = dl7M_tln.a
[51] = m7M_tlv.a
[52] = rt7M_tl.a
[53] = shb_l.a
[54] = zf_device_config.a

  33'844 bytes of readonly  code memory
   3'678 bytes of readonly  data memory
  13'206 bytes of readwrite data memory

Errors: none
Warnings: none
