###############################################################################
#
# IAR ELF Linker V9.40.1.364/W64 for ARM                  24/Sep/2026  22:48:48
# Copyright 2007-2023 IAR Systems AB.
#
#    Output file  =
#        D:\Project\Code\CYT4BB7\M-Car-Project\project\iar\project_config\Debug_m7_0\Exe\cyt4bb7_cm_7_0.out
#    Map file     =
#        D:\Project\Code\CYT4BB7\M-Car-Project\project\iar\Debug_m7_0\List\cyt4bb7_cm_7_0.map
#    Command line =
#        -f
#        D:\Project\Code\CYT4BB7\M-Car-Project\project\iar\project_config\Debug_m7_0\Exe\cyt4bb7_cm_7_0.out.rsp
#        (D:\Project\Code\CYT4BB7\M-Car-Project\project\iar\Debug_m7_0\Obj\user_8514941877209965082.dir\cm7_0_isr.o
#        D:\Project\Code\CYT4BB7\M-Car-Project\project\iar\Debug_m7_0\Obj\code_17896468042025673432.dir\common_menu.o
#        D:\Project\Code\CYT4BB7\M-Car-Project\project\iar\Debug_m7_0\Obj\adc_11722776235721520015.dir\cy_adc.o
#        D:\Project\Code\CYT4BB7\M-Car-Project\project\iar\Debug_m7_0\Obj\button_4990804375159372270.dir\cy_button.o
#        D:\Project\Code\CYT4BB7\M-Car-Project\project\iar\Debug_m7_0\Obj\canfd_1800690984773873875.dir\cy_canfd.o
#        D:\Project\Code\CYT4BB7\M-Car-Project\project\iar\Debug_m7_0\Obj\cpu_15938736945165268644.dir\cy_cpu.o
#        D:\Project\Code\CYT4BB7\M-Car-Project\project\iar\Debug_m7_0\Obj\crypto_1190170608956581615.dir\cy_crypto_config.o
#        D:\Project\Code\CYT4BB7\M-Car-Project\project\iar\Debug_m7_0\Obj\eth_phy_18133017486186456677.dir\cy_dp83867.o
#        D:\Project\Code\CYT4BB7\M-Car-Project\project\iar\Debug_m7_0\Obj\ethernet_6029839089178797009.dir\cy_ethif.o
#        D:\Project\Code\CYT4BB7\M-Car-Project\project\iar\Debug_m7_0\Obj\evtgen_3404189088603873129.dir\cy_evtgen.o
#        D:\Project\Code\CYT4BB7\M-Car-Project\project\iar\Debug_m7_0\Obj\flash_8529866181315662935.dir\cy_flash.o
#        D:\Project\Code\CYT4BB7\M-Car-Project\project\iar\Debug_m7_0\Obj\gpio_3999404635324069351.dir\cy_gpio.o
#        D:\Project\Code\CYT4BB7\M-Car-Project\project\iar\Debug_m7_0\Obj\audioss_1346650047966882938.dir\cy_i2s.o
#        D:\Project\Code\CYT4BB7\M-Car-Project\project\iar\Debug_m7_0\Obj\rev_b_6162237342861132223.dir\cy_interrupt_map.o
#        D:\Project\Code\CYT4BB7\M-Car-Project\project\iar\Debug_m7_0\Obj\ipc_10145506163450686023.dir\cy_ipc_drv.o
#        D:\Project\Code\CYT4BB7\M-Car-Project\project\iar\Debug_m7_0\Obj\ipc_10145506163450686023.dir\cy_ipc_pipe.o
#        D:\Project\Code\CYT4BB7\M-Car-Project\project\iar\Debug_m7_0\Obj\ipc_10145506163450686023.dir\cy_ipc_sema.o
#        D:\Project\Code\CYT4BB7\M-Car-Project\project\iar\Debug_m7_0\Obj\lin_18429031207028094880.dir\cy_lin.o
#        D:\Project\Code\CYT4BB7\M-Car-Project\project\iar\Debug_m7_0\Obj\lvd_6353935867039560245.dir\cy_lvd.o
#        D:\Project\Code\CYT4BB7\M-Car-Project\project\iar\Debug_m7_0\Obj\mcwdt_4052485907822033969.dir\cy_mcwdt.o
#        D:\Project\Code\CYT4BB7\M-Car-Project\project\iar\Debug_m7_0\Obj\dma_12106025507578611576.dir\cy_mdma.o
#        D:\Project\Code\CYT4BB7\M-Car-Project\project\iar\Debug_m7_0\Obj\mpu_5663187252346826382.dir\cy_mpu.o
#        D:\Project\Code\CYT4BB7\M-Car-Project\project\iar\Debug_m7_0\Obj\flash_864493325053435817.dir\cy_mw_flash.o
#        D:\Project\Code\CYT4BB7\M-Car-Project\project\iar\Debug_m7_0\Obj\dma_12106025507578611576.dir\cy_pdma.o
#        D:\Project\Code\CYT4BB7\M-Car-Project\project\iar\Debug_m7_0\Obj\power_14453085144426420577.dir\cy_power.o
#        D:\Project\Code\CYT4BB7\M-Car-Project\project\iar\Debug_m7_0\Obj\prot_10722960861768657883.dir\cy_prot.o
#        D:\Project\Code\CYT4BB7\M-Car-Project\project\iar\Debug_m7_0\Obj\scb_15490842639181808494.dir\cy_scb_common.o
#        D:\Project\Code\CYT4BB7\M-Car-Project\project\iar\Debug_m7_0\Obj\scb_15490842639181808494.dir\cy_scb_ezi2c.o
#        D:\Project\Code\CYT4BB7\M-Car-Project\project\iar\Debug_m7_0\Obj\scb_15490842639181808494.dir\cy_scb_i2c.o
#        D:\Project\Code\CYT4BB7\M-Car-Project\project\iar\Debug_m7_0\Obj\scb_15490842639181808494.dir\cy_scb_spi.o
#        D:\Project\Code\CYT4BB7\M-Car-Project\project\iar\Debug_m7_0\Obj\scb_15490842639181808494.dir\cy_scb_uart.o
#        D:\Project\Code\CYT4BB7\M-Car-Project\project\iar\Debug_m7_0\Obj\sd_host_2982766354293506895.dir\cy_sd_host.o
#        D:\Project\Code\CYT4BB7\M-Car-Project\project\iar\Debug_m7_0\Obj\semihosting_143864889731838620.dir\cy_semihosting.o
#        D:\Project\Code\CYT4BB7\M-Car-Project\project\iar\Debug_m7_0\Obj\smartio_5451710003740070188.dir\cy_smartio.o
#        D:\Project\Code\CYT4BB7\M-Car-Project\project\iar\Debug_m7_0\Obj\smif_427648126384146252.dir\cy_smif.o
#        D:\Project\Code\CYT4BB7\M-Car-Project\project\iar\Debug_m7_0\Obj\smif_mem_6470536964353725183.dir\cy_smif_device_common.o
#        D:\Project\Code\CYT4BB7\M-Car-Project\project\iar\Debug_m7_0\Obj\smif_mem_6470536964353725183.dir\cy_smif_hb_flash.o
#        D:\Project\Code\CYT4BB7\M-Car-Project\project\iar\Debug_m7_0\Obj\smif_427648126384146252.dir\cy_smif_memslot.o
#        D:\Project\Code\CYT4BB7\M-Car-Project\project\iar\Debug_m7_0\Obj\smif_mem_6470536964353725183.dir\cy_smif_s25fl.o
#        D:\Project\Code\CYT4BB7\M-Car-Project\project\iar\Debug_m7_0\Obj\smif_mem_6470536964353725183.dir\cy_smif_s25fs.o
#        D:\Project\Code\CYT4BB7\M-Car-Project\project\iar\Debug_m7_0\Obj\smif_mem_6470536964353725183.dir\cy_smif_semp.o
#        D:\Project\Code\CYT4BB7\M-Car-Project\project\iar\Debug_m7_0\Obj\smif_427648126384146252.dir\cy_smif_ver_specific.o
#        D:\Project\Code\CYT4BB7\M-Car-Project\project\iar\Debug_m7_0\Obj\srom_13018798572330080582.dir\cy_srom.o
#        D:\Project\Code\CYT4BB7\M-Car-Project\project\iar\Debug_m7_0\Obj\sw_timer_4215635015939382130.dir\cy_sw_tmr.o
#        D:\Project\Code\CYT4BB7\M-Car-Project\project\iar\Debug_m7_0\Obj\sysclk_16149231235676103872.dir\cy_sysclk.o
#        D:\Project\Code\CYT4BB7\M-Car-Project\project\iar\Debug_m7_0\Obj\sysflt_12293435975120599261.dir\cy_sysflt.o
#        D:\Project\Code\CYT4BB7\M-Car-Project\project\iar\Debug_m7_0\Obj\sysint_7435970359207984181.dir\cy_sysint.o
#        D:\Project\Code\CYT4BB7\M-Car-Project\project\iar\Debug_m7_0\Obj\syslib_16330585751512546975.dir\cy_syslib.o
#        D:\Project\Code\CYT4BB7\M-Car-Project\project\iar\Debug_m7_0\Obj\syslib_16330585751512546975.dir\cy_syslib_iar.o
#        D:\Project\Code\CYT4BB7\M-Car-Project\project\iar\Debug_m7_0\Obj\syspm_10887939769544754770.dir\cy_syspm.o
#        D:\Project\Code\CYT4BB7\M-Car-Project\project\iar\Debug_m7_0\Obj\sysreghc_17676636058511625587.dir\cy_sysreghc.o
#        D:\Project\Code\CYT4BB7\M-Car-Project\project\iar\Debug_m7_0\Obj\sysreset_14586141425677365288.dir\cy_sysreset.o
#        D:\Project\Code\CYT4BB7\M-Car-Project\project\iar\Debug_m7_0\Obj\sysrtc_10747768817563771611.dir\cy_sysrtc.o
#        D:\Project\Code\CYT4BB7\M-Car-Project\project\iar\Debug_m7_0\Obj\systick_16016591671695740695.dir\cy_systick.o
#        D:\Project\Code\CYT4BB7\M-Car-Project\project\iar\Debug_m7_0\Obj\syswdt_9118657615806274156.dir\cy_syswdt.o
#        D:\Project\Code\CYT4BB7\M-Car-Project\project\iar\Debug_m7_0\Obj\tcpwm_422923530147891246.dir\cy_tcpwm.o
#        D:\Project\Code\CYT4BB7\M-Car-Project\project\iar\Debug_m7_0\Obj\tcpwm_422923530147891246.dir\cy_tcpwm_counter.o
#        D:\Project\Code\CYT4BB7\M-Car-Project\project\iar\Debug_m7_0\Obj\tcpwm_422923530147891246.dir\cy_tcpwm_pwm.o
#        D:\Project\Code\CYT4BB7\M-Car-Project\project\iar\Debug_m7_0\Obj\tcpwm_422923530147891246.dir\cy_tcpwm_quaddec.o
#        D:\Project\Code\CYT4BB7\M-Car-Project\project\iar\Debug_m7_0\Obj\tcpwm_422923530147891246.dir\cy_tcpwm_sr.o
#        D:\Project\Code\CYT4BB7\M-Car-Project\project\iar\Debug_m7_0\Obj\trigmux_9729677290734583340.dir\cy_trigmux.o
#        D:\Project\Code\CYT4BB7\M-Car-Project\project\iar\Debug_m7_0\Obj\code_17896468042025673432.dir\Debug.o
#        D:\Project\Code\CYT4BB7\M-Car-Project\project\iar\Debug_m7_0\Obj\ethernet_6029839089178797009.dir\edd.o
#        D:\Project\Code\CYT4BB7\M-Car-Project\project\iar\Debug_m7_0\Obj\ethernet_6029839089178797009.dir\edd_rx.o
#        D:\Project\Code\CYT4BB7\M-Car-Project\project\iar\Debug_m7_0\Obj\ethernet_6029839089178797009.dir\edd_tx.o
#        D:\Project\Code\CYT4BB7\M-Car-Project\project\iar\Debug_m7_0\Obj\user_8514941877209965082.dir\main_cm7_0.o
#        D:\Project\Code\CYT4BB7\M-Car-Project\project\iar\Debug_m7_0\Obj\code_17896468042025673432.dir\Menu.o
#        D:\Project\Code\CYT4BB7\M-Car-Project\project\iar\Debug_m7_0\Obj\code_17896468042025673432.dir\Motor.o
#        D:\Project\Code\CYT4BB7\M-Car-Project\project\iar\Debug_m7_0\Obj\code_17896468042025673432.dir\Param_Page.o
#        D:\Project\Code\CYT4BB7\M-Car-Project\project\iar\Debug_m7_0\Obj\code_17896468042025673432.dir\Param_Storage.o
#        D:\Project\Code\CYT4BB7\M-Car-Project\project\iar\Debug_m7_0\Obj\code_17896468042025673432.dir\PID.o
#        D:\Project\Code\CYT4BB7\M-Car-Project\project\iar\Debug_m7_0\Obj\zf_components_14936052685886095442.dir\seekfree_assistant.o
#        D:\Project\Code\CYT4BB7\M-Car-Project\project\iar\Debug_m7_0\Obj\zf_components_14936052685886095442.dir\seekfree_assistant_interface.o
#        D:\Project\Code\CYT4BB7\M-Car-Project\project\iar\Debug_m7_0\Obj\startup_479057977785470282.dir\startup.o
#        D:\Project\Code\CYT4BB7\M-Car-Project\project\iar\Debug_m7_0\Obj\startup_479057977785470282.dir\startup_cm7.o
#        D:\Project\Code\CYT4BB7\M-Car-Project\project\iar\Debug_m7_0\Obj\rev_b_4986922561640112550.dir\system_tviibh4m_cm7.o
#        D:\Project\Code\CYT4BB7\M-Car-Project\project\iar\Debug_m7_0\Obj\zf_common_1201165462030747823.dir\zf_common_clock.o
#        D:\Project\Code\CYT4BB7\M-Car-Project\project\iar\Debug_m7_0\Obj\zf_common_1201165462030747823.dir\zf_common_debug.o
#        D:\Project\Code\CYT4BB7\M-Car-Project\project\iar\Debug_m7_0\Obj\zf_common_1201165462030747823.dir\zf_common_fifo.o
#        D:\Project\Code\CYT4BB7\M-Car-Project\project\iar\Debug_m7_0\Obj\zf_common_1201165462030747823.dir\zf_common_font.o
#        D:\Project\Code\CYT4BB7\M-Car-Project\project\iar\Debug_m7_0\Obj\zf_common_1201165462030747823.dir\zf_common_function.o
#        D:\Project\Code\CYT4BB7\M-Car-Project\project\iar\Debug_m7_0\Obj\zf_common_1201165462030747823.dir\zf_common_interrupt.o
#        D:\Project\Code\CYT4BB7\M-Car-Project\project\iar\Debug_m7_0\Obj\zf_device_6570275422786408770.dir\zf_device_ble6a20.o
#        D:\Project\Code\CYT4BB7\M-Car-Project\project\iar\Debug_m7_0\Obj\zf_device_6570275422786408770.dir\zf_device_dl1a.o
#        D:\Project\Code\CYT4BB7\M-Car-Project\project\iar\Debug_m7_0\Obj\zf_device_6570275422786408770.dir\zf_device_dl1b.o
#        D:\Project\Code\CYT4BB7\M-Car-Project\project\iar\Debug_m7_0\Obj\zf_device_6570275422786408770.dir\zf_device_gnss.o
#        D:\Project\Code\CYT4BB7\M-Car-Project\project\iar\Debug_m7_0\Obj\zf_device_6570275422786408770.dir\zf_device_icm20602.o
#        D:\Project\Code\CYT4BB7\M-Car-Project\project\iar\Debug_m7_0\Obj\zf_device_6570275422786408770.dir\zf_device_imu660ra.o
#        D:\Project\Code\CYT4BB7\M-Car-Project\project\iar\Debug_m7_0\Obj\zf_device_6570275422786408770.dir\zf_device_imu660rb.o
#        D:\Project\Code\CYT4BB7\M-Car-Project\project\iar\Debug_m7_0\Obj\zf_device_6570275422786408770.dir\zf_device_imu660rc.o
#        D:\Project\Code\CYT4BB7\M-Car-Project\project\iar\Debug_m7_0\Obj\zf_device_6570275422786408770.dir\zf_device_imu963ra.o
#        D:\Project\Code\CYT4BB7\M-Car-Project\project\iar\Debug_m7_0\Obj\zf_device_6570275422786408770.dir\zf_device_ips114.o
#        D:\Project\Code\CYT4BB7\M-Car-Project\project\iar\Debug_m7_0\Obj\zf_device_6570275422786408770.dir\zf_device_ips200.o
#        D:\Project\Code\CYT4BB7\M-Car-Project\project\iar\Debug_m7_0\Obj\zf_device_6570275422786408770.dir\zf_device_ips200pro.o
#        D:\Project\Code\CYT4BB7\M-Car-Project\project\iar\Debug_m7_0\Obj\zf_device_6570275422786408770.dir\zf_device_key.o
#        D:\Project\Code\CYT4BB7\M-Car-Project\project\iar\Debug_m7_0\Obj\zf_device_6570275422786408770.dir\zf_device_lora3a22.o
#        D:\Project\Code\CYT4BB7\M-Car-Project\project\iar\Debug_m7_0\Obj\zf_device_6570275422786408770.dir\zf_device_menc15a.o
#        D:\Project\Code\CYT4BB7\M-Car-Project\project\iar\Debug_m7_0\Obj\zf_device_6570275422786408770.dir\zf_device_mt9v03x.o
#        D:\Project\Code\CYT4BB7\M-Car-Project\project\iar\Debug_m7_0\Obj\zf_device_6570275422786408770.dir\zf_device_oled.o
#        D:\Project\Code\CYT4BB7\M-Car-Project\project\iar\Debug_m7_0\Obj\zf_device_6570275422786408770.dir\zf_device_pmw3901.o
#        D:\Project\Code\CYT4BB7\M-Car-Project\project\iar\Debug_m7_0\Obj\zf_device_6570275422786408770.dir\zf_device_tft180.o
#        D:\Project\Code\CYT4BB7\M-Car-Project\project\iar\Debug_m7_0\Obj\zf_device_6570275422786408770.dir\zf_device_tsl1401.o
#        D:\Project\Code\CYT4BB7\M-Car-Project\project\iar\Debug_m7_0\Obj\zf_device_6570275422786408770.dir\zf_device_type.o
#        D:\Project\Code\CYT4BB7\M-Car-Project\project\iar\Debug_m7_0\Obj\zf_device_6570275422786408770.dir\zf_device_uart_receiver.o
#        D:\Project\Code\CYT4BB7\M-Car-Project\project\iar\Debug_m7_0\Obj\zf_device_6570275422786408770.dir\zf_device_upflow302.o
#        D:\Project\Code\CYT4BB7\M-Car-Project\project\iar\Debug_m7_0\Obj\zf_device_6570275422786408770.dir\zf_device_wifi_spi.o
#        D:\Project\Code\CYT4BB7\M-Car-Project\project\iar\Debug_m7_0\Obj\zf_device_6570275422786408770.dir\zf_device_wifi_uart.o
#        D:\Project\Code\CYT4BB7\M-Car-Project\project\iar\Debug_m7_0\Obj\zf_device_6570275422786408770.dir\zf_device_wireless_uart.o
#        D:\Project\Code\CYT4BB7\M-Car-Project\project\iar\Debug_m7_0\Obj\zf_driver_11922370083829174090.dir\zf_driver_adc.o
#        D:\Project\Code\CYT4BB7\M-Car-Project\project\iar\Debug_m7_0\Obj\zf_driver_11922370083829174090.dir\zf_driver_delay.o
#        D:\Project\Code\CYT4BB7\M-Car-Project\project\iar\Debug_m7_0\Obj\zf_driver_11922370083829174090.dir\zf_driver_dma.o
#        D:\Project\Code\CYT4BB7\M-Car-Project\project\iar\Debug_m7_0\Obj\zf_driver_11922370083829174090.dir\zf_driver_encoder.o
#        D:\Project\Code\CYT4BB7\M-Car-Project\project\iar\Debug_m7_0\Obj\zf_driver_11922370083829174090.dir\zf_driver_exti.o
#        D:\Project\Code\CYT4BB7\M-Car-Project\project\iar\Debug_m7_0\Obj\zf_driver_11922370083829174090.dir\zf_driver_flash.o
#        D:\Project\Code\CYT4BB7\M-Car-Project\project\iar\Debug_m7_0\Obj\zf_driver_11922370083829174090.dir\zf_driver_gpio.o
#        D:\Project\Code\CYT4BB7\M-Car-Project\project\iar\Debug_m7_0\Obj\zf_driver_11922370083829174090.dir\zf_driver_ipc.o
#        D:\Project\Code\CYT4BB7\M-Car-Project\project\iar\Debug_m7_0\Obj\zf_driver_11922370083829174090.dir\zf_driver_pit.o
#        D:\Project\Code\CYT4BB7\M-Car-Project\project\iar\Debug_m7_0\Obj\zf_driver_11922370083829174090.dir\zf_driver_pwm.o
#        D:\Project\Code\CYT4BB7\M-Car-Project\project\iar\Debug_m7_0\Obj\zf_driver_11922370083829174090.dir\zf_driver_soft_iic.o
#        D:\Project\Code\CYT4BB7\M-Car-Project\project\iar\Debug_m7_0\Obj\zf_driver_11922370083829174090.dir\zf_driver_soft_spi.o
#        D:\Project\Code\CYT4BB7\M-Car-Project\project\iar\Debug_m7_0\Obj\zf_driver_11922370083829174090.dir\zf_driver_spi.o
#        D:\Project\Code\CYT4BB7\M-Car-Project\project\iar\Debug_m7_0\Obj\zf_driver_11922370083829174090.dir\zf_driver_timer.o
#        D:\Project\Code\CYT4BB7\M-Car-Project\project\iar\Debug_m7_0\Obj\zf_driver_11922370083829174090.dir\zf_driver_uart.o
#        --no_out_extension -o
#        D:\Project\Code\CYT4BB7\M-Car-Project\project\iar\project_config\Debug_m7_0\Exe\cyt4bb7_cm_7_0.out
#        --config_def _CORE_cm7_0_=0 --config_def _LINK_flash_=0 --map
#        D:\Project\Code\CYT4BB7\M-Car-Project\project\iar\Debug_m7_0\List\cyt4bb7_cm_7_0.map
#        --config
#        D:\Project\Code\CYT4BB7\M-Car-Project\project\iar\project_config\..\icf\linker_directives_tviibh.icf
#        --semihosting
#        D:\Project\Code\CYT4BB7\M-Car-Project\project\iar\project_config\..\..\..\libraries\sdk\tviibh4m\src\drivers\crypto\libs\libcrypto_server_cm0plus_iar.a
#        D:\Project\Code\CYT4BB7\M-Car-Project\project\iar\project_config\..\..\..\libraries\zf_device\zf_device_config.a
#        D:\Project\Code\CYT4BB7\M-Car-Project\project\iar\project_config\..\..\..\libraries\sdk\common\hdr\cmsis\dsp\iar_cortexM7lf_math.a
#        --entry __iar_program_start --vfe --text_out locale --cpu=Cortex-M7
#        --fpu=VFPv5_d16) --dependencies=n
#        D:\Project\Code\CYT4BB7\M-Car-Project\project\iar\project_config\Debug_m7_0\Exe\cyt4bb7_cm_7_0.out.iar_deps
#
###############################################################################

*******************************************************************************
*** RUNTIME MODEL ATTRIBUTES
***

CppFlavor       = *
__CPP_Runtime   = 1
__Heap_Handler  = Basic
__SystemLibrary = DLib
__dlib_version  = 6


*******************************************************************************
*** HEAP SELECTION
***

The basic heap was selected because --advanced_heap
was not specified and the application did not appear to
be primarily optimized for speed.


*******************************************************************************
*** PLACEMENT SUMMARY
***

"A0":  place at start of [from 0x1008'0000 to 0x1027'ffff] { section .intvec };
"P1":  place in [from 0x1008'0000 to 0x1027'ffff] { ro };
"P2":  place in [from 0x2802'0000 to 0x2807'ffff] { rw };
define block HEAP with size = 1K, alignment = 8 { };
define block CSTACK with size = 8K, alignment = 8 { };
define block HEAP_STACK { block HEAP, last block CSTACK };
"A1":  place at end of [from 0x2802'0000 to 0x2807'ffff] { block HEAP_STACK };
do not initialize { section .intvec_ram };
initialize by copy { rw };

No sections matched the following patterns:

  ro section .sflash_app_prot  in "P6"
  ro section .sflash_nar       in "P4"
  ro section .sflash_pkey      in "P5"
  ro section .sflash_toc2      in "P7"
  ro section .sflash_uf_rows   in "P3"
  ro section .work_flash       in "P8"
  section .global_ram_data     in "P9"


  Section            Kind         Address    Size  Object
  -------            ----         -------    ----  ------
"A0":                                        0x80
  .intvec            ro code  0x1008'0000    0x80  startup_cm7.o [31]
                            - 0x1008'0080    0x80

"P1":                                      0xb88b
  .text              ro code  0x1008'0080   0xeae  xprintffull_nomb.o [50]
  .text              ro code  0x1008'0f2e    0x7e  lz77_init_single.o [52]
  .text              ro code  0x1008'0fac    0x16  strchr.o [52]
  .text              ro code  0x1008'0fc2     0xa  xsprout.o [50]
  .text              ro code  0x1008'0fcc    0x40  xfail_s.o [50]
  .text              ro code  0x1008'100c    0x36  strlen.o [52]
  .text              ro code  0x1008'1044    0x58  memchr.o [52]
  .text              ro code  0x1008'109c    0xa6  ABImemcpy.o [52]
  .text              ro code  0x1008'1144    0x70  frexp.o [51]
  .text              ro code  0x1008'11b4    0x34  DblCmpLe.o [51]
  .text              ro code  0x1008'11e8    0x34  DblCmpGe.o [51]
  .text              ro code  0x1008'121c   0x104  ldexp.o [51]
  .text              ro code  0x1008'1320     0xe  DblToS32.o [51]
  .text              ro code  0x1008'132e     0xe  S32ToDbl.o [51]
  .text              ro code  0x1008'133c    0x12  DblSub.o [51]
  .text              ro code  0x1008'134e    0x12  DblDiv.o [51]
  .text              ro code  0x1008'1360     0xe  DblToU32.o [51]
  .text              ro code  0x1008'136e     0xe  U32ToDbl.o [51]
  .text              ro code  0x1008'137c    0x12  DblMul.o [51]
  .text              ro code  0x1008'1390   0x230  I64DivMod.o [52]
  .text              ro code  0x1008'15c0     0x6  abort.o [50]
  .text              ro code  0x1008'15c8     0x2  I64DivZer.o [52]
  .text              ro code  0x1008'15cc    0x14  exit.o [53]
  .text              ro code  0x1008'15e0   0xe18  zf_driver_pwm.o [49]
  .text              ro code  0x1008'23f8   0x420  zf_common_debug.o [46]
  .text              ro code  0x1008'2818    0x66  ABImemset.o [52]
  .text              ro code  0x1008'2880   0x194  cy_gpio.o [14]
  .text              ro code  0x1008'2a14   0x20a  cy_tcpwm_pwm.o [43]
  .text              ro code  0x1008'2c1e    0x18  cy_tcpwm.o [43]
  .text              ro code  0x1008'2c38   0xacc  zf_driver_uart.o [49]
  .text              ro code  0x1008'3704    0x40  sprintf.o [50]
  .text              ro code  0x1008'3744   0x448  zf_common_fifo.o [46]
  .text              ro code  0x1008'3b8c    0xe2  zf_common_interrupt.o [46]
  .text              ro code  0x1008'3c70     0x6  ABImemclr4.o [52]
  .text              ro code  0x1008'3c78   0x314  cy_scb_uart.o [24]
  .text              ro code  0x1008'3f8c    0xac  cy_sysint.o [35]
  .text              ro code  0x1008'4038    0x32  ABImemset48.o [52]
  .text              ro code  0x1008'406c   0xab4  Debug.o [5]
  .text              ro code  0x1008'4b20   0xa04  zf_device_ips200.o [48]
  .text              ro code  0x1008'5524   0x104  zf_device_key.o [48]
  .text              ro code  0x1008'5628   0x13c  Motor.o [5]
  .text              ro code  0x1008'5764   0x198  PID.o [5]
  .text              ro code  0x1008'58fc   0x9a8  zf_driver_spi.o [49]
  .text              ro code  0x1008'62a4    0x16  vla_alloc.o [50]
  .text              ro code  0x1008'62bc    0x34  vsprintf.o [50]
  .text              ro code  0x1008'62f0   0x110  zf_driver_gpio.o [49]
  .text              ro code  0x1008'6400   0x284  zf_driver_delay.o [49]
  .text              ro code  0x1008'6684   0x3fc  zf_driver_encoder.o [49]
  .text              ro code  0x1008'6a80   0x1f0  cy_scb_spi.o [24]
  .text              ro code  0x1008'6c70   0x13c  heap0.o [50]
  .text              ro code  0x1008'6dac     0x4  heaptramp0.o [50]
  .text              ro code  0x1008'6db0   0x1ae  cy_tcpwm_counter.o [43]
  .text              ro code  0x1008'6f60   0x190  cy_tcpwm_quaddec.o [43]
  .text              ro code  0x1008'70f0    0x2c  xgetmemchunk.o [50]
  .text              ro code  0x1008'711c   0x95c  common_menu.o [5]
  .text              ro code  0x1008'7a78   0x8e8  cy_sysclk.o [33]
  .text              ro code  0x1008'8360    0x70  strncpy.o [52]
  .text              ro code  0x1008'83d0    0xf8  cy_syslib.o [36]
  .text              ro code  0x1008'84c8     0x2  cy_syslib.o [36]
  .rodata            const    0x1008'84cc   0x5f0  zf_common_font.o [46]
  .text              ro code  0x1008'8abc   0x4ac  cy_flash.o [12]
  .text              ro code  0x1008'8f68   0x2ec  cy_srom.o [30]
  .text              ro code  0x1008'9254    0x60  cy_ipc_drv.o [15]
  .text              ro code  0x1008'92b4   0x398  zf_driver_pit.o [49]
  .text              ro code  0x1008'964c   0x2dc  cy_mw_flash.o [13]
  .text              ro code  0x1008'9928   0x250  cm7_0_isr.o [45]
  .text              ro code  0x1008'9b78    0x7c  zf_device_tsl1401.o [48]
  .text              ro code  0x1008'9bf4   0x114  zf_device_gnss.o [48]
  .text              ro code  0x1008'9d08    0x74  zf_driver_adc.o [49]
  .text              ro code  0x1008'9d7c    0x2a  strncmp.o [50]
  .rodata            const    0x1008'9da8   0x228  zf_common_font.o [46]
  .text              ro code  0x1008'9fd0   0x218  Param_Page.o [5]
  .text              ro code  0x1008'a1e8   0x1ec  Param_Storage.o [5]
  .text              ro code  0x1008'a3d4   0x1f0  zf_driver_flash.o [49]
  .text              ro code  0x1008'a5c4   0x204  startup.o [31]
  .text              ro code  0x1008'a7c8   0x150  system_tviibh4m_cm7.o [22]
  .text              ro code  0x1008'a918     0x8  startup_cm7.o [31]
  .text              ro code  0x1008'a920     0x6  startup_cm7.o [31]
  .text              ro code  0x1008'a928   0x19c  Menu.o [5]
  .text              ro code  0x1008'aac4   0x198  cy_interrupt_map.o [23]
  .text              ro code  0x1008'ac5c    0xb0  startup_cm7.o [31]
  .rodata            const    0x1008'ad0c    0x60  system_tviibh4m_cm7.o [22]
  .rodata            const    0x1008'ad6c    0x5c  cy_sysclk.o [33]
  .rodata            const    0x1008'adc8    0x5c  cy_sysclk.o [33]
  .rodata            const    0x1008'ae24    0x58  cy_mw_flash.o [13]
  .rodata            const    0x1008'ae7c    0x58  cy_srom.o [30]
  .rodata            const    0x1008'aed4    0x50  zf_device_ips200.o [48]
  .rodata            const    0x1008'af24    0x4c  zf_common_fifo.o [46]
  .rodata            const    0x1008'af70    0x4c  zf_device_key.o [48]
  .rodata            const    0x1008'afbc    0x4c  zf_driver_flash.o [49]
  .rodata            const    0x1008'b008    0x4c  zf_driver_pwm.o [49]
  .rodata            const    0x1008'b054    0x4c  zf_driver_spi.o [49]
  .rodata            const    0x1008'b0a0    0x4c  zf_driver_uart.o [49]
  .text              ro code  0x1008'b0ec    0x38  zero_init3.o [52]
  .rodata            const    0x1008'b124    0x30  Param_Storage.o [5]
  .text              ro code  0x1008'b154    0x30  main_cm7_0.o [45]
  .text              ro code  0x1008'b184    0x1c  zf_common_clock.o [46]
  .text              ro code  0x1008'b1a0    0x28  data_init.o [52]
  .text              ro code  0x1008'b1c8    0x22  fpinit_M.o [51]
  .iar.init_table    const    0x1008'b1ec    0x20  - Linker created -
  .rodata            const    0x1008'b20c    0x20  common_menu.o [5]
  .rodata            const    0x1008'b22c    0x20  common_menu.o [5]
  .rodata            const    0x1008'b24c    0x20  Debug.o [5]
  .rodata            const    0x1008'b26c    0x20  Menu.o [5]
  .text              ro code  0x1008'b28c    0x20  startup_cm7.o [31]
  .text              ro code  0x1008'b2b0    0x1e  cy_syslib_iar.o [36]
  .text              ro code  0x1008'b2d0    0x1e  cmain.o [52]
  .text              ro code  0x1008'b2f0     0x4  startup_cm7.o [31]
  .text              ro code  0x1008'b2f4     0x4  exit.o [50]
  .text              ro code  0x1008'b2f8     0xa  cexit.o [52]
  .rodata            const    0x1008'b304    0x1c  zf_common_debug.o [46]
  .text              ro code  0x1008'b320    0x1c  startup_cm7.o [31]
  .text              ro code  0x1008'b33c    0x1c  cstartup_M.o [52]
  .rodata            const    0x1008'b358    0x18  Debug.o [5]
  .rodata            const    0x1008'b370    0x18  Debug.o [5]
  .rodata            const    0x1008'b388    0x18  Debug.o [5]
  .rodata            const    0x1008'b3a0    0x18  Debug.o [5]
  .rodata            const    0x1008'b3b8    0x18  Debug.o [5]
  .rodata            const    0x1008'b3d0    0x18  Debug.o [5]
  .rodata            const    0x1008'b3e8    0x18  Debug.o [5]
  .rodata            const    0x1008'b400    0x18  Debug.o [5]
  .rodata            const    0x1008'b418    0x18  Debug.o [5]
  .rodata            const    0x1008'b430    0x18  Debug.o [5]
  .rodata            const    0x1008'b448    0x18  Debug.o [5]
  .rodata            const    0x1008'b460    0x18  Debug.o [5]
  .rodata            const    0x1008'b478    0x18  startup.o [31]
  .rodata            const    0x1008'b490    0x18  system_tviibh4m_cm7.o [22]
  .rodata            const    0x1008'b4a8    0x18  zf_common_debug.o [46]
  .rodata            const    0x1008'b4c0    0x14  cy_flash.o [12]
  .rodata            const    0x1008'b4d4    0x14  Debug.o [5]
  .rodata            const    0x1008'b4e8    0x10  Debug.o [5]
  .rodata            const    0x1008'b4f8    0x10  Param_Page.o [5]
  .rodata            const    0x1008'b508    0x10  Param_Page.o [5]
  .rodata            const    0x1008'b518    0x10  Param_Page.o [5]
  .rodata            const    0x1008'b528    0x10  Param_Page.o [5]
  .rodata            const    0x1008'b538    0x10  zf_common_debug.o [46]
  .rodata            const    0x1008'b548    0x10  zf_common_debug.o [46]
  .rodata            const    0x1008'b558     0xc  common_menu.o [5]
  .rodata            const    0x1008'b564     0xc  Debug.o [5]
  .rodata            const    0x1008'b570     0xc  Debug.o [5]
  .rodata            const    0x1008'b57c     0xc  Debug.o [5]
  .rodata            const    0x1008'b588     0xc  Debug.o [5]
  .rodata            const    0x1008'b594     0xc  Debug.o [5]
  .rodata            const    0x1008'b5a0     0xc  zf_common_debug.o [46]
  .rodata            const    0x1008'b5ac     0xc  zf_common_debug.o [46]
  .text              ro code  0x1008'b5b8     0xc  cy_syslib.o [36]
  .rodata            const    0x1008'b5c4     0x8  common_menu.o [5]
  .rodata            const    0x1008'b5cc     0x8  common_menu.o [5]
  .rodata            const    0x1008'b5d4     0x8  common_menu.o [5]
  .rodata            const    0x1008'b5dc     0x8  common_menu.o [5]
  .rodata            const    0x1008'b5e4     0x8  common_menu.o [5]
  .rodata            const    0x1008'b5ec     0x8  common_menu.o [5]
  .rodata            const    0x1008'b5f4     0x8  cy_mw_flash.o [13]
  .rodata            const    0x1008'b5fc     0x8  cy_srom.o [30]
  .rodata            const    0x1008'b604     0x8  cy_sysclk.o [33]
  .rodata            const    0x1008'b60c     0x8  Debug.o [5]
  .rodata            const    0x1008'b614     0x8  Debug.o [5]
  .rodata            const    0x1008'b61c     0x8  Debug.o [5]
  .rodata            const    0x1008'b624     0x8  Debug.o [5]
  .rodata            const    0x1008'b62c     0x8  Debug.o [5]
  .rodata            const    0x1008'b634     0x8  Debug.o [5]
  .rodata            const    0x1008'b63c     0x8  Menu.o [5]
  .rodata            const    0x1008'b644     0x8  Menu.o [5]
  .rodata            const    0x1008'b64c     0x8  Menu.o [5]
  .rodata            const    0x1008'b654     0x8  Menu.o [5]
  .rodata            const    0x1008'b65c     0x4  cy_interrupt_map.o [23]
  .rodata            const    0x1008'b660     0x4  cy_interrupt_map.o [23]
  .rodata            const    0x1008'b664     0x4  cy_interrupt_map.o [23]
  .rodata            const    0x1008'b668     0x4  cy_interrupt_map.o [23]
  .rodata            const    0x1008'b66c     0x4  cy_interrupt_map.o [23]
  .rodata            const    0x1008'b670     0x4  cy_interrupt_map.o [23]
  .rodata            const    0x1008'b674     0x4  cy_interrupt_map.o [23]
  .rodata            const    0x1008'b678     0x4  cy_interrupt_map.o [23]
  .rodata            const    0x1008'b67c     0x4  cy_ipc_drv.o [15]
  .rodata            const    0x1008'b680     0x4  cy_scb_spi.o [24]
  .rodata            const    0x1008'b684     0x4  cy_scb_spi.o [24]
  .rodata            const    0x1008'b688     0x4  cy_scb_spi.o [24]
  .rodata            const    0x1008'b68c     0x4  cy_scb_spi.o [24]
  .rodata            const    0x1008'b690     0x4  cy_scb_uart.o [24]
  .rodata            const    0x1008'b694     0x4  cy_scb_uart.o [24]
  .rodata            const    0x1008'b698     0x4  cy_scb_uart.o [24]
  .rodata            const    0x1008'b69c     0x4  cy_scb_uart.o [24]
  .rodata            const    0x1008'b6a0     0x4  cy_scb_uart.o [24]
  .rodata            const    0x1008'b6a4     0x4  cy_scb_uart.o [24]
  .rodata            const    0x1008'b6a8     0x4  cy_scb_uart.o [24]
  .rodata            const    0x1008'b6ac     0x4  cy_scb_uart.o [24]
  .rodata            const    0x1008'b6b0     0x4  cy_scb_uart.o [24]
  .rodata            const    0x1008'b6b4     0x4  cy_scb_uart.o [24]
  .rodata            const    0x1008'b6b8     0x4  cy_srom.o [30]
  .rodata            const    0x1008'b6bc     0x4  cy_srom.o [30]
  .rodata            const    0x1008'b6c0     0x4  cy_sysint.o [35]
  .rodata            const    0x1008'b6c4     0x4  cy_sysint.o [35]
  .rodata            const    0x1008'b6c8     0x4  cy_tcpwm_counter.o [43]
  .rodata            const    0x1008'b6cc     0x4  cy_tcpwm_counter.o [43]
  .rodata            const    0x1008'b6d0     0x4  cy_tcpwm_counter.o [43]
  .rodata            const    0x1008'b6d4     0x4  cy_tcpwm_counter.o [43]
  .rodata            const    0x1008'b6d8     0x4  cy_tcpwm_counter.o [43]
  .rodata            const    0x1008'b6dc     0x4  cy_tcpwm_pwm.o [43]
  .rodata            const    0x1008'b6e0     0x4  cy_tcpwm_pwm.o [43]
  .rodata            const    0x1008'b6e4     0x4  cy_tcpwm_pwm.o [43]
  .rodata            const    0x1008'b6e8     0x4  cy_tcpwm_pwm.o [43]
  .rodata            const    0x1008'b6ec     0x4  cy_tcpwm_pwm.o [43]
  .rodata            const    0x1008'b6f0     0x4  cy_tcpwm_pwm.o [43]
  .rodata            const    0x1008'b6f4     0x4  cy_tcpwm_pwm.o [43]
  .rodata            const    0x1008'b6f8     0x4  cy_tcpwm_quaddec.o [43]
  .rodata            const    0x1008'b6fc     0x4  cy_tcpwm_quaddec.o [43]
  .rodata            const    0x1008'b700     0x4  cy_tcpwm_quaddec.o [43]
  .rodata            const    0x1008'b704     0x4  cy_tcpwm_quaddec.o [43]
  .rodata            const    0x1008'b708     0x4  cy_tcpwm_quaddec.o [43]
  .rodata            const    0x1008'b70c     0x4  zf_device_key.o [48]
  .text              ro code  0x1008'b710     0x4  startup_cm7.o [31]
  .text              ro code  0x1008'b714     0x4  startup_cm7.o [31]
  .text              ro code  0x1008'b718     0x4  startup_cm7.o [31]
  .text              ro code  0x1008'b71c     0x4  startup_cm7.o [31]
  .text              ro code  0x1008'b720     0x4  startup_cm7.o [31]
  .text              ro code  0x1008'b724     0x4  startup_cm7.o [31]
  .text              ro code  0x1008'b728     0x4  startup_cm7.o [31]
  .text              ro code  0x1008'b72c     0x4  startup_cm7.o [31]
  .text              ro code  0x1008'b730     0x4  startup_cm7.o [31]
  .text              ro code  0x1008'b734     0x4  startup_cm7.o [31]
  .text              ro code  0x1008'b738     0x4  startup_cm7.o [31]
  .text              ro code  0x1008'b73c     0x4  startup_cm7.o [31]
  .text              ro code  0x1008'b740     0x4  startup_cm7.o [31]
  .text              ro code  0x1008'b744     0x4  startup_cm7.o [31]
  .text              ro code  0x1008'b748     0x4  startup_cm7.o [31]
  .text              ro code  0x1008'b74c     0x2  zf_device_type.o [48]
  .rodata            const    0x1008'b74e     0x0  zero_init3.o [52]
  .rodata            const    0x1008'b74e     0x0  lz77_init_single.o [52]
  Initializer bytes  const    0x1008'b74e    0xf5  <for P2-1>
                            - 0x1008'b843  0xb7c3

"P2", part 1 of 3:                          0x8ba
  P2-1                        0x2802'0000   0x8ba  <Init block>
    .data            inited   0x2802'0000    0x28  common_menu.o [5]
    .data            inited   0x2802'0028    0x10  common_menu.o [5]
    .data            inited   0x2802'0038   0x6ec  cy_interrupt_map.o [23]
    .data            inited   0x2802'0724     0x4  cy_interrupt_map.o [23]
    .data            inited   0x2802'0728    0x34  PID.o [5]
    .data            inited   0x2802'075c    0x34  PID.o [5]
    .data            inited   0x2802'0790    0x34  PID.o [5]
    .data            inited   0x2802'07c4    0x34  PID.o [5]
    .data            inited   0x2802'07f8     0x4  zf_device_type.o [48]
    .data            inited   0x2802'07fc     0x4  zf_device_type.o [48]
    .data            inited   0x2802'0800     0xc  zf_driver_adc.o [49]
    .data            inited   0x2802'080c     0x8  zf_driver_encoder.o [49]
    .data            inited   0x2802'0814    0x10  zf_driver_encoder.o [49]
    .data            inited   0x2802'0824    0x3c  zf_driver_pit.o [49]
    .data            inited   0x2802'0860    0x10  zf_driver_spi.o [49]
    .data            inited   0x2802'0870    0x1c  zf_driver_uart.o [49]
    .data            inited   0x2802'088c    0x1c  zf_driver_uart.o [49]
    .data            inited   0x2802'08a8     0x2  zf_device_ips200.o [48]
    .data            inited   0x2802'08aa     0x2  zf_device_ips200.o [48]
    .data            inited   0x2802'08ac     0x2  zf_device_ips200.o [48]
    .data            inited   0x2802'08ae     0x2  zf_device_ips200.o [48]
    .data            inited   0x2802'08b0     0x2  zf_driver_delay.o [49]
    .data            inited   0x2802'08b2     0x1  common_menu.o [5]
    .data            inited   0x2802'08b3     0x1  Menu.o [5]
    .data            inited   0x2802'08b4     0x1  zf_common_debug.o [46]
    .data            inited   0x2802'08b5     0x1  zf_device_ips200.o [48]
    .data            inited   0x2802'08b6     0x1  zf_device_ips200.o [48]
    .data            inited   0x2802'08b7     0x1  zf_device_ips200.o [48]
    .data            inited   0x2802'08b8     0x1  zf_device_ips200.o [48]
    .data            inited   0x2802'08b9     0x1  zf_driver_delay.o [49]
                            - 0x2802'08ba   0x8ba

"P2", part 2 of 3:                         0x1390
  .bss               zero     0x2802'08bc   0x800  zf_driver_flash.o [49]
  .bss               zero     0x2802'10bc   0x3c0  common_menu.o [5]
  .bss               zero     0x2802'147c   0x200  zf_device_tsl1401.o [48]
  .bss               zero     0x2802'167c   0x188  zf_driver_uart.o [49]
  .bss               zero     0x2802'1804    0x80  zf_device_gnss.o [48]
  .bss               zero     0x2802'1884    0x80  zf_device_gnss.o [48]
  .bss               zero     0x2802'1904    0x80  zf_device_gnss.o [48]
  .bss               zero     0x2802'1984    0x70  cy_syslib.o [36]
  .bss               zero     0x2802'19f4    0x70  zf_driver_uart.o [49]
  .bss               zero     0x2802'1a64    0x48  zf_driver_adc.o [49]
  .bss               zero     0x2802'1aac    0x40  zf_common_debug.o [46]
  .bss               zero     0x2802'1aec    0x30  Param_Storage.o [5]
  .bss               zero     0x2802'1b1c    0x18  cy_sysclk.o [33]
  .bss               zero     0x2802'1b34    0x18  cy_syslib.o [36]
  .bss               zero     0x2802'1b4c    0x18  zf_common_debug.o [46]
  .bss               zero     0x2802'1b64    0x18  zf_device_gnss.o [48]
  .bss               zero     0x2802'1b7c    0x14  zf_common_debug.o [46]
  .bss               zero     0x2802'1ba0    0x10  cy_srom.o [30]
  .bss               zero     0x2802'1bb0    0x10  zf_device_key.o [48]
  .bss               zero     0x2802'1bc0     0x8  zf_driver_uart.o [49]
  .bss               zero     0x2802'1bc8     0x8  zf_driver_uart.o [49]
  .bss               zero     0x2802'1bd0     0x8  heap0.o [50]
  .bss               zero     0x2802'1bd8     0x4  common_menu.o [5]
  .bss               zero     0x2802'1bdc     0x4  cy_srom.o [30]
  .bss               zero     0x2802'1be0     0x4  cy_srom.o [30]
  .bss               zero     0x2802'1be4     0x4  cy_syslib.o [36]
  .bss               zero     0x2802'1be8     0x4  Motor.o [5]
  .bss               zero     0x2802'1bec     0x4  Motor.o [5]
  .bss               zero     0x2802'1bf0     0x4  Motor.o [5]
  .bss               zero     0x2802'1bf4     0x4  Motor.o [5]
  .bss               zero     0x2802'1bf8     0x4  system_tviibh4m_cm7.o [22]
  .bss               zero     0x2802'1bfc     0x4  system_tviibh4m_cm7.o [22]
  .bss               zero     0x2802'1c00     0x4  system_tviibh4m_cm7.o [22]
  .bss               zero     0x2802'1c04     0x4  system_tviibh4m_cm7.o [22]
  .bss               zero     0x2802'1c08     0x4  system_tviibh4m_cm7.o [22]
  .bss               zero     0x2802'1c0c     0x4  zf_common_clock.o [46]
  .bss               zero     0x2802'1c10     0x4  zf_common_interrupt.o [46]
  .bss               zero     0x2802'1c14     0x4  zf_device_key.o [48]
  .bss               zero     0x2802'1c18     0x4  zf_device_key.o [48]
  .bss               zero     0x2802'1c1c     0x4  zf_driver_encoder.o [49]
  .bss               zero     0x2802'1c20     0x4  zf_driver_spi.o [49]
  .bss               zero     0x2802'1c24     0x4  xgetmemchunk.o [50]
  .bss               zero     0x2802'1c28     0x4  xfail_s.o [50]
  .bss               zero     0x2802'1c2c     0x2  cm7_0_isr.o [45]
  .bss               zero     0x2802'1c2e     0x2  cm7_0_isr.o [45]
  .bss               zero     0x2802'1c30     0x2  Motor.o [5]
  .bss               zero     0x2802'1c32     0x2  Motor.o [5]
  .bss               zero     0x2802'1c34     0x2  Motor.o [5]
  .bss               zero     0x2802'1c36     0x2  Motor.o [5]
  .bss               zero     0x2802'1c38     0x1  common_menu.o [5]
  .bss               zero     0x2802'1c39     0x1  cy_mw_flash.o [13]
  .bss               zero     0x2802'1c3a     0x1  cy_mw_flash.o [13]
  .bss               zero     0x2802'1c3b     0x1  cy_sysclk.o [33]
  .bss               zero     0x2802'1c3c     0x1  PID.o [5]
  .bss               zero     0x2802'1c3d     0x1  zf_common_debug.o [46]
  .bss               zero     0x2802'1c3e     0x1  zf_common_debug.o [46]
  .bss               zero     0x2802'1c3f     0x1  zf_common_debug.o [46]
  .bss               zero     0x2802'1c40     0x1  zf_device_gnss.o [48]
  .bss               zero     0x2802'1c41     0x1  zf_device_gnss.o [48]
  .bss               zero     0x2802'1c42     0x1  zf_device_gnss.o [48]
  .bss               zero     0x2802'1c43     0x1  zf_device_gnss.o [48]
  .bss               zero     0x2802'1c44     0x1  zf_device_gnss.o [48]
  .bss               zero     0x2802'1c45     0x1  zf_device_ips200.o [48]
  .bss               zero     0x2802'1c46     0x1  zf_device_ips200.o [48]
  .bss               zero     0x2802'1c47     0x1  zf_device_tsl1401.o [48]
  .bss               zero     0x2802'1c48     0x1  zf_device_tsl1401.o [48]
  .bss               zero     0x2802'1c49     0x1  zf_driver_flash.o [49]
                            - 0x2802'1c4a  0x138e

"P2", part 3 of 3:                           0x80
  .intvec_ram        uninit   0x2802'1c80    0x80  startup_cm7.o [31]
                            - 0x2802'1d00    0x80

"A1":                                      0x2400
  HEAP_STACK                  0x2807'dc00  0x2400  <Block>
    HEAP                      0x2807'dc00   0x400  <Block>
      HEAP           uninit   0x2807'dc00   0x400  <Block tail>
    CSTACK                    0x2807'e000  0x2000  <Block>
      CSTACK         uninit   0x2807'e000  0x2000  <Block tail>
                            - 0x2808'0000  0x2400

Unused ranges:

         From           To       Size
         ----           --       ----
  0x1008'b90b  0x1027'ffff  0x1f'46f5
  0x2802'08ba  0x2802'08bb        0x2
  0x2802'1c4c  0x2802'1c7f       0x34
  0x2802'1d00  0x2807'dbff   0x5'bf00


*******************************************************************************
*** INIT TABLE
***

          Address      Size
          -------      ----
Zero (__iar_zero_init3)
    1 destination range, total size 0x138e:
          0x2802'08bc  0x138e

Copy/lz77 (__iar_lz77_init_single3)
    1 source range, total size 0xf5 (10% of destination):
          0x1008'b74e    0xf5
    1 destination range, total size 0x8ba:
          0x2802'0000   0x8ba



*******************************************************************************
*** MODULE SUMMARY
***

    Module                 ro code  ro data  rw data
    ------                 -------  -------  -------
command line/config:
    ------------------------------------------------
    Total:

D:\Project\Code\CYT4BB7\M-Car-Project\project\iar\Debug_m7_0\Obj\adc_11722776235721520015.dir: [1]
    ------------------------------------------------
    Total:

D:\Project\Code\CYT4BB7\M-Car-Project\project\iar\Debug_m7_0\Obj\audioss_1346650047966882938.dir: [2]
    ------------------------------------------------
    Total:

D:\Project\Code\CYT4BB7\M-Car-Project\project\iar\Debug_m7_0\Obj\button_4990804375159372270.dir: [3]
    ------------------------------------------------
    Total:

D:\Project\Code\CYT4BB7\M-Car-Project\project\iar\Debug_m7_0\Obj\canfd_1800690984773873875.dir: [4]
    ------------------------------------------------
    Total:

D:\Project\Code\CYT4BB7\M-Car-Project\project\iar\Debug_m7_0\Obj\code_17896468042025673432.dir: [5]
    Debug.o                  2'740      464
    Menu.o                     412       64        1
    Motor.o                    316                24
    PID.o                      408       23      209
    Param_Page.o               536       64
    Param_Storage.o            492       48       48
    common_menu.o            2'396      130    1'022
    ------------------------------------------------
    Total:                   7'300      793    1'304

D:\Project\Code\CYT4BB7\M-Car-Project\project\iar\Debug_m7_0\Obj\cpu_15938736945165268644.dir: [6]
    ------------------------------------------------
    Total:

D:\Project\Code\CYT4BB7\M-Car-Project\project\iar\Debug_m7_0\Obj\crypto_1190170608956581615.dir: [7]
    ------------------------------------------------
    Total:

D:\Project\Code\CYT4BB7\M-Car-Project\project\iar\Debug_m7_0\Obj\dma_12106025507578611576.dir: [8]
    ------------------------------------------------
    Total:

D:\Project\Code\CYT4BB7\M-Car-Project\project\iar\Debug_m7_0\Obj\eth_phy_18133017486186456677.dir: [9]
    ------------------------------------------------
    Total:

D:\Project\Code\CYT4BB7\M-Car-Project\project\iar\Debug_m7_0\Obj\ethernet_6029839089178797009.dir: [10]
    ------------------------------------------------
    Total:

D:\Project\Code\CYT4BB7\M-Car-Project\project\iar\Debug_m7_0\Obj\evtgen_3404189088603873129.dir: [11]
    ------------------------------------------------
    Total:

D:\Project\Code\CYT4BB7\M-Car-Project\project\iar\Debug_m7_0\Obj\flash_8529866181315662935.dir: [12]
    cy_flash.o               1'196       20
    ------------------------------------------------
    Total:                   1'196       20

D:\Project\Code\CYT4BB7\M-Car-Project\project\iar\Debug_m7_0\Obj\flash_864493325053435817.dir: [13]
    cy_mw_flash.o              732       96        2
    ------------------------------------------------
    Total:                     732       96        2

D:\Project\Code\CYT4BB7\M-Car-Project\project\iar\Debug_m7_0\Obj\gpio_3999404635324069351.dir: [14]
    cy_gpio.o                  404
    ------------------------------------------------
    Total:                     404

D:\Project\Code\CYT4BB7\M-Car-Project\project\iar\Debug_m7_0\Obj\ipc_10145506163450686023.dir: [15]
    cy_ipc_drv.o                96        4
    ------------------------------------------------
    Total:                      96        4

D:\Project\Code\CYT4BB7\M-Car-Project\project\iar\Debug_m7_0\Obj\lin_18429031207028094880.dir: [16]
    ------------------------------------------------
    Total:

D:\Project\Code\CYT4BB7\M-Car-Project\project\iar\Debug_m7_0\Obj\lvd_6353935867039560245.dir: [17]
    ------------------------------------------------
    Total:

D:\Project\Code\CYT4BB7\M-Car-Project\project\iar\Debug_m7_0\Obj\mcwdt_4052485907822033969.dir: [18]
    ------------------------------------------------
    Total:

D:\Project\Code\CYT4BB7\M-Car-Project\project\iar\Debug_m7_0\Obj\mpu_5663187252346826382.dir: [19]
    ------------------------------------------------
    Total:

D:\Project\Code\CYT4BB7\M-Car-Project\project\iar\Debug_m7_0\Obj\power_14453085144426420577.dir: [20]
    ------------------------------------------------
    Total:

D:\Project\Code\CYT4BB7\M-Car-Project\project\iar\Debug_m7_0\Obj\prot_10722960861768657883.dir: [21]
    ------------------------------------------------
    Total:

D:\Project\Code\CYT4BB7\M-Car-Project\project\iar\Debug_m7_0\Obj\rev_b_4986922561640112550.dir: [22]
    system_tviibh4m_cm7.o      336      120       20
    ------------------------------------------------
    Total:                     336      120       20

D:\Project\Code\CYT4BB7\M-Car-Project\project\iar\Debug_m7_0\Obj\rev_b_6162237342861132223.dir: [23]
    cy_interrupt_map.o         408      226    1'776
    ------------------------------------------------
    Total:                     408      226    1'776

D:\Project\Code\CYT4BB7\M-Car-Project\project\iar\Debug_m7_0\Obj\scb_15490842639181808494.dir: [24]
    cy_scb_spi.o               496       16
    cy_scb_uart.o              788       40
    ------------------------------------------------
    Total:                   1'284       56

D:\Project\Code\CYT4BB7\M-Car-Project\project\iar\Debug_m7_0\Obj\sd_host_2982766354293506895.dir: [25]
    ------------------------------------------------
    Total:

D:\Project\Code\CYT4BB7\M-Car-Project\project\iar\Debug_m7_0\Obj\semihosting_143864889731838620.dir: [26]
    ------------------------------------------------
    Total:

D:\Project\Code\CYT4BB7\M-Car-Project\project\iar\Debug_m7_0\Obj\smartio_5451710003740070188.dir: [27]
    ------------------------------------------------
    Total:

D:\Project\Code\CYT4BB7\M-Car-Project\project\iar\Debug_m7_0\Obj\smif_427648126384146252.dir: [28]
    ------------------------------------------------
    Total:

D:\Project\Code\CYT4BB7\M-Car-Project\project\iar\Debug_m7_0\Obj\smif_mem_6470536964353725183.dir: [29]
    ------------------------------------------------
    Total:

D:\Project\Code\CYT4BB7\M-Car-Project\project\iar\Debug_m7_0\Obj\srom_13018798572330080582.dir: [30]
    cy_srom.o                  748      104       24
    ------------------------------------------------
    Total:                     748      104       24

D:\Project\Code\CYT4BB7\M-Car-Project\project\iar\Debug_m7_0\Obj\startup_479057977785470282.dir: [31]
    startup.o                  516       24
    startup_cm7.o              442               128
    ------------------------------------------------
    Total:                     958       24      128

D:\Project\Code\CYT4BB7\M-Car-Project\project\iar\Debug_m7_0\Obj\sw_timer_4215635015939382130.dir: [32]
    ------------------------------------------------
    Total:

D:\Project\Code\CYT4BB7\M-Car-Project\project\iar\Debug_m7_0\Obj\sysclk_16149231235676103872.dir: [33]
    cy_sysclk.o              2'280      192       25
    ------------------------------------------------
    Total:                   2'280      192       25

D:\Project\Code\CYT4BB7\M-Car-Project\project\iar\Debug_m7_0\Obj\sysflt_12293435975120599261.dir: [34]
    ------------------------------------------------
    Total:

D:\Project\Code\CYT4BB7\M-Car-Project\project\iar\Debug_m7_0\Obj\sysint_7435970359207984181.dir: [35]
    cy_sysint.o                172        8
    ------------------------------------------------
    Total:                     172        8

D:\Project\Code\CYT4BB7\M-Car-Project\project\iar\Debug_m7_0\Obj\syslib_16330585751512546975.dir: [36]
    cy_syslib.o                262               140
    cy_syslib_iar.o             30
    ------------------------------------------------
    Total:                     292               140

D:\Project\Code\CYT4BB7\M-Car-Project\project\iar\Debug_m7_0\Obj\syspm_10887939769544754770.dir: [37]
    ------------------------------------------------
    Total:

D:\Project\Code\CYT4BB7\M-Car-Project\project\iar\Debug_m7_0\Obj\sysreghc_17676636058511625587.dir: [38]
    ------------------------------------------------
    Total:

D:\Project\Code\CYT4BB7\M-Car-Project\project\iar\Debug_m7_0\Obj\sysreset_14586141425677365288.dir: [39]
    ------------------------------------------------
    Total:

D:\Project\Code\CYT4BB7\M-Car-Project\project\iar\Debug_m7_0\Obj\sysrtc_10747768817563771611.dir: [40]
    ------------------------------------------------
    Total:

D:\Project\Code\CYT4BB7\M-Car-Project\project\iar\Debug_m7_0\Obj\systick_16016591671695740695.dir: [41]
    ------------------------------------------------
    Total:

D:\Project\Code\CYT4BB7\M-Car-Project\project\iar\Debug_m7_0\Obj\syswdt_9118657615806274156.dir: [42]
    ------------------------------------------------
    Total:

D:\Project\Code\CYT4BB7\M-Car-Project\project\iar\Debug_m7_0\Obj\tcpwm_422923530147891246.dir: [43]
    cy_tcpwm.o                  24
    cy_tcpwm_counter.o         430       20
    cy_tcpwm_pwm.o             522       28
    cy_tcpwm_quaddec.o         400       20
    ------------------------------------------------
    Total:                   1'376       68

D:\Project\Code\CYT4BB7\M-Car-Project\project\iar\Debug_m7_0\Obj\trigmux_9729677290734583340.dir: [44]
    ------------------------------------------------
    Total:

D:\Project\Code\CYT4BB7\M-Car-Project\project\iar\Debug_m7_0\Obj\user_8514941877209965082.dir: [45]
    cm7_0_isr.o                592                 4
    main_cm7_0.o                48
    ------------------------------------------------
    Total:                     640                 4

D:\Project\Code\CYT4BB7\M-Car-Project\project\iar\Debug_m7_0\Obj\zf_common_1201165462030747823.dir: [46]
    zf_common_clock.o           28                 4
    zf_common_debug.o        1'056      108      112
    zf_common_fifo.o         1'096       76
    zf_common_font.o                  2'072
    zf_common_interrupt.o      226                 4
    ------------------------------------------------
    Total:                   2'406    2'256      120

D:\Project\Code\CYT4BB7\M-Car-Project\project\iar\Debug_m7_0\Obj\zf_components_14936052685886095442.dir: [47]
    ------------------------------------------------
    Total:

D:\Project\Code\CYT4BB7\M-Car-Project\project\iar\Debug_m7_0\Obj\zf_device_6570275422786408770.dir: [48]
    zf_device_gnss.o           276               413
    zf_device_ips200.o       2'564       80       14
    zf_device_key.o            260       80       24
    zf_device_tsl1401.o        124               514
    zf_device_type.o             2        1        8
    ------------------------------------------------
    Total:                   3'226      161      973

D:\Project\Code\CYT4BB7\M-Car-Project\project\iar\Debug_m7_0\Obj\zf_driver_11922370083829174090.dir: [49]
    zf_driver_adc.o            116        1       84
    zf_driver_delay.o          644        2        3
    zf_driver_encoder.o      1'020        3       28
    zf_driver_flash.o          496       76    2'049
    zf_driver_gpio.o           272
    zf_driver_pit.o            920        7       60
    zf_driver_pwm.o          3'608       76
    zf_driver_spi.o          2'472       77       20
    zf_driver_uart.o         2'764       83      576
    ------------------------------------------------
    Total:                  12'312      325    2'820

dl7M_tln.a: [50]
    abort.o                      6
    exit.o                       4
    heap0.o                    316                 8
    heaptramp0.o                 4
    sprintf.o                   64
    strncmp.o                   42
    vla_alloc.o                 22
    vsprintf.o                  52
    xfail_s.o                   64                 4
    xgetmemchunk.o              44                 4
    xprintffull_nomb.o       3'758
    xsprout.o                   10
    ------------------------------------------------
    Total:                   4'386                16

m7M_tlv.a: [51]
    DblCmpGe.o                  52
    DblCmpLe.o                  52
    DblDiv.o                    18
    DblMul.o                    18
    DblSub.o                    18
    DblToS32.o                  14
    DblToU32.o                  14
    S32ToDbl.o                  14
    U32ToDbl.o                  14
    fpinit_M.o                  34
    frexp.o                    112
    ldexp.o                    260
    ------------------------------------------------
    Total:                     620

rt7M_tl.a: [52]
    ABImemclr4.o                 6
    ABImemcpy.o                166
    ABImemset.o                102
    ABImemset48.o               50
    I64DivMod.o                560
    I64DivZer.o                  2
    cexit.o                     10
    cmain.o                     30
    cstartup_M.o                28
    data_init.o                 40
    lz77_init_single.o         126
    memchr.o                    88
    strchr.o                    22
    strlen.o                    54
    strncpy.o                  112
    zero_init3.o                56
    ------------------------------------------------
    Total:                   1'452

shb_l.a: [53]
    exit.o                      20
    ------------------------------------------------
    Total:                      20

    Gaps                        34        8       16
    Linker created                       32    9'216
----------------------------------------------------
    Grand Total:            42'678    4'493   16'584


*******************************************************************************
*** ENTRY LIST
***

Entry                       Address   Size  Type      Object
-----                       -------   ----  ----      ------
.iar.init_table$$Base   0x1008'b1ec          --   Gb  - Linker created -
.iar.init_table$$Limit  0x1008'b20c          --   Gb  - Linker created -
?main                   0x1008'b2d1         Code  Gb  cmain.o [52]
Aldata                  0x2802'1bd0    0x8  Data  Lc  heap0.o [50]
BusFault_Handler        0x1008'b719         Code  Wk  startup_cm7.o [31]
CSTACK$$Base            0x2807'e000          --   Gb  - Linker created -
CSTACK$$Limit           0x2808'0000          --   Gb  - Linker created -
CopyVectorTable         0x1008'a765   0x34  Code  Lc  startup.o [31]
CpuUserInt0_Handler     0x1008'aae3   0x26  Code  Gb  cy_interrupt_map.o [23]
CpuUserInt10_Handler    0x1008'b735         Code  Wk  startup_cm7.o [31]
CpuUserInt11_Handler    0x1008'b739         Code  Wk  startup_cm7.o [31]
CpuUserInt12_Handler    0x1008'b73d         Code  Wk  startup_cm7.o [31]
CpuUserInt13_Handler    0x1008'b741         Code  Wk  startup_cm7.o [31]
CpuUserInt14_Handler    0x1008'b745         Code  Wk  startup_cm7.o [31]
CpuUserInt15_Handler    0x1008'b749         Code  Wk  startup_cm7.o [31]
CpuUserInt1_Handler     0x1008'ab09   0x26  Code  Gb  cy_interrupt_map.o [23]
CpuUserInt2_Handler     0x1008'ab2f   0x26  Code  Gb  cy_interrupt_map.o [23]
CpuUserInt3_Handler     0x1008'ab55   0x26  Code  Gb  cy_interrupt_map.o [23]
CpuUserInt4_Handler     0x1008'ab7b   0x26  Code  Gb  cy_interrupt_map.o [23]
CpuUserInt5_Handler     0x1008'aba1   0x26  Code  Gb  cy_interrupt_map.o [23]
CpuUserInt6_Handler     0x1008'abc7   0x26  Code  Gb  cy_interrupt_map.o [23]
CpuUserInt7_Handler     0x1008'abed   0x26  Code  Gb  cy_interrupt_map.o [23]
CpuUserInt8_Handler     0x1008'b72d         Code  Wk  startup_cm7.o [31]
CpuUserInt9_Handler     0x1008'b731         Code  Wk  startup_cm7.o [31]
Create_Menu_Folder      0x1008'7179   0x1a  Code  Gb  common_menu.o [5]
Create_Menu_LimitNumber
                        0x1008'7195   0x12  Code  Gb  common_menu.o [5]
Cy_DefaultUserHandler   0x1008'aae1    0x2  Code  Gb  cy_interrupt_map.o [23]
Cy_FlashHandler         0x1008'96bf   0x34  Code  Lc  cy_mw_flash.o [13]
Cy_FlashInit            0x1008'96f3   0x3c  Code  Gb  cy_mw_flash.o [13]
Cy_FlashSectorErase     0x1008'972f   0x7e  Code  Gb  cy_mw_flash.o [13]
Cy_FlashWriteWork       0x1008'9839   0xbc  Code  Gb  cy_mw_flash.o [13]
Cy_Flash_BlankCheck     0x1008'8e47   0xb4  Code  Gb  cy_flash.o [12]
Cy_Flash_BoundsCheck    0x1008'8cfd   0x24  Code  Gb  cy_flash.o [12]
Cy_Flash_CallSromApiForFlashWrite
                        0x1008'8aed   0x6a  Code  Lc  cy_flash.o [12]
Cy_Flash_EraseSector    0x1008'8ddf   0x68  Code  Gb  cy_flash.o [12]
Cy_Flash_IsWorkSmallSector
                        0x1008'8c53   0x40  Code  Gb  cy_flash.o [12]
Cy_Flash_MainBoundsCheck
                        0x1008'8c93   0x6a  Code  Gb  cy_flash.o [12]
Cy_Flash_ProcessOpcode  0x1008'8d21   0xbe  Code  Gb  cy_flash.o [12]
Cy_Flash_ProgramRow     0x1008'8b57   0x92  Code  Gb  cy_flash.o [12]
Cy_Flash_WorkBoundsCheck
                        0x1008'8be9   0x6a  Code  Gb  cy_flash.o [12]
Cy_Flashc_GetMainBankMode
                        0x1008'8acb    0xe  Code  Lc  cy_flash.o [12]
Cy_Flashc_GetWorkBankMode
                        0x1008'8abd    0xe  Code  Lc  cy_flash.o [12]
Cy_Flashc_InvalidateFlashCacheBuffer
                        0x1008'8ad9   0x14  Code  Lc  cy_flash.o [12]
Cy_Flashc_InvalidateFlashCacheBuffer
                        0x1008'9693   0x14  Code  Lc  cy_mw_flash.o [13]
Cy_Flashc_MainWriteEnable
                        0x1008'96a7    0xc  Code  Lc  cy_mw_flash.o [13]
Cy_Flashc_WorkWriteEnable
                        0x1008'96b3    0xc  Code  Lc  cy_mw_flash.o [13]
Cy_GPIO_ClearInterrupt  0x1008'2953    0xe  Code  Lc  cy_gpio.o [14]
Cy_GPIO_Clr             0x1008'6305    0xa  Code  Lc  zf_driver_gpio.o [49]
Cy_GPIO_Pin_Init        0x1008'2997   0x72  Code  Gb  cy_gpio.o [14]
Cy_GPIO_Read            0x1008'62f1    0xa  Code  Lc  zf_driver_gpio.o [49]
Cy_GPIO_Set             0x1008'62fb    0xa  Code  Lc  zf_driver_gpio.o [49]
Cy_GPIO_SetDriveSel     0x1008'2935   0x1e  Code  Lc  cy_gpio.o [14]
Cy_GPIO_SetDrivemode    0x1008'28e5   0x1c  Code  Lc  cy_gpio.o [14]
Cy_GPIO_SetHSIOM        0x1008'2881   0x4c  Code  Lc  cy_gpio.o [14]
Cy_GPIO_SetInterruptEdge
                        0x1008'297b   0x1c  Code  Lc  cy_gpio.o [14]
Cy_GPIO_SetInterruptMask
                        0x1008'2961   0x1a  Code  Lc  cy_gpio.o [14]
Cy_GPIO_SetSlewRate     0x1008'291b   0x1a  Code  Lc  cy_gpio.o [14]
Cy_GPIO_SetVtrip        0x1008'2901   0x1a  Code  Lc  cy_gpio.o [14]
Cy_GPIO_Write           0x1008'28cd   0x18  Code  Lc  cy_gpio.o [14]
Cy_IPC_Drv_AcquireNotify
                        0x1008'9255    0xc  Code  Lc  cy_ipc_drv.o [15]
Cy_IPC_Drv_ClearInterrupt
                        0x1008'8fb3   0x14  Code  Lc  cy_srom.o [30]
Cy_IPC_Drv_GetInterruptStatusMasked
                        0x1008'8faf    0x4  Code  Lc  cy_srom.o [30]
Cy_IPC_Drv_GetIntrBaseAddr
                        0x1008'8f69   0x34  Code  Lc  cy_srom.o [30]
Cy_IPC_Drv_IsLockAcquired
                        0x1008'8fc7    0x8  Code  Lc  cy_srom.o [30]
Cy_IPC_Drv_LockAcquire  0x1008'9269   0x10  Code  Gb  cy_ipc_drv.o [15]
Cy_IPC_Drv_SendMsgWord_2
                        0x1008'9279   0x34  Code  Gb  cy_ipc_drv.o [15]
Cy_IPC_Drv_SetInterruptMask
                        0x1008'8f9d   0x12  Code  Lc  cy_srom.o [30]
Cy_IPC_Drv_WriteData1Value
                        0x1008'9265    0x4  Code  Lc  cy_ipc_drv.o [15]
Cy_IPC_Drv_WriteDataValue
                        0x1008'9261    0x4  Code  Lc  cy_ipc_drv.o [15]
Cy_RestoreIRQ           0x1008'a921         Code  Gb  startup_cm7.o [31]
Cy_SCB_ClearRxFifo      0x1008'2ded   0x1e  Code  Lc  zf_driver_uart.o [49]
Cy_SCB_ClearRxInterrupt
                        0x1008'2e53    0xa  Code  Lc  zf_driver_uart.o [49]
Cy_SCB_ClearTxInterrupt
                        0x1008'2e69    0xa  Code  Lc  zf_driver_uart.o [49]
Cy_SCB_GetFifoSize      0x1008'5939   0x12  Code  Lc  zf_driver_spi.o [49]
Cy_SCB_GetNumInRxFifo   0x1008'2de3    0xa  Code  Lc  zf_driver_uart.o [49]
Cy_SCB_GetNumInTxFifo   0x1008'5903    0xa  Code  Lc  zf_driver_spi.o [49]
Cy_SCB_GetNumInTxFifo   0x1008'2e11    0xa  Code  Lc  zf_driver_uart.o [49]
Cy_SCB_GetRxInterruptMask
                        0x1008'2e4d    0x6  Code  Lc  zf_driver_uart.o [49]
Cy_SCB_GetTxInterruptMask
                        0x1008'2e63    0x6  Code  Lc  zf_driver_uart.o [49]
Cy_SCB_GetTxSrValid     0x1008'590d    0xa  Code  Lc  zf_driver_spi.o [49]
Cy_SCB_GetTxSrValid     0x1008'2e1b    0xa  Code  Lc  zf_driver_uart.o [49]
Cy_SCB_IsTxComplete     0x1008'5917   0x22  Code  Lc  zf_driver_spi.o [49]
Cy_SCB_IsTxComplete     0x1008'2e25   0x22  Code  Lc  zf_driver_uart.o [49]
Cy_SCB_ReadRxFifo       0x1008'2ddd    0x6  Code  Lc  zf_driver_uart.o [49]
Cy_SCB_SPI_Enable       0x1008'594b    0xa  Code  Lc  zf_driver_spi.o [49]
Cy_SCB_SPI_Init         0x1008'6a81  0x1d8  Code  Gb  cy_scb_spi.o [24]
Cy_SCB_SPI_SetActiveSlaveSelect
                        0x1008'5955    0xc  Code  Lc  zf_driver_spi.o [49]
Cy_SCB_SetRxInterruptMask
                        0x1008'2e47    0x6  Code  Lc  zf_driver_uart.o [49]
Cy_SCB_SetTxInterruptMask
                        0x1008'2e5d    0x6  Code  Lc  zf_driver_uart.o [49]
Cy_SCB_UART_DeInit      0x1008'3efd   0x5c  Code  Gb  cy_scb_uart.o [24]
Cy_SCB_UART_Enable      0x1008'2e73    0xa  Code  Lc  zf_driver_uart.o [49]
Cy_SCB_UART_Init        0x1008'3c79  0x284  Code  Gb  cy_scb_uart.o [24]
Cy_SCB_WriteTxFifo      0x1008'58fd    0x6  Code  Lc  zf_driver_spi.o [49]
Cy_SCB_WriteTxFifo      0x1008'2e0b    0x6  Code  Lc  zf_driver_uart.o [49]
Cy_SaveIRQ              0x1008'a919         Code  Gb  startup_cm7.o [31]
Cy_Srom_CallApi         0x1008'8fcf   0xb8  Code  Gb  cy_srom.o [30]
Cy_Srom_CallApi_NonBlock
                        0x1008'9087   0x66  Code  Gb  cy_srom.o [30]
Cy_Srom_ConvertRespToStatus
                        0x1008'9153   0x1e  Code  Gb  cy_srom.o [30]
Cy_Srom_GetApiResponse  0x1008'911d   0x36  Code  Gb  cy_srom.o [30]
Cy_Srom_GetResponseType
                        0x1008'90ed   0x30  Code  Gb  cy_srom.o [30]
Cy_Srom_ISR_ResponseIPC
                        0x1008'91cd   0x58  Code  Lc  cy_srom.o [30]
Cy_Srom_SetResponseHandler
                        0x1008'9171   0x5a  Code  Gb  cy_srom.o [30]
Cy_SysClk_CheckDividerExisting
                        0x1008'6401   0x2a  Code  Lc  zf_driver_delay.o [49]
Cy_SysClk_CheckDividerExisting
                        0x1008'6685   0x2c  Code  Lc  zf_driver_encoder.o [49]
Cy_SysClk_CheckDividerExisting
                        0x1008'92b5   0x2c  Code  Lc  zf_driver_pit.o [49]
Cy_SysClk_CheckDividerExisting
                        0x1008'15e1   0x2c  Code  Lc  zf_driver_pwm.o [49]
Cy_SysClk_CheckDividerExisting
                        0x1008'5961   0x2c  Code  Lc  zf_driver_spi.o [49]
Cy_SysClk_CheckDividerExisting
                        0x1008'2c39   0x2c  Code  Lc  zf_driver_uart.o [49]
Cy_SysClk_ClkPathGetSource
                        0x1008'7bed   0x54  Code  Gb  cy_sysclk.o [33]
Cy_SysClk_EcoGetStatus  0x1008'7a79   0x1a  Code  Lc  cy_sysclk.o [33]
Cy_SysClk_Fast0ClkGetDivider
                        0x1008'7bc1   0x16  Code  Lc  cy_sysclk.o [33]
Cy_SysClk_Fast1ClkGetDivider
                        0x1008'7bd7   0x16  Code  Lc  cy_sysclk.o [33]
Cy_SysClk_FllGetConfiguration
                        0x1008'7c49   0x7e  Code  Gb  cy_sysclk.o [33]
Cy_SysClk_FllGetLockStatus
                        0x1008'7a93    0xc  Code  Lc  cy_sysclk.o [33]
Cy_SysClk_GetClockGroup
                        0x1008'64a9    0x8  Code  Lc  zf_driver_delay.o [49]
Cy_SysClk_GetClockGroup
                        0x1008'6733    0x8  Code  Lc  zf_driver_encoder.o [49]
Cy_SysClk_GetClockGroup
                        0x1008'9363    0x8  Code  Lc  zf_driver_pit.o [49]
Cy_SysClk_GetClockGroup
                        0x1008'168f    0x8  Code  Lc  zf_driver_pwm.o [49]
Cy_SysClk_GetClockGroup
                        0x1008'5a45    0x8  Code  Lc  zf_driver_spi.o [49]
Cy_SysClk_GetClockGroup
                        0x1008'2d1d    0x8  Code  Lc  zf_driver_uart.o [49]
Cy_SysClk_GetCoreFrequency
                        0x1008'830d   0x2a  Code  Gb  cy_sysclk.o [33]
Cy_SysClk_GetEcoFrequency
                        0x1008'7e15   0x32  Code  Gb  cy_sysclk.o [33]
Cy_SysClk_GetExtFrequency
                        0x1008'7e49   0x1e  Code  Gb  cy_sysclk.o [33]
Cy_SysClk_GetFast0Frequency
                        0x1008'8261   0x56  Code  Gb  cy_sysclk.o [33]
Cy_SysClk_GetFast1Frequency
                        0x1008'82b7   0x56  Code  Gb  cy_sysclk.o [33]
Cy_SysClk_GetFllInputFrequency
                        0x1008'7f69    0xc  Code  Gb  cy_sysclk.o [33]
Cy_SysClk_GetFllOutputFrequency
                        0x1008'7f91   0x78  Code  Gb  cy_sysclk.o [33]
Cy_SysClk_GetHfClkFrequency
                        0x1008'81e3   0x7a  Code  Gb  cy_sysclk.o [33]
Cy_SysClk_GetIlo0Frequency
                        0x1008'7e67   0x32  Code  Gb  cy_sysclk.o [33]
Cy_SysClk_GetIlo1Frequency
                        0x1008'7e99   0x32  Code  Gb  cy_sysclk.o [33]
Cy_SysClk_GetImoFrequency
                        0x1008'7de3   0x32  Code  Gb  cy_sysclk.o [33]
Cy_SysClk_GetPathFrequency
                        0x1008'81b1   0x32  Code  Gb  cy_sysclk.o [33]
Cy_SysClk_GetPathSourceFrequency
                        0x1008'7f05   0x64  Code  Gb  cy_sysclk.o [33]
Cy_SysClk_GetPll400MNo  0x1008'7add   0x14  Code  Lc  cy_sysclk.o [33]
Cy_SysClk_GetPllInputFrequency
                        0x1008'7f75   0x1c  Code  Gb  cy_sysclk.o [33]
Cy_SysClk_GetPllNo      0x1008'7aa1   0x12  Code  Lc  cy_sysclk.o [33]
Cy_SysClk_GetPllOutputFrequency
                        0x1008'800d  0x1a0  Code  Gb  cy_sysclk.o [33]
Cy_SysClk_GetWcoFrequency
                        0x1008'7ecb   0x32  Code  Gb  cy_sysclk.o [33]
Cy_SysClk_HfClockGetDivider
                        0x1008'7b7f   0x42  Code  Lc  cy_sysclk.o [33]
Cy_SysClk_HfClockGetSource
                        0x1008'7b2b   0x54  Code  Lc  cy_sysclk.o [33]
Cy_SysClk_InitGetFreqParams
                        0x1008'7dc9   0x1a  Code  Gb  cy_sysclk.o [33]
Cy_SysClk_PeriphAssignDivider
                        0x1008'64b1   0x68  Code  Lc  zf_driver_delay.o [49]
Cy_SysClk_PeriphAssignDivider
                        0x1008'673b   0x6a  Code  Lc  zf_driver_encoder.o [49]
Cy_SysClk_PeriphAssignDivider
                        0x1008'936b   0x68  Code  Lc  zf_driver_pit.o [49]
Cy_SysClk_PeriphAssignDivider
                        0x1008'1697   0x6a  Code  Lc  zf_driver_pwm.o [49]
Cy_SysClk_PeriphAssignDivider
                        0x1008'5a4d   0x6a  Code  Lc  zf_driver_spi.o [49]
Cy_SysClk_PeriphAssignDivider
                        0x1008'2d25   0x6a  Code  Lc  zf_driver_uart.o [49]
Cy_SysClk_PeriphEnableDivider
                        0x1008'6519   0x4c  Code  Lc  zf_driver_delay.o [49]
Cy_SysClk_PeriphEnableDivider
                        0x1008'67a5   0x4e  Code  Lc  zf_driver_encoder.o [49]
Cy_SysClk_PeriphEnableDivider
                        0x1008'93d3   0x4c  Code  Lc  zf_driver_pit.o [49]
Cy_SysClk_PeriphEnableDivider
                        0x1008'1701   0x4e  Code  Lc  zf_driver_pwm.o [49]
Cy_SysClk_PeriphEnableDivider
                        0x1008'5ab7   0x4e  Code  Lc  zf_driver_spi.o [49]
Cy_SysClk_PeriphEnableDivider
                        0x1008'2d8f   0x4e  Code  Lc  zf_driver_uart.o [49]
Cy_SysClk_PeriphSetDivider
                        0x1008'642b   0x7e  Code  Lc  zf_driver_delay.o [49]
Cy_SysClk_PeriphSetDivider
                        0x1008'66b1   0x82  Code  Lc  zf_driver_encoder.o [49]
Cy_SysClk_PeriphSetDivider
                        0x1008'92e1   0x82  Code  Lc  zf_driver_pit.o [49]
Cy_SysClk_PeriphSetDivider
                        0x1008'160d   0x82  Code  Lc  zf_driver_pwm.o [49]
Cy_SysClk_PeriphSetFracDivider
                        0x1008'598d   0xb8  Code  Lc  zf_driver_spi.o [49]
Cy_SysClk_PeriphSetFracDivider
                        0x1008'2c65   0xb8  Code  Lc  zf_driver_uart.o [49]
Cy_SysClk_Pll400MGetConfiguration
                        0x1008'7d35   0x84  Code  Gb  cy_sysclk.o [33]
Cy_SysClk_Pll400MGetLockStatus
                        0x1008'7af1   0x2a  Code  Lc  cy_sysclk.o [33]
Cy_SysClk_PllGetConfiguration
                        0x1008'7ce1   0x48  Code  Gb  cy_sysclk.o [33]
Cy_SysClk_PllGetLockStatus
                        0x1008'7ab3   0x28  Code  Lc  cy_sysclk.o [33]
Cy_SysClk_WcoOkay       0x1008'7b1d    0xe  Code  Lc  cy_sysclk.o [33]
Cy_SysInt_InitIRQ       0x1008'3f8d   0x7e  Code  Gb  cy_sysint.o [35]
Cy_SysInt_SetSystemIrqVector
                        0x1008'400b   0x12  Code  Gb  cy_sysint.o [35]
Cy_SysInt_SystemIrqUserTableRamPointer
                        0x2802'0724    0x4  Data  Gb  cy_interrupt_map.o [23]
Cy_SysLib_CleanCoreDCacheByAddr
                        0x1008'8489   0x24  Code  Gb  cy_syslib.o [36]
Cy_SysLib_DelayCycles   0x1008'b2b1         Code  Gb  cy_syslib_iar.o [36]
Cy_SysLib_EnterCriticalSection
                        0x1008'b2c1         Code  Gb  cy_syslib_iar.o [36]
Cy_SysLib_ExitCriticalSection
                        0x1008'b2c9         Code  Gb  cy_syslib_iar.o [36]
Cy_SysLib_FaultHandler  0x1008'83d5   0x90  Code  Gb  cy_syslib.o [36]
Cy_SysLib_Halt          0x1008'83d1    0x4  Code  Gb  cy_syslib.o [36]
Cy_SysLib_InvalidateCoreDCacheByAddr
                        0x1008'8465   0x24  Code  Gb  cy_syslib.o [36]
Cy_SysLib_ProcessingFault
                        0x1008'84c9    0x2  Code  Wk  cy_syslib.o [36]
Cy_SysLib_SvcHandler    0x1008'b5b9    0xc  Code  Wk  cy_syslib.o [36]
Cy_SystemInitFpuEnable  0x1008'a8b9   0x1e  Code  Gb  system_tviibh4m_cm7.o [22]
Cy_SystemIrqUserTable   0x2802'0038  0x6ec  Data  Gb  cy_interrupt_map.o [23]
Cy_Tcpwm_Counter_ClearTC_Intr
                        0x1008'6f4f   0x10  Code  Gb  cy_tcpwm_counter.o [43]
Cy_Tcpwm_Counter_Enable
                        0x1008'6f31    0xa  Code  Gb  cy_tcpwm_counter.o [43]
Cy_Tcpwm_Counter_GetCounter
                        0x1008'6f3f    0x4  Code  Gb  cy_tcpwm_counter.o [43]
Cy_Tcpwm_Counter_Init   0x1008'6db1  0x16c  Code  Gb  cy_tcpwm_counter.o [43]
Cy_Tcpwm_Counter_SetCounter
                        0x1008'6f3b    0x4  Code  Gb  cy_tcpwm_counter.o [43]
Cy_Tcpwm_Counter_SetTC_IntrMask
                        0x1008'6f43    0xc  Code  Gb  cy_tcpwm_counter.o [43]
Cy_Tcpwm_Pwm_Enable     0x1008'2c15    0xa  Code  Gb  cy_tcpwm_pwm.o [43]
Cy_Tcpwm_Pwm_Init       0x1008'2a15  0x1e4  Code  Gb  cy_tcpwm_pwm.o [43]
Cy_Tcpwm_QuadDec_DeInit
                        0x1008'70a1   0x3e  Code  Gb  cy_tcpwm_quaddec.o [43]
Cy_Tcpwm_QuadDec_Enable
                        0x1008'70df    0xa  Code  Gb  cy_tcpwm_quaddec.o [43]
Cy_Tcpwm_QuadDec_GetCounter
                        0x1008'70ed    0x4  Code  Gb  cy_tcpwm_quaddec.o [43]
Cy_Tcpwm_QuadDec_Init   0x1008'6f61  0x12a  Code  Gb  cy_tcpwm_quaddec.o [43]
Cy_Tcpwm_QuadDec_SetCounter
                        0x1008'70e9    0x4  Code  Gb  cy_tcpwm_quaddec.o [43]
Cy_Tcpwm_TriggerReloadOrIndex
                        0x1008'2c2b    0xc  Code  Gb  cy_tcpwm.o [43]
Cy_Tcpwm_TriggerStart   0x1008'2c1f    0xc  Code  Gb  cy_tcpwm.o [43]
Cy_WorkFlashBlankCheck  0x1008'97ad   0x8c  Code  Gb  cy_mw_flash.o [13]
Cy_u32StartupStackEndAddress
                        0x1008'ad08         Data  Gb  startup_cm7.o [31]
Cy_u32StartupStackStartAddress
                        0x1008'ad04         Data  Gb  startup_cm7.o [31]
DEFAULT_PARAMS          0x1008'b124   0x30  Data  Lc  Param_Storage.o [5]
DebugMon_Handler        0x1008'b721         Code  Wk  startup_cm7.o [31]
Debug_MOTOR_UI          0x1008'40a1   0x7c  Code  Gb  Debug.o [5]
Debug_Motor             0x1008'42bd  0x3b0  Code  Gb  Debug.o [5]
Debug_Motor_PID         0x1008'4675  0x3f8  Code  Gb  Debug.o [5]
Debug_Motor_PID_UI      0x1008'411d   0x7c  Code  Gb  Debug.o [5]
Debug_Page_Menu         0x1008'4199  0x120  Code  Gb  Debug.o [5]
Debug_Page_Menu_UI      0x1008'406d   0x34  Code  Gb  Debug.o [5]
DynamicCreate_Menu_Folder
                        0x1008'71a7   0x2e  Code  Gb  common_menu.o [5]
DynamicCreate_Menu_LimitNumber
                        0x1008'71d5   0x30  Code  Gb  common_menu.o [5]
ENC_FL_CNT              0x2802'1c30    0x2  Data  Gb  Motor.o [5]
ENC_FL_SUM              0x2802'1be8    0x4  Data  Gb  Motor.o [5]
ENC_FR_CNT              0x2802'1c32    0x2  Data  Gb  Motor.o [5]
ENC_FR_SUM              0x2802'1bec    0x4  Data  Gb  Motor.o [5]
ENC_RL_CNT              0x2802'1c34    0x2  Data  Gb  Motor.o [5]
ENC_RL_SUM              0x2802'1bf0    0x4  Data  Gb  Motor.o [5]
ENC_RR_CNT              0x2802'1c36    0x2  Data  Gb  Motor.o [5]
ENC_RR_SUM              0x2802'1bf4    0x4  Data  Gb  Motor.o [5]
Flash_SyncTo_Param      0x1008'a36b   0x3c  Code  Gb  Param_Storage.o [5]
HEAP$$Base              0x2807'dc00          --   Gb  - Linker created -
HEAP$$Limit             0x2807'e000          --   Gb  - Linker created -
HEAP_STACK$$Base        0x2807'dc00          --   Gb  - Linker created -
HEAP_STACK$$Limit       0x2808'0000          --   Gb  - Linker created -
HardFault_Handler       0x1008'b28d         Code  Wk  startup_cm7.o [31]
InitRamEcc              0x1008'a653  0x100  Code  Lc  startup.o [31]
InitRamEccClearArea     0x1008'a753   0x12  Code  Lc  startup.o [31]
MemManage_Handler       0x1008'b715         Code  Wk  startup_cm7.o [31]
Menu_Show               0x1008'a985  0x120  Code  Gb  Menu.o [5]
Menu_UI                 0x1008'a94f   0x36  Code  Gb  Menu.o [5]
Motor_ALL_Zero          0x1008'5739   0x24  Code  Gb  Motor.o [5]
Motor_FL_PID            0x2802'0728   0x34  Data  Gb  PID.o [5]
Motor_FR_PID            0x2802'075c   0x34  Data  Gb  PID.o [5]
Motor_RL_PID            0x2802'0790   0x34  Data  Gb  PID.o [5]
Motor_RR_PID            0x2802'07c4   0x34  Data  Gb  PID.o [5]
Motor_Set               0x1008'56b1   0x88  Code  Gb  Motor.o [5]
Motor_init              0x1008'5629   0x88  Code  Gb  Motor.o [5]
NMI_Handler             0x1008'b711         Code  Wk  startup_cm7.o [31]
PID_ALL_Init            0x1008'584f   0x1c  Code  Gb  PID.o [5]
PID_INC_Init            0x1008'5765   0x1e  Code  Gb  PID.o [5]
PID_INC_Update          0x1008'5783   0xcc  Code  Gb  PID.o [5]
Param_Init              0x1008'a305   0x54  Code  Gb  Param_Storage.o [5]
Param_Page_Menu         0x1008'a127   0x92  Code  Gb  Param_Page.o [5]
Param_Save              0x1008'a359   0x12  Code  Gb  Param_Storage.o [5]
PendSV_Handler          0x1008'b725         Code  Wk  startup_cm7.o [31]
Peripheral_Init         0x1008'a929   0x26  Code  Gb  Menu.o [5]
Region$$Table$$Base     0x1008'b1ec          --   Gb  - Linker created -
Region$$Table$$Limit    0x1008'b20c          --   Gb  - Linker created -
Reset_Handler           0x1008'ac5d         Code  Wk  startup_cm7.o [31]
SVC_Handler             0x1008'b321         Code  Wk  startup_cm7.o [31]
SetupIndex              0x2802'08b2    0x1  Data  Lc  common_menu.o [5]
SetupNumber             0x2802'0028   0x10  Data  Lc  common_menu.o [5]
Speed_PID_Crtl          0x1008'586b   0x7c  Code  Gb  PID.o [5]
Speed_PID_Crtl_Enable   0x2802'1c3c    0x1  Data  Gb  PID.o [5]
Startup_Init            0x1008'a5c5   0x8e  Code  Gb  startup.o [31]
SysTick_Handler         0x1008'b729         Code  Wk  startup_cm7.o [31]
SystemCoreClock         0x2802'1bf8    0x4  Data  Gb  system_tviibh4m_cm7.o [22]
SystemCoreClockUpdate   0x1008'a825   0x94  Code  Gb  system_tviibh4m_cm7.o [22]
SystemInit              0x1008'a7c9   0x5c  Code  Gb  system_tviibh4m_cm7.o [22]
Time_Count1             0x2802'1c2c    0x2  Data  Gb  cm7_0_isr.o [45]
Time_Count2             0x2802'1c2e    0x2  Data  Gb  cm7_0_isr.o [45]
UsageFault_Handler      0x1008'b71d         Code  Wk  startup_cm7.o [31]
_LC                     0x1008'0081    0x6  Code  Lc  xprintffull_nomb.o [50]
_LitobFullNoMb          0x1008'0d4d  0x114  Code  Lc  xprintffull_nomb.o [50]
_PrintfFullNoMb         0x1008'0087  0xc98  Code  Gb  xprintffull_nomb.o [50]
_PutcharsFullNoMb       0x1008'0eb9   0x2e  Code  Lc  xprintffull_nomb.o [50]
_SProut                 0x1008'0fc3    0xa  Code  Gb  xsprout.o [50]
__NVIC_ClearPendingIRQ  0x1008'aac5   0x1c  Code  Lc  cy_interrupt_map.o [23]
__NVIC_ClearPendingIRQ  0x1008'3ba9   0x1c  Code  Lc  zf_common_interrupt.o [46]
__NVIC_EnableIRQ        0x1008'964d   0x1e  Code  Lc  cy_mw_flash.o [13]
__NVIC_EnableIRQ        0x1008'3b8d   0x1c  Code  Lc  zf_common_interrupt.o [46]
__NVIC_SetPriority      0x1008'966b   0x28  Code  Lc  cy_mw_flash.o [13]
__NVIC_SetPriority      0x1008'3bc5   0x24  Code  Lc  zf_common_interrupt.o [46]
__Vectors               0x1008'0000          --   Gb  startup_cm7.o [31]
__Vectors_End           0x1008'0080         Data  Gb  startup_cm7.o [31]
__Vectors_Size {Abs}           0x80          --   Gb  startup_cm7.o [31]
__aeabi_cdcmple         0x1008'11b5         Code  Gb  DblCmpLe.o [51]
__aeabi_cdrcmple        0x1008'11e9         Code  Gb  DblCmpGe.o [51]
__aeabi_d2iz            0x1008'1321    0xe  Code  Gb  DblToS32.o [51]
__aeabi_d2uiz           0x1008'1361    0xe  Code  Gb  DblToU32.o [51]
__aeabi_ddiv            0x1008'134f   0x12  Code  Gb  DblDiv.o [51]
__aeabi_dmul            0x1008'137d   0x12  Code  Gb  DblMul.o [51]
__aeabi_dsub            0x1008'133d   0x12  Code  Gb  DblSub.o [51]
[...]
fifo_head_offset        0x1008'3745   0x1a  Code  Lc  zf_common_fifo.o [46]
fifo_init               0x1008'3b4f   0x3a  Code  Gb  zf_common_fifo.o [46]
fifo_read_buffer        0x1008'39af  0x1a0  Code  Gb  zf_common_fifo.o [46]
fifo_used               0x1008'37ed   0x22  Code  Gb  zf_common_fifo.o [46]
fifo_write_buffer       0x1008'380f  0x1a0  Code  Gb  zf_common_fifo.o [46]
flash_check             0x1008'a3d5   0x42  Code  Gb  zf_driver_flash.o [49]
flash_erase_page        0x1008'a417   0x36  Code  Gb  zf_driver_flash.o [49]
flash_init              0x1008'a5a5   0x10  Code  Gb  zf_driver_flash.o [49]
flash_init_flag         0x2802'1c49    0x1  Data  Lc  zf_driver_flash.o [49]
flash_read_page_to_buffer
                        0x1008'a4cb   0x8a  Code  Gb  zf_driver_flash.o [49]
flash_union_buffer      0x2802'08bc  0x800  Data  Gb  zf_driver_flash.o [49]
flash_write_page        0x1008'a44d   0x7e  Code  Gb  zf_driver_flash.o [49]
flash_write_page_from_buffer
                        0x1008'a555   0x50  Code  Gb  zf_driver_flash.o [49]
free                    0x1008'6dad    0x4  Code  Gb  heaptramp0.o [50]
g_NB_ModeEnabled        0x2802'1c3a    0x1  Data  Lc  cy_mw_flash.o [13]
g_completeFlag          0x2802'1c39    0x1  Data  Lc  cy_mw_flash.o [13]
g_dummy                 0x2802'1be0    0x4  Data  Lc  cy_srom.o [30]
g_scratch               0x2802'1ba0   0x10  Data  Lc  cy_srom.o [30]
get_ch1_hsiom           0x1008'6819   0x26  Code  Lc  zf_driver_encoder.o [49]
get_ch1_pin             0x1008'67f3   0x26  Code  Lc  zf_driver_encoder.o [49]
get_ch2_hsiom           0x1008'6865   0x26  Code  Lc  zf_driver_encoder.o [49]
get_ch2_pin             0x1008'683f   0x26  Code  Lc  zf_driver_encoder.o [49]
get_pwm_ch              0x1008'1e29  0x368  Code  Lc  zf_driver_pwm.o [49]
get_pwm_pin             0x1008'174f  0x368  Code  Lc  zf_driver_pwm.o [49]
get_pwm_pin_hsiom       0x1008'1ab7  0x36a  Code  Lc  zf_driver_pwm.o [49]
get_uart_config         0x1008'2f77  0x20a  Code  Lc  zf_driver_uart.o [49]
gnss_flag               0x2802'1c40    0x1  Data  Gb  zf_device_gnss.o [48]
gnss_gga_state          0x2802'1c42    0x1  Data  Lc  zf_device_gnss.o [48]
gnss_receiver_fifo      0x2802'1b64   0x18  Data  Lc  zf_device_gnss.o [48]
gnss_rmc_state          0x2802'1c43    0x1  Data  Lc  zf_device_gnss.o [48]
gnss_state              0x2802'1c41    0x1  Data  Lc  zf_device_gnss.o [48]
gnss_ths_state          0x2802'1c44    0x1  Data  Lc  zf_device_gnss.o [48]
gnss_uart_callback      0x1008'9bf5   0xe2  Code  Gb  zf_device_gnss.o [48]
gp_srom_resp_handler    0x2802'1bdc    0x4  Data  Lc  cy_srom.o [30]
gpio_get_level          0x1008'6353   0x22  Code  Gb  zf_driver_gpio.o [49]
gpio_init               0x1008'6375   0x88  Code  Gb  zf_driver_gpio.o [49]
gpio_set_level          0x1008'630f   0x44  Code  Gb  zf_driver_gpio.o [49]
gps_gga_buffer          0x2802'1804   0x80  Data  Lc  zf_device_gnss.o [48]
gps_rmc_buffer          0x2802'1884   0x80  Data  Lc  zf_device_gnss.o [48]
gps_ths_buffer          0x2802'1904   0x80  Data  Lc  zf_device_gnss.o [48]
head                    0x2802'0000   0x28  Data  Gb  common_menu.o [5]
intFreqInitialized      0x2802'1c3b    0x1  Data  Gb  cy_sysclk.o [33]
internalBaseFreqInfo    0x2802'1b1c   0x18  Data  Gb  cy_sysclk.o [33]
interrupt_global_disable
                        0x1008'3bf9   0x14  Code  Gb  zf_common_interrupt.o [46]
interrupt_global_enable
                        0x1008'3be9   0x10  Code  Gb  zf_common_interrupt.o [46]
interrupt_global_flag   0x2802'1c10    0x4  Data  Lc  zf_common_interrupt.o [46]
interrupt_init          0x1008'3c39   0x36  Code  Gb  zf_common_interrupt.o [46]
interrupt_set_priority  0x1008'3c2d    0xc  Code  Gb  zf_common_interrupt.o [46]
ips200_bgcolor          0x2802'08ae    0x2  Data  Lc  zf_device_ips200.o [48]
ips200_clear            0x1008'4dad   0x92  Code  Gb  zf_device_ips200.o [48]
ips200_debug_init       0x1008'4d43   0x68  Code  Lc  zf_device_ips200.o [48]
ips200_display_dir      0x2802'1c46    0x1  Data  Lc  zf_device_ips200.o [48]
ips200_display_font     0x2802'08b5    0x1  Data  Lc  zf_device_ips200.o [48]
ips200_display_type     0x2802'1c45    0x1  Data  Lc  zf_device_ips200.o [48]
ips200_height_max       0x2802'08aa    0x2  Data  Gb  zf_device_ips200.o [48]
ips200_init             0x1008'51ab  0x34a  Code  Gb  zf_device_ips200.o [48]
ips200_pencolor         0x2802'08ac    0x2  Data  Lc  zf_device_ips200.o [48]
ips200_printf           0x1008'5181   0x2a  Code  Gb  zf_device_ips200.o [48]
ips200_set_color        0x1008'4e7d    0xe  Code  Gb  zf_device_ips200.o [48]
ips200_set_dir          0x1008'4e3f   0x3e  Code  Gb  zf_device_ips200.o [48]
ips200_set_region       0x1008'4c7d   0xc6  Code  Lc  zf_device_ips200.o [48]
ips200_show_char        0x1008'4e8b  0x206  Code  Gb  zf_device_ips200.o [48]
ips200_show_string      0x1008'5095   0xaa  Code  Gb  zf_device_ips200.o [48]
ips200_width_max        0x2802'08a8    0x2  Data  Gb  zf_device_ips200.o [48]
ips200_write_16bit_data
                        0x1008'4bc7   0x54  Code  Gb  zf_device_ips200.o [48]
ips200_write_16bit_data_array
                        0x1008'4c1b   0x62  Code  Lc  zf_device_ips200.o [48]
ips200_write_8bit_data  0x1008'4b89   0x3e  Code  Lc  zf_device_ips200.o [48]
ips200_write_command    0x1008'4b2b   0x5e  Code  Lc  zf_device_ips200.o [48]
ips200_write_data       0x1008'4b21    0xa  Code  Lc  zf_device_ips200.o [48]
ips_bl_pin              0x2802'08b7    0x1  Data  Lc  zf_device_ips200.o [48]
ips_cs_pin              0x2802'08b8    0x1  Data  Lc  zf_device_ips200.o [48]
ips_rst_pin             0x2802'08b6    0x1  Data  Lc  zf_device_ips200.o [48]
key                     0x2802'1bd8    0x4  Data  Gb  common_menu.o [5]
key_clear_state         0x1008'55c1    0xa  Code  Gb  zf_device_key.o [48]
key_down                0x1008'74d7   0x14  Code  Lc  common_menu.o [5]
key_down_btn            0x1008'79a9   0x18  Code  Gb  common_menu.o [5]
key_enter               0x1008'74eb   0x1a  Code  Lc  common_menu.o [5]
key_enter_btn           0x1008'79c1   0x26  Code  Gb  common_menu.o [5]
key_get_state           0x1008'55b9    0x8  Code  Gb  zf_device_key.o [48]
key_index               0x1008'b70c    0x4  Data  Lc  zf_device_key.o [48]
key_init                0x1008'55cb   0x4a  Code  Gb  zf_device_key.o [48]
key_plus                0x1008'757d  0x20a  Code  Lc  common_menu.o [5]
key_press_time          0x2802'1bb0   0x10  Data  Lc  zf_device_key.o [48]
key_quit_btn            0x1008'79e7   0x28  Code  Gb  common_menu.o [5]
key_scanner             0x1008'5525   0x94  Code  Gb  zf_device_key.o [48]
key_select              0x1008'7505   0x28  Code  Lc  common_menu.o [5]
key_state               0x2802'1c18    0x4  Data  Lc  zf_device_key.o [48]
key_sub                 0x1008'778d  0x204  Code  Lc  common_menu.o [5]
key_toggle              0x1008'7531   0x24  Code  Lc  common_menu.o [5]
key_up                  0x1008'74c3   0x14  Code  Lc  common_menu.o [5]
key_up_btn              0x1008'7991   0x18  Code  Gb  common_menu.o [5]
ldexp                   0x1008'1231         Code  Gb  ldexp.o [51]
ldexpl                  0x1008'1231         Code  Gb  ldexp.o [51]
load_default            0x1008'a1e9   0x28  Code  Lc  Param_Storage.o [5]
main                    0x1008'b155   0x30  Code  Gb  main_cm7_0.o [45]
memchr                  0x1008'1045         Code  Gb  memchr.o [52]
menu_arr_index          0x2802'1c38    0x1  Data  Lc  common_menu.o [5]
menu_flag               0x2802'08b3    0x1  Data  Gb  Menu.o [5]
menu_item_arr           0x2802'10bc  0x3c0  Data  Lc  common_menu.o [5]
menu_reset              0x1008'7a0f   0x30  Code  Gb  common_menu.o [5]
menu_show               0x1008'7493   0x24  Code  Gb  common_menu.o [5]
menu_show_all           0x1008'74b7    0xc  Code  Gb  common_menu.o [5]
param_cache             0x2802'1aec   0x30  Data  Gb  Param_Storage.o [5]
param_cache_is_valid    0x1008'a261   0xa4  Code  Lc  Param_Storage.o [5]
param_page_init         0x1008'9fd1  0x156  Code  Lc  Param_Page.o [5]
pit0_ch0_isr            0x1008'9929   0x3a  Code  Gb  cm7_0_isr.o [45]
pit0_ch10_isr           0x1008'9a51    0xa  Code  Gb  cm7_0_isr.o [45]
pit0_ch11_isr           0x1008'9a5b    0xa  Code  Gb  cm7_0_isr.o [45]
pit0_ch12_isr           0x1008'9a65    0xa  Code  Gb  cm7_0_isr.o [45]
pit0_ch13_isr           0x1008'9a6f    0xa  Code  Gb  cm7_0_isr.o [45]
pit0_ch14_isr           0x1008'9a79    0xa  Code  Gb  cm7_0_isr.o [45]
pit0_ch15_isr           0x1008'9a83    0xa  Code  Gb  cm7_0_isr.o [45]
pit0_ch16_isr           0x1008'9a8d    0xa  Code  Gb  cm7_0_isr.o [45]
pit0_ch17_isr           0x1008'9a97    0xa  Code  Gb  cm7_0_isr.o [45]
pit0_ch18_isr           0x1008'9aa1    0xa  Code  Gb  cm7_0_isr.o [45]
pit0_ch19_isr           0x1008'9aab    0xa  Code  Gb  cm7_0_isr.o [45]
pit0_ch1_isr            0x1008'9963   0xe4  Code  Gb  cm7_0_isr.o [45]
pit0_ch20_isr           0x1008'9ab5    0xa  Code  Gb  cm7_0_isr.o [45]
pit0_ch21_isr           0x1008'9abf    0xe  Code  Gb  cm7_0_isr.o [45]
pit0_ch2_isr            0x1008'9a47    0xa  Code  Gb  cm7_0_isr.o [45]
pit_init                0x1008'9449  0x1ee  Code  Gb  zf_driver_pit.o [49]
pit_isr_flag_clear      0x1008'941f   0x2a  Code  Gb  zf_driver_pit.o [49]
pit_isr_func            0x2802'0824   0x3c  Data  Gb  zf_driver_pit.o [49]
programSizeBytesLut     0x1008'b4c0   0x14  Data  Lc  cy_flash.o [12]
pwm_all_channel_close   0x1008'2191   0x1a  Code  Gb  zf_driver_pwm.o [49]
pwm_init                0x1008'2205  0x1e4  Code  Gb  zf_driver_pwm.o [49]
pwm_set_duty            0x1008'21ab   0x5a  Code  Gb  zf_driver_pwm.o [49]
sar_adc                 0x2802'0800    0xc  Data  Lc  zf_driver_adc.o [49]
scalbln                 0x1008'1231         Code  Gb  ldexp.o [51]
scalblnl                0x1008'1231         Code  Gb  ldexp.o [51]
scalbn                  0x1008'1231         Code  Gb  ldexp.o [51]
scalbnl                 0x1008'1231         Code  Gb  ldexp.o [51]
scale                   0x1008'0e61   0x46  Code  Lc  xprintffull_nomb.o [50]
scanner_period          0x2802'1c14    0x4  Data  Lc  zf_device_key.o [48]
scb_module              0x2802'088c   0x1c  Data  Gb  zf_driver_uart.o [49]
sec_hand                0x2802'1c28    0x4  Data  Lc  xfail_s.o [50]
setup_ctrl_plus         0x1008'7555   0x16  Code  Lc  common_menu.o [5]
show_data               0x1008'736d  0x126  Code  Lc  common_menu.o [5]
show_key                0x1008'7325   0x40  Code  Lc  common_menu.o [5]
show_setup              0x1008'7245   0x82  Code  Lc  common_menu.o [5]
show_task               0x1008'72c7   0x5e  Code  Lc  common_menu.o [5]
show_title              0x1008'7205   0x40  Code  Lc  common_menu.o [5]
spi_get_clk_hsiom       0x1008'5bc1   0x28  Code  Lc  zf_driver_spi.o [49]
spi_get_clk_pin         0x1008'5b05   0x28  Code  Lc  zf_driver_spi.o [49]
spi_get_cs_hsiom        0x1008'5c39   0x44  Code  Lc  zf_driver_spi.o [49]
spi_get_cs_pin          0x1008'5b7d   0x44  Code  Lc  zf_driver_spi.o [49]
spi_get_miso_hsiom      0x1008'5c11   0x28  Code  Lc  zf_driver_spi.o [49]
spi_get_miso_pin        0x1008'5b55   0x28  Code  Lc  zf_driver_spi.o [49]
spi_get_mosi_hsiom      0x1008'5be9   0x28  Code  Lc  zf_driver_spi.o [49]
spi_get_mosi_pin        0x1008'5b2d   0x28  Code  Lc  zf_driver_spi.o [49]
spi_init                0x1008'5fdd  0x2b2  Code  Gb  zf_driver_spi.o [49]
spi_module              0x2802'0860   0x10  Data  Gb  zf_driver_spi.o [49]
spi_write_16bit         0x1008'5e63   0xaa  Code  Gb  zf_driver_spi.o [49]
spi_write_16bit_array   0x1008'5f0d   0xb6  Code  Gb  zf_driver_spi.o [49]
spi_write_8bit          0x1008'5db9   0xaa  Code  Gb  zf_driver_spi.o [49]
sprintf                 0x1008'3705   0x40  Code  Gb  sprintf.o [50]
strchr                  0x1008'0fad         Code  Gb  strchr.o [52]
strlen                  0x1008'100d         Code  Gb  strlen.o [52]
strncmp                 0x1008'9d7d   0x2a  Code  Gb  strncmp.o [50]
strncpy                 0x1008'8361         Code  Gb  strncpy.o [52]
switch_transition_length
                        0x1008'5c7d  0x13c  Code  Lc  zf_driver_spi.o [49]
system_clock            0x2802'1c0c    0x4  Data  Gb  zf_common_clock.o [46]
system_delay_init       0x1008'65c3   0xa6  Code  Gb  zf_driver_delay.o [49]
system_delay_ms         0x1008'6565   0x5e  Code  Gb  zf_driver_delay.o [49]
timer_ch                0x2802'08b9    0x1  Data  Lc  zf_driver_delay.o [49]
tsl1401_collect_pit_handler
                        0x1008'9b79   0x68  Code  Gb  zf_device_tsl1401.o [48]
tsl1401_data            0x2802'147c  0x200  Data  Gb  zf_device_tsl1401.o [48]
tsl1401_finish_flag     0x2802'1c48    0x1  Data  Gb  zf_device_tsl1401.o [48]
tsl1401_init_state      0x2802'1c47    0x1  Data  Lc  zf_device_tsl1401.o [48]
type_default_callback   0x1008'b74d    0x2  Code  Lc  zf_device_type.o [48]
uart0_isr               0x1008'9acd   0x12  Code  Gb  cm7_0_isr.o [45]
uart1_isr               0x1008'9adf   0x14  Code  Gb  cm7_0_isr.o [45]
uart2_isr               0x1008'9af3   0x12  Code  Gb  cm7_0_isr.o [45]
uart3_isr               0x1008'9b05    0xa  Code  Gb  cm7_0_isr.o [45]
uart4_isr               0x1008'9b0f   0x14  Code  Gb  cm7_0_isr.o [45]
uart5_isr               0x1008'9b65    0xa  Code  Gb  cm7_0_isr.o [45]
uart6_isr               0x1008'9b6f    0xa  Code  Gb  cm7_0_isr.o [45]
uart_context            0x2802'167c  0x188  Data  Gb  zf_driver_uart.o [49]
uart_data_buffer        0x2802'19f4   0x70  Data  Lc  zf_driver_uart.o [49]
uart_data_buffer_count  0x2802'1bc0    0x8  Data  Lc  zf_driver_uart.o [49]
uart_data_refresh       0x2802'1bc8    0x8  Data  Lc  zf_driver_uart.o [49]
uart_init               0x1008'3505  0x1c0  Code  Gb  zf_driver_uart.o [49]
uart_isr_func           0x2802'0870   0x1c  Data  Gb  zf_driver_uart.o [49]
uart_isr_mask           0x1008'2e7d   0xfa  Code  Gb  zf_driver_uart.o [49]
uart_query_byte         0x1008'31c5   0x74  Code  Gb  zf_driver_uart.o [49]
uart_receiver_handler   0x2802'07fc    0x4  Data  Gb  zf_device_type.o [48]
uart_rx_interrupt       0x1008'3355  0x1a8  Code  Gb  zf_driver_uart.o [49]
uart_tx_interrupt       0x1008'3239  0x11c  Code  Gb  zf_driver_uart.o [49]
uart_write_byte         0x1008'3181   0x28  Code  Gb  zf_driver_uart.o [49]
uart_write_string       0x1008'31a9   0x1c  Code  Gb  zf_driver_uart.o [49]
vsprintf                0x1008'62bd   0x34  Code  Gb  vsprintf.o [50]
wireless_module_uart_handler
                        0x2802'07f8    0x4  Data  Gb  zf_device_type.o [48]
zf_debug_assert_enable  0x2802'08b4    0x1  Data  Lc  zf_common_debug.o [46]
zf_debug_init_flag      0x2802'1c3d    0x1  Data  Lc  zf_common_debug.o [46]


[1] = D:\Project\Code\CYT4BB7\M-Car-Project\project\iar\Debug_m7_0\Obj\adc_11722776235721520015.dir
[2] = D:\Project\Code\CYT4BB7\M-Car-Project\project\iar\Debug_m7_0\Obj\audioss_1346650047966882938.dir
[3] = D:\Project\Code\CYT4BB7\M-Car-Project\project\iar\Debug_m7_0\Obj\button_4990804375159372270.dir
[4] = D:\Project\Code\CYT4BB7\M-Car-Project\project\iar\Debug_m7_0\Obj\canfd_1800690984773873875.dir
[5] = D:\Project\Code\CYT4BB7\M-Car-Project\project\iar\Debug_m7_0\Obj\code_17896468042025673432.dir
[6] = D:\Project\Code\CYT4BB7\M-Car-Project\project\iar\Debug_m7_0\Obj\cpu_15938736945165268644.dir
[7] = D:\Project\Code\CYT4BB7\M-Car-Project\project\iar\Debug_m7_0\Obj\crypto_1190170608956581615.dir
[8] = D:\Project\Code\CYT4BB7\M-Car-Project\project\iar\Debug_m7_0\Obj\dma_12106025507578611576.dir
[9] = D:\Project\Code\CYT4BB7\M-Car-Project\project\iar\Debug_m7_0\Obj\eth_phy_18133017486186456677.dir
[10] = D:\Project\Code\CYT4BB7\M-Car-Project\project\iar\Debug_m7_0\Obj\ethernet_6029839089178797009.dir
[11] = D:\Project\Code\CYT4BB7\M-Car-Project\project\iar\Debug_m7_0\Obj\evtgen_3404189088603873129.dir
[12] = D:\Project\Code\CYT4BB7\M-Car-Project\project\iar\Debug_m7_0\Obj\flash_8529866181315662935.dir
[13] = D:\Project\Code\CYT4BB7\M-Car-Project\project\iar\Debug_m7_0\Obj\flash_864493325053435817.dir
[14] = D:\Project\Code\CYT4BB7\M-Car-Project\project\iar\Debug_m7_0\Obj\gpio_3999404635324069351.dir
[15] = D:\Project\Code\CYT4BB7\M-Car-Project\project\iar\Debug_m7_0\Obj\ipc_10145506163450686023.dir
[16] = D:\Project\Code\CYT4BB7\M-Car-Project\project\iar\Debug_m7_0\Obj\lin_18429031207028094880.dir
[17] = D:\Project\Code\CYT4BB7\M-Car-Project\project\iar\Debug_m7_0\Obj\lvd_6353935867039560245.dir
[18] = D:\Project\Code\CYT4BB7\M-Car-Project\project\iar\Debug_m7_0\Obj\mcwdt_4052485907822033969.dir
[19] = D:\Project\Code\CYT4BB7\M-Car-Project\project\iar\Debug_m7_0\Obj\mpu_5663187252346826382.dir
[20] = D:\Project\Code\CYT4BB7\M-Car-Project\project\iar\Debug_m7_0\Obj\power_14453085144426420577.dir
[21] = D:\Project\Code\CYT4BB7\M-Car-Project\project\iar\Debug_m7_0\Obj\prot_10722960861768657883.dir
[22] = D:\Project\Code\CYT4BB7\M-Car-Project\project\iar\Debug_m7_0\Obj\rev_b_4986922561640112550.dir
[23] = D:\Project\Code\CYT4BB7\M-Car-Project\project\iar\Debug_m7_0\Obj\rev_b_6162237342861132223.dir
[24] = D:\Project\Code\CYT4BB7\M-Car-Project\project\iar\Debug_m7_0\Obj\scb_15490842639181808494.dir
[25] = D:\Project\Code\CYT4BB7\M-Car-Project\project\iar\Debug_m7_0\Obj\sd_host_2982766354293506895.dir
[26] = D:\Project\Code\CYT4BB7\M-Car-Project\project\iar\Debug_m7_0\Obj\semihosting_143864889731838620.dir
[27] = D:\Project\Code\CYT4BB7\M-Car-Project\project\iar\Debug_m7_0\Obj\smartio_5451710003740070188.dir
[28] = D:\Project\Code\CYT4BB7\M-Car-Project\project\iar\Debug_m7_0\Obj\smif_427648126384146252.dir
[29] = D:\Project\Code\CYT4BB7\M-Car-Project\project\iar\Debug_m7_0\Obj\smif_mem_6470536964353725183.dir
[30] = D:\Project\Code\CYT4BB7\M-Car-Project\project\iar\Debug_m7_0\Obj\srom_13018798572330080582.dir
[31] = D:\Project\Code\CYT4BB7\M-Car-Project\project\iar\Debug_m7_0\Obj\startup_479057977785470282.dir
[32] = D:\Project\Code\CYT4BB7\M-Car-Project\project\iar\Debug_m7_0\Obj\sw_timer_4215635015939382130.dir
[33] = D:\Project\Code\CYT4BB7\M-Car-Project\project\iar\Debug_m7_0\Obj\sysclk_16149231235676103872.dir
[34] = D:\Project\Code\CYT4BB7\M-Car-Project\project\iar\Debug_m7_0\Obj\sysflt_12293435975120599261.dir
[35] = D:\Project\Code\CYT4BB7\M-Car-Project\project\iar\Debug_m7_0\Obj\sysint_7435970359207984181.dir
[36] = D:\Project\Code\CYT4BB7\M-Car-Project\project\iar\Debug_m7_0\Obj\syslib_16330585751512546975.dir
[37] = D:\Project\Code\CYT4BB7\M-Car-Project\project\iar\Debug_m7_0\Obj\syspm_10887939769544754770.dir
[38] = D:\Project\Code\CYT4BB7\M-Car-Project\project\iar\Debug_m7_0\Obj\sysreghc_17676636058511625587.dir
[39] = D:\Project\Code\CYT4BB7\M-Car-Project\project\iar\Debug_m7_0\Obj\sysreset_14586141425677365288.dir
[40] = D:\Project\Code\CYT4BB7\M-Car-Project\project\iar\Debug_m7_0\Obj\sysrtc_10747768817563771611.dir
[41] = D:\Project\Code\CYT4BB7\M-Car-Project\project\iar\Debug_m7_0\Obj\systick_16016591671695740695.dir
[42] = D:\Project\Code\CYT4BB7\M-Car-Project\project\iar\Debug_m7_0\Obj\syswdt_9118657615806274156.dir
[43] = D:\Project\Code\CYT4BB7\M-Car-Project\project\iar\Debug_m7_0\Obj\tcpwm_422923530147891246.dir
[44] = D:\Project\Code\CYT4BB7\M-Car-Project\project\iar\Debug_m7_0\Obj\trigmux_9729677290734583340.dir
[45] = D:\Project\Code\CYT4BB7\M-Car-Project\project\iar\Debug_m7_0\Obj\user_8514941877209965082.dir
[46] = D:\Project\Code\CYT4BB7\M-Car-Project\project\iar\Debug_m7_0\Obj\zf_common_1201165462030747823.dir
[47] = D:\Project\Code\CYT4BB7\M-Car-Project\project\iar\Debug_m7_0\Obj\zf_components_14936052685886095442.dir
[48] = D:\Project\Code\CYT4BB7\M-Car-Project\project\iar\Debug_m7_0\Obj\zf_device_6570275422786408770.dir
[49] = D:\Project\Code\CYT4BB7\M-Car-Project\project\iar\Debug_m7_0\Obj\zf_driver_11922370083829174090.dir
[50] = dl7M_tln.a
[51] = m7M_tlv.a
[52] = rt7M_tl.a
[53] = shb_l.a
[54] = zf_device_config.a

  42'678 bytes of readonly  code memory
   4'493 bytes of readonly  data memory
  16'584 bytes of readwrite data memory

Errors: none
Warnings: none
